Info: Starting: Create HDL design files for synthesis
Info: qsys-generate D:\Projects\ESD\tasks_1506\Quartus\IR_LCD_1506\kernel.qsys --synthesis=VERILOG --output-directory=D:\Projects\ESD\tasks_1506\Quartus\IR_LCD_1506\kernel\synthesis --family="Cyclone IV E" --part=EP4CE115F29C7
Progress: Loading IR_LCD_1506/kernel.qsys
Progress: Reading input file
Progress: Adding IR_1506 [IR_1506 1.0]
Progress: Parameterizing module IR_1506
Progress: Adding LCD_1506 [LCD__1506 1.0]
Progress: Parameterizing module LCD_1506
Progress: Adding clk [clock_source 15.0]
Progress: Parameterizing module clk
Progress: Adding jtag_uart [altera_avalon_jtag_uart 15.0]
Progress: Parameterizing module jtag_uart
Progress: Adding new_sdram_controller [altera_avalon_new_sdram_controller 15.0]
Progress: Parameterizing module new_sdram_controller
Progress: Adding nios2_gen2 [altera_nios2_gen2 15.0]
Progress: Parameterizing module nios2_gen2
Progress: Adding sysid_qsys [altera_avalon_sysid_qsys 15.0]
Progress: Parameterizing module sysid_qsys
Progress: Building connections
Progress: Parameterizing connections
Progress: Validating
Progress: Done reading input file
Info: kernel.sysid_qsys: System ID is not assigned automatically. Edit the System ID parameter to provide a unique ID
Info: kernel.sysid_qsys: Time stamp will be automatically updated when this component is generated.
Info: kernel: Generating kernel "kernel" for QUARTUS_SYNTH
Info: IR_1506: "kernel" instantiated IR_1506 "IR_1506"
Info: LCD_1506: "kernel" instantiated LCD__1506 "LCD_1506"
Info: jtag_uart: Starting RTL generation for module 'kernel_jtag_uart'
Info: jtag_uart:   Generation command is [exec C:/altera/15.0/quartus/bin64/perl/bin/perl.exe -I C:/altera/15.0/quartus/bin64/perl/lib -I C:/altera/15.0/quartus/sopc_builder/bin/europa -I C:/altera/15.0/quartus/sopc_builder/bin/perl_lib -I C:/altera/15.0/quartus/sopc_builder/bin -I C:/altera/15.0/quartus/../ip/altera/sopc_builder_ip/common -I C:/altera/15.0/quartus/../ip/altera/sopc_builder_ip/altera_avalon_jtag_uart -- C:/altera/15.0/quartus/../ip/altera/sopc_builder_ip/altera_avalon_jtag_uart/generate_rtl.pl --name=kernel_jtag_uart --dir=C:/Users/kingi/AppData/Local/Temp/alt7407_3510251204805631502.dir/0003_jtag_uart_gen/ --quartus_dir=C:/altera/15.0/quartus --verilog --config=C:/Users/kingi/AppData/Local/Temp/alt7407_3510251204805631502.dir/0003_jtag_uart_gen//kernel_jtag_uart_component_configuration.pl  --do_build_sim=0  ]
Info: jtag_uart: Done RTL generation for module 'kernel_jtag_uart'
Info: jtag_uart: "kernel" instantiated altera_avalon_jtag_uart "jtag_uart"
Info: new_sdram_controller: Starting RTL generation for module 'kernel_new_sdram_controller'
Info: new_sdram_controller:   Generation command is [exec C:/altera/15.0/quartus/bin64/perl/bin/perl.exe -I C:/altera/15.0/quartus/bin64/perl/lib -I C:/altera/15.0/quartus/sopc_builder/bin/europa -I C:/altera/15.0/quartus/sopc_builder/bin/perl_lib -I C:/altera/15.0/quartus/sopc_builder/bin -I C:/altera/15.0/quartus/../ip/altera/sopc_builder_ip/common -I C:/altera/15.0/quartus/../ip/altera/sopc_builder_ip/altera_avalon_new_sdram_controller -- C:/altera/15.0/quartus/../ip/altera/sopc_builder_ip/altera_avalon_new_sdram_controller/generate_rtl.pl --name=kernel_new_sdram_controller --dir=C:/Users/kingi/AppData/Local/Temp/alt7407_3510251204805631502.dir/0004_new_sdram_controller_gen/ --quartus_dir=C:/altera/15.0/quartus --verilog --config=C:/Users/kingi/AppData/Local/Temp/alt7407_3510251204805631502.dir/0004_new_sdram_controller_gen//kernel_new_sdram_controller_component_configuration.pl  --do_build_sim=0  ]
Info: new_sdram_controller: Done RTL generation for module 'kernel_new_sdram_controller'
Info: new_sdram_controller: "kernel" instantiated altera_avalon_new_sdram_controller "new_sdram_controller"
Info: nios2_gen2: "kernel" instantiated altera_nios2_gen2 "nios2_gen2"
Info: sysid_qsys: "kernel" instantiated altera_avalon_sysid_qsys "sysid_qsys"
Info: avalon_st_adapter: Inserting error_adapter: error_adapter_0
Info: avalon_st_adapter_001: Inserting error_adapter: error_adapter_0
Info: avalon_st_adapter_002: Inserting error_adapter: error_adapter_0
Info: avalon_st_adapter_003: Inserting error_adapter: error_adapter_0
Info: avalon_st_adapter_004: Inserting error_adapter: error_adapter_0
Info: avalon_st_adapter_005: Inserting error_adapter: error_adapter_0
Info: mm_interconnect_0: "kernel" instantiated altera_mm_interconnect "mm_interconnect_0"
Info: irq_mapper: "kernel" instantiated altera_irq_mapper "irq_mapper"
Info: rst_controller: "kernel" instantiated altera_reset_controller "rst_controller"
Info: cpu: Starting RTL generation for module 'kernel_nios2_gen2_cpu'
Info: cpu:   Generation command is [exec C:/altera/15.0/quartus/bin64/eperlcmd.exe -I C:/altera/15.0/quartus/bin64/perl/lib -I C:/altera/15.0/quartus/sopc_builder/bin/europa -I C:/altera/15.0/quartus/sopc_builder/bin/perl_lib -I C:/altera/15.0/quartus/sopc_builder/bin -I C:/altera/15.0/quartus/../ip/altera/nios2_ip/altera_nios2_gen2/cpu_lib -I C:/altera/15.0/quartus/../ip/altera/nios2_ip/altera_nios2_gen2/nios_lib -I C:/altera/15.0/quartus/../ip/altera/nios2_ip/altera_nios2_gen2 -I C:/altera/15.0/quartus/../ip/altera/nios2_ip/altera_nios2_gen2 -- C:/altera/15.0/quartus/../ip/altera/nios2_ip/altera_nios2_gen2/generate_rtl.epl --name=kernel_nios2_gen2_cpu --dir=C:/Users/kingi/AppData/Local/Temp/alt7407_3510251204805631502.dir/0008_cpu_gen/ --quartus_bindir=C:/altera/15.0/quartus/bin64 --verilog --config=C:/Users/kingi/AppData/Local/Temp/alt7407_3510251204805631502.dir/0008_cpu_gen//kernel_nios2_gen2_cpu_processor_configuration.pl  --do_build_sim=0  ]
Info: cpu: # 2017.08.30 01:28:19 (*) Starting Nios II generation
Info: cpu: # 2017.08.30 01:28:19 (*)   Checking for plaintext license.
Info: cpu: # 2017.08.30 01:28:20 (*)   Plaintext license not found.
Info: cpu: # 2017.08.30 01:28:20 (*)   Checking for encrypted license (non-evaluation).
Info: cpu: # 2017.08.30 01:28:22 (*)   Encrypted license found.  SOF will not be time-limited.
Info: cpu: # 2017.08.30 01:28:22 (*)   Elaborating CPU configuration settings
Info: cpu: # 2017.08.30 01:28:22 (*)   Creating all objects for CPU
Info: cpu: # 2017.08.30 01:28:22 (*)     Testbench
Info: cpu: # 2017.08.30 01:28:22 (*)     Instruction decoding
Info: cpu: # 2017.08.30 01:28:22 (*)       Instruction fields
Info: cpu: # 2017.08.30 01:28:23 (*)       Instruction decodes
Info: cpu: # 2017.08.30 01:28:23 (*)       Signals for RTL simulation waveforms
Info: cpu: # 2017.08.30 01:28:24 (*)       Instruction controls
Info: cpu: # 2017.08.30 01:28:24 (*)     Pipeline frontend
Info: cpu: # 2017.08.30 01:28:24 (*)     Pipeline backend
Info: cpu: # 2017.08.30 01:28:26 (*)   Generating RTL from CPU objects
Info: cpu: # 2017.08.30 01:28:29 (*)   Creating encrypted RTL
Info: cpu: # 2017.08.30 01:28:30 (*) Done Nios II generation
Info: cpu: Done RTL generation for module 'kernel_nios2_gen2_cpu'
Info: cpu: "nios2_gen2" instantiated altera_nios2_gen2_unit "cpu"
Info: nios2_gen2_data_master_translator: "mm_interconnect_0" instantiated altera_merlin_master_translator "nios2_gen2_data_master_translator"
Info: jtag_uart_avalon_jtag_slave_translator: "mm_interconnect_0" instantiated altera_merlin_slave_translator "jtag_uart_avalon_jtag_slave_translator"
Info: nios2_gen2_data_master_agent: "mm_interconnect_0" instantiated altera_merlin_master_agent "nios2_gen2_data_master_agent"
Info: jtag_uart_avalon_jtag_slave_agent: "mm_interconnect_0" instantiated altera_merlin_slave_agent "jtag_uart_avalon_jtag_slave_agent"
Info: jtag_uart_avalon_jtag_slave_agent_rsp_fifo: "mm_interconnect_0" instantiated altera_avalon_sc_fifo "jtag_uart_avalon_jtag_slave_agent_rsp_fifo"
Info: router: "mm_interconnect_0" instantiated altera_merlin_router "router"
Info: router_001: "mm_interconnect_0" instantiated altera_merlin_router "router_001"
Info: router_002: "mm_interconnect_0" instantiated altera_merlin_router "router_002"
Info: router_006: "mm_interconnect_0" instantiated altera_merlin_router "router_006"
Info: nios2_gen2_instruction_master_limiter: "mm_interconnect_0" instantiated altera_merlin_traffic_limiter "nios2_gen2_instruction_master_limiter"
Info: Reusing file D:/Projects/ESD/tasks_1506/Quartus/IR_LCD_1506/kernel/synthesis/submodules/altera_avalon_sc_fifo.v
Info: cmd_demux: "mm_interconnect_0" instantiated altera_merlin_demultiplexer "cmd_demux"
Info: cmd_demux_001: "mm_interconnect_0" instantiated altera_merlin_demultiplexer "cmd_demux_001"
Info: cmd_mux: "mm_interconnect_0" instantiated altera_merlin_multiplexer "cmd_mux"
Info: cmd_mux_004: "mm_interconnect_0" instantiated altera_merlin_multiplexer "cmd_mux_004"
Info: Reusing file D:/Projects/ESD/tasks_1506/Quartus/IR_LCD_1506/kernel/synthesis/submodules/altera_merlin_arbitrator.sv
Info: rsp_demux: "mm_interconnect_0" instantiated altera_merlin_demultiplexer "rsp_demux"
Info: rsp_demux_004: "mm_interconnect_0" instantiated altera_merlin_demultiplexer "rsp_demux_004"
Info: rsp_mux: "mm_interconnect_0" instantiated altera_merlin_multiplexer "rsp_mux"
Info: Reusing file D:/Projects/ESD/tasks_1506/Quartus/IR_LCD_1506/kernel/synthesis/submodules/altera_merlin_arbitrator.sv
Info: rsp_mux_001: "mm_interconnect_0" instantiated altera_merlin_multiplexer "rsp_mux_001"
Info: Reusing file D:/Projects/ESD/tasks_1506/Quartus/IR_LCD_1506/kernel/synthesis/submodules/altera_merlin_arbitrator.sv
Info: avalon_st_adapter: "mm_interconnect_0" instantiated altera_avalon_st_adapter "avalon_st_adapter"
Info: error_adapter_0: "avalon_st_adapter" instantiated error_adapter "error_adapter_0"
Info: kernel: Done "kernel" with 31 modules, 51 files
Info: ip-generate succeeded.
Info: Finished: Create HDL design files for synthesis
