Archive member included because of file (symbol)

.\CortexM3\ARM_GCC_493\Debug\Voice_Recorder_1506.a(cyfitter_cfg.o)
                              .\CortexM3\ARM_GCC_493\Debug\Cm3Start.o (cyfitter_cfg)
.\CortexM3\ARM_GCC_493\Debug\Voice_Recorder_1506.a(LCD_1506.o)
                              .\CortexM3\ARM_GCC_493\Debug\main_1506.o (LCD_1506_WriteControl)
.\CortexM3\ARM_GCC_493\Debug\Voice_Recorder_1506.a(VDAC_1506.o)
                              .\CortexM3\ARM_GCC_493\Debug\main_1506.o (VDAC_1506_Start)
.\CortexM3\ARM_GCC_493\Debug\Voice_Recorder_1506.a(USBUART_1506.o)
                              .\CortexM3\ARM_GCC_493\Debug\main_1506.o (USBUART_1506_Start)
.\CortexM3\ARM_GCC_493\Debug\Voice_Recorder_1506.a(USBUART_1506_cdc.o)
                              .\CortexM3\ARM_GCC_493\Debug\main_1506.o (USBUART_1506_CDC_Init)
.\CortexM3\ARM_GCC_493\Debug\Voice_Recorder_1506.a(USBUART_1506_drv.o)
                              .\CortexM3\ARM_GCC_493\Debug\Voice_Recorder_1506.a(USBUART_1506.o) (USBUART_1506_EP)
.\CortexM3\ARM_GCC_493\Debug\Voice_Recorder_1506.a(USBUART_1506_episr.o)
                              .\CortexM3\ARM_GCC_493\Debug\Voice_Recorder_1506.a(USBUART_1506.o) (USBUART_1506_EP_1_ISR)
.\CortexM3\ARM_GCC_493\Debug\Voice_Recorder_1506.a(USBUART_1506_pm.o)
                              .\CortexM3\ARM_GCC_493\Debug\Voice_Recorder_1506.a(USBUART_1506.o) (USBUART_1506_DP_ISR)
.\CortexM3\ARM_GCC_493\Debug\Voice_Recorder_1506.a(USBUART_1506_std.o)
                              .\CortexM3\ARM_GCC_493\Debug\Voice_Recorder_1506.a(USBUART_1506_drv.o) (USBUART_1506_HandleStandardRqst)
.\CortexM3\ARM_GCC_493\Debug\Voice_Recorder_1506.a(USBUART_1506_vnd.o)
                              .\CortexM3\ARM_GCC_493\Debug\Voice_Recorder_1506.a(USBUART_1506_drv.o) (USBUART_1506_HandleVendorRqst)
.\CortexM3\ARM_GCC_493\Debug\Voice_Recorder_1506.a(ADC_1506.o)
                              .\CortexM3\ARM_GCC_493\Debug\main_1506.o (ADC_1506_Start)
.\CortexM3\ARM_GCC_493\Debug\Voice_Recorder_1506.a(ADC_1506_INT.o)
                              .\CortexM3\ARM_GCC_493\Debug\Voice_Recorder_1506.a(ADC_1506.o) (ADC_1506_ISR1)
.\CortexM3\ARM_GCC_493\Debug\Voice_Recorder_1506.a(Opamp_1506.o)
                              .\CortexM3\ARM_GCC_493\Debug\main_1506.o (Opamp_1506_Start)
.\CortexM3\ARM_GCC_493\Debug\Voice_Recorder_1506.a(USBUART_1506_Dp.o)
                              .\CortexM3\ARM_GCC_493\Debug\Voice_Recorder_1506.a(USBUART_1506_pm.o) (USBUART_1506_Dp_ClearInterrupt)
.\CortexM3\ARM_GCC_493\Debug\Voice_Recorder_1506.a(ADC_1506_AMux.o)
                              .\CortexM3\ARM_GCC_493\Debug\Voice_Recorder_1506.a(ADC_1506.o) (ADC_1506_AMux_Select)
.\CortexM3\ARM_GCC_493\Debug\Voice_Recorder_1506.a(ADC_1506_Ext_CP_Clk.o)
                              .\CortexM3\ARM_GCC_493\Debug\Voice_Recorder_1506.a(ADC_1506.o) (ADC_1506_Ext_CP_Clk_SetDividerRegister)
.\CortexM3\ARM_GCC_493\Debug\Voice_Recorder_1506.a(ADC_1506_theACLK.o)
                              .\CortexM3\ARM_GCC_493\Debug\Voice_Recorder_1506.a(ADC_1506.o) (ADC_1506_theACLK_SetDividerRegister)
.\CortexM3\ARM_GCC_493\Debug\Voice_Recorder_1506.a(CyBootAsmGnu.o)
                              .\CortexM3\ARM_GCC_493\Debug\Voice_Recorder_1506.a(cyfitter_cfg.o) (CyDelayCycles)
.\CortexM3\ARM_GCC_493\Debug\Voice_Recorder_1506.a(CyLib.o)
                              .\CortexM3\ARM_GCC_493\Debug\Cm3Start.o (CyResetStatus)
.\CortexM3\ARM_GCC_493\Debug\Voice_Recorder_1506.a(cyPm.o)
                              .\CortexM3\ARM_GCC_493\Debug\Voice_Recorder_1506.a(CyLib.o) (CyPmReadStatus)
.\CortexM3\ARM_GCC_493\Debug\Voice_Recorder_1506.a(USBUART_1506_cls.o)
                              .\CortexM3\ARM_GCC_493\Debug\Voice_Recorder_1506.a(USBUART_1506_drv.o) (USBUART_1506_DispatchClassRqst)
.\CortexM3\ARM_GCC_493\Debug\Voice_Recorder_1506.a(USBUART_1506_descr.o)
                              .\CortexM3\ARM_GCC_493\Debug\Voice_Recorder_1506.a(USBUART_1506_std.o) (USBUART_1506_DEVICE0_DESCR)
.\CortexM3\ARM_GCC_493\Debug\Voice_Recorder_1506.a(CyFlash.o)
                              .\CortexM3\ARM_GCC_493\Debug\Voice_Recorder_1506.a(cyPm.o) (CyFlash_SetWaitCycles)
.\CortexM3\ARM_GCC_493\Debug\Voice_Recorder_1506.a(CySpc.o)
                              .\CortexM3\ARM_GCC_493\Debug\Voice_Recorder_1506.a(CyFlash.o) (CySpcStart)
c:/program files (x86)/cypress/psoc creator/3.3/psoc creator/import/gnu/arm/4.9.3/bin/../lib/gcc/arm-none-eabi/4.9.3/armv7-m\libgcc.a(_arm_addsubdf3.o)
                              .\CortexM3\ARM_GCC_493\Debug\Voice_Recorder_1506.a(ADC_1506.o) (__aeabi_f2d)
c:/program files (x86)/cypress/psoc creator/3.3/psoc creator/import/gnu/arm/4.9.3/bin/../lib/gcc/arm-none-eabi/4.9.3/armv7-m\libgcc.a(_arm_cmpdf2.o)
                              .\CortexM3\ARM_GCC_493\Debug\Voice_Recorder_1506.a(ADC_1506.o) (__aeabi_dcmpgt)
[...]
Memory Configuration

Name             Origin             Length             Attributes
rom              0x00000000         0x00040000         xr
ram              0x1fff8000         0x00010000         xrw
*default*        0x00000000         0xffffffff

Linker script and memory map

LOAD c:/program files (x86)/cypress/psoc creator/3.3/psoc creator/import/gnu/arm/4.9.3/bin/../lib/gcc/arm-none-eabi/4.9.3/armv7-m/crti.o
LOAD c:/program files (x86)/cypress/psoc creator/3.3/psoc creator/import/gnu/arm/4.9.3/bin/../lib/gcc/arm-none-eabi/4.9.3/armv7-m/crtbegin.o
LOAD c:/program files (x86)/cypress/psoc creator/3.3/psoc creator/import/gnu/arm/4.9.3/bin/../lib/gcc/arm-none-eabi/4.9.3/../../../../arm-none-eabi/lib/armv7-m/crt0.o
START GROUP
LOAD .\CortexM3\ARM_GCC_493\Debug\main_1506.o
LOAD .\CortexM3\ARM_GCC_493\Debug\cymetadata.o
LOAD .\CortexM3\ARM_GCC_493\Debug\Cm3Start.o
LOAD .\CortexM3\ARM_GCC_493\Debug\Voice_Recorder_1506.a
LOAD C:\Program Files (x86)\Cypress\PSoC Creator\3.3\PSoC Creator\psoc\content\cycomponentlibrary\CyComponentLibrary.cylib\CortexM3\ARM_GCC_493\Debug\CyComponentLibrary.a
END GROUP
START GROUP
LOAD c:/program files (x86)/cypress/psoc creator/3.3/psoc creator/import/gnu/arm/4.9.3/bin/../lib/gcc/arm-none-eabi/4.9.3/armv7-m\libgcc.a
LOAD c:/program files (x86)/cypress/psoc creator/3.3/psoc creator/import/gnu/arm/4.9.3/bin/../lib/gcc/arm-none-eabi/4.9.3/../../../../arm-none-eabi/lib/armv7-m\libg_nano.a
LOAD c:/program files (x86)/cypress/psoc creator/3.3/psoc creator/import/gnu/arm/4.9.3/bin/../lib/gcc/arm-none-eabi/4.9.3/../../../../arm-none-eabi/lib/armv7-m\libc_nano.a
END GROUP
START GROUP
LOAD c:/program files (x86)/cypress/psoc creator/3.3/psoc creator/import/gnu/arm/4.9.3/bin/../lib/gcc/arm-none-eabi/4.9.3/armv7-m\libgcc.a
LOAD c:/program files (x86)/cypress/psoc creator/3.3/psoc creator/import/gnu/arm/4.9.3/bin/../lib/gcc/arm-none-eabi/4.9.3/../../../../arm-none-eabi/lib/armv7-m\libc_nano.a
END GROUP
LOAD c:/program files (x86)/cypress/psoc creator/3.3/psoc creator/import/gnu/arm/4.9.3/bin/../lib/gcc/arm-none-eabi/4.9.3/armv7-m/crtend.o
LOAD c:/program files (x86)/cypress/psoc creator/3.3/psoc creator/import/gnu/arm/4.9.3/bin/../lib/gcc/arm-none-eabi/4.9.3/armv7-m/crtn.o
START GROUP
LOAD c:/program files (x86)/cypress/psoc creator/3.3/psoc creator/import/gnu/arm/4.9.3/bin/../lib/gcc/arm-none-eabi/4.9.3/armv7-m\libgcc.a
LOAD c:/program files (x86)/cypress/psoc creator/3.3/psoc creator/import/gnu/arm/4.9.3/bin/../lib/gcc/arm-none-eabi/4.9.3/../../../../arm-none-eabi/lib/armv7-m\libc.a
LOAD c:/program files (x86)/cypress/psoc creator/3.3/psoc creator/import/gnu/arm/4.9.3/bin/../lib/gcc/arm-none-eabi/4.9.3/../../../../arm-none-eabi/lib/armv7-m\libnosys.a
END GROUP
                0x00000000                CY_APPL_ORIGIN = 0x0
                0x00000100                CY_FLASH_ROW_SIZE = 0x100
                0x00000020                CY_ECC_ROW_SIZE = 0x20
                0x00000000                CY_EE_IN_BTLDR = 0x0
                0x00000000                CY_APPL_LOADABLE = 0x0
                0x00000800                CY_EE_SIZE = 0x800
                0x00000001                CY_APPL_NUM = 0x1
                0x00000001                CY_APPL_MAX = 0x1
                0x00000040                CY_METADATA_SIZE = 0x40
                0x00000000                CY_APPL_LOADABLE = 0x0
                0x00000000                CY_CHECKSUM_EXCLUDE_SIZE = ALIGN (0x0, CY_FLASH_ROW_SIZE)
                0x200002c0                PROVIDE (__cy_heap_start, _end)
                0x00000001                PROVIDE (__cy_region_num, ((__cy_regions_end - __cy_regions) / 0x10))
                0x20008000                PROVIDE (__cy_stack, (ORIGIN (ram) + 0x10000))
                0x20007800                PROVIDE (__cy_heap_end, (__cy_stack - 0x800))

.cybootloader   0x00000000        0x0
 *(.cybootloader)
                0x00000000                appl1_start = CY_APPL_ORIGIN?CY_APPL_ORIGIN:ALIGN (CY_FLASH_ROW_SIZE)
                0x0001ff00                appl2_start = (appl1_start + ALIGN ((((0x40000 - appl1_start) - (0x2 * CY_FLASH_ROW_SIZE)) / 0x2), CY_FLASH_ROW_SIZE))
                0x00000000                appl_start = (CY_APPL_NUM == 0x1)?appl1_start:appl2_start
                0x00000000                ecc_offset = ((appl_start / CY_FLASH_ROW_SIZE) * CY_ECC_ROW_SIZE)
                0x00000000                ee_offset = (CY_APPL_LOADABLE && ! (CY_EE_IN_BTLDR))?((CY_EE_SIZE / CY_APPL_MAX) * (CY_APPL_NUM - 0x1)):0x0
                0x00000800                ee_size = (CY_APPL_LOADABLE && ! (CY_EE_IN_BTLDR))?(CY_EE_SIZE / CY_APPL_MAX):CY_EE_SIZE
                0x00000000                PROVIDE (CY_ECC_OFFSET, ecc_offset)

.text           0x00000000     0x3e96
 CREATE_OBJECT_SYMBOLS
                0x00000000                PROVIDE (__cy_interrupt_vector, RomVectors)
 *(.romvectors)
 .romvectors    0x00000000       0x10 .\CortexM3\ARM_GCC_493\Debug\Cm3Start.o
                0x00000000                RomVectors
                0x00000001                ASSERT ((. != __cy_interrupt_vector), No interrupt vector)
                0x00000001                ASSERT (CY_APPL_ORIGIN?(SIZEOF (.cybootloader) <= CY_APPL_ORIGIN):0x1, Wrong image location)
                0x00000010                PROVIDE (__cy_reset, Reset)
 *(.text.Reset)
 .text.Reset    0x00000010       0x18 .\CortexM3\ARM_GCC_493\Debug\Cm3Start.o
                0x00000010                Reset
                0x00000001                ASSERT ((. != __cy_reset), No reset code)
 *(.dma_init)
                0x00000001                ASSERT ((((appl_start + .) <= 0x10000) || 0x1), DMA Init must be within the first 64k of flash)
 *(.text .text.* .gnu.linkonce.t.*)
 .text          0x00000028       0x5c c:/program files (x86)/cypress/psoc creator/3.3/psoc creator/import/gnu/arm/4.9.3/bin/../lib/gcc/arm-none-eabi/4.9.3/armv7-m/crtbegin.o
 .text.main     0x00000084      0x120 .\CortexM3\ARM_GCC_493\Debug\main_1506.o
                0x00000084                main
 .text.PrintString
                0x000001a4       0x28 .\CortexM3\ARM_GCC_493\Debug\main_1506.o
                0x000001a4                PrintString
 .text.Init     0x000001cc       0x48 .\CortexM3\ARM_GCC_493\Debug\main_1506.o
                0x000001cc                Init
 .text.IntDefaultHandler
                0x00000214        0x8 .\CortexM3\ARM_GCC_493\Debug\Cm3Start.o
                0x00000214                IntDefaultHandler
 .text.Start_c  0x0000021c       0x98 .\CortexM3\ARM_GCC_493\Debug\Cm3Start.o
                0x0000021c                Start_c
 .text.initialize_psoc
                0x000002b4       0x8c .\CortexM3\ARM_GCC_493\Debug\Cm3Start.o
                0x000002b4                initialize_psoc
 .text.CYMEMZERO
                0x00000340       0x1c .\CortexM3\ARM_GCC_493\Debug\Voice_Recorder_1506.a(cyfitter_cfg.o)
 .text.CYCONFIGCPY
                0x0000035c       0x1c .\CortexM3\ARM_GCC_493\Debug\Voice_Recorder_1506.a(cyfitter_cfg.o)
 .text.CYCONFIGCPYCODE
                0x00000378       0x1c .\CortexM3\ARM_GCC_493\Debug\Voice_Recorder_1506.a(cyfitter_cfg.o)
 .text.CyClockStartupError
                0x00000394        0xc .\CortexM3\ARM_GCC_493\Debug\Voice_Recorder_1506.a(cyfitter_cfg.o)
 .text.cfg_write_bytes32
                0x000003a0       0x74 .\CortexM3\ARM_GCC_493\Debug\Voice_Recorder_1506.a(cyfitter_cfg.o)
 .text.ClockSetup
                0x00000414      0x148 .\CortexM3\ARM_GCC_493\Debug\Voice_Recorder_1506.a(cyfitter_cfg.o)
 .text.AnalogSetDefault
                0x0000055c       0x84 .\CortexM3\ARM_GCC_493\Debug\Voice_Recorder_1506.a(cyfitter_cfg.o)
 .text.ADC_1506_AMux_Set
                0x000005e0       0x40 .\CortexM3\ARM_GCC_493\Debug\Voice_Recorder_1506.a(cyfitter_cfg.o)
                0x000005e0                ADC_1506_AMux_Set
 .text.ADC_1506_AMux_Unset
                0x00000620       0x44 .\CortexM3\ARM_GCC_493\Debug\Voice_Recorder_1506.a(cyfitter_cfg.o)
                0x00000620                ADC_1506_AMux_Unset
 .text.cyfitter_cfg
                0x00000664      0x134 .\CortexM3\ARM_GCC_493\Debug\Voice_Recorder_1506.a(cyfitter_cfg.o)
                0x00000664                cyfitter_cfg
 .text.LCD_1506_Init
                0x00000798       0x6c .\CortexM3\ARM_GCC_493\Debug\Voice_Recorder_1506.a(LCD_1506.o)
                0x00000798                LCD_1506_Init
 .text.LCD_1506_Enable
                0x00000804       0x18 .\CortexM3\ARM_GCC_493\Debug\Voice_Recorder_1506.a(LCD_1506.o)
                0x00000804                LCD_1506_Enable
 .text.LCD_1506_Start
                0x0000081c       0x20 .\CortexM3\ARM_GCC_493\Debug\Voice_Recorder_1506.a(LCD_1506.o)
                0x0000081c                LCD_1506_Start
 .text.LCD_1506_PrintString
                0x0000083c       0x38 .\CortexM3\ARM_GCC_493\Debug\Voice_Recorder_1506.a(LCD_1506.o)
                0x0000083c                LCD_1506_PrintString
 .text.LCD_1506_WriteData
                0x00000874       0x34 .\CortexM3\ARM_GCC_493\Debug\Voice_Recorder_1506.a(LCD_1506.o)
                0x00000874                LCD_1506_WriteData
 .text.LCD_1506_WriteControl
                0x000008a8       0x34 .\CortexM3\ARM_GCC_493\Debug\Voice_Recorder_1506.a(LCD_1506.o)
                0x000008a8                LCD_1506_WriteControl
 .text.LCD_1506_IsReady
                0x000008dc      0x178 .\CortexM3\ARM_GCC_493\Debug\Voice_Recorder_1506.a(LCD_1506.o)
                0x000008dc                LCD_1506_IsReady
 .text.LCD_1506_WrDatNib
                0x00000a54       0x78 .\CortexM3\ARM_GCC_493\Debug\Voice_Recorder_1506.a(LCD_1506.o)
 .text.LCD_1506_WrCntrlNib
                0x00000acc       0x60 .\CortexM3\ARM_GCC_493\Debug\Voice_Recorder_1506.a(LCD_1506.o)
 .text.VDAC_1506_Init
                0x00000b2c       0x28 .\CortexM3\ARM_GCC_493\Debug\Voice_Recorder_1506.a(VDAC_1506.o)
                0x00000b2c                VDAC_1506_Init
 .text.VDAC_1506_Enable
                0x00000b54       0x34 .\CortexM3\ARM_GCC_493\Debug\Voice_Recorder_1506.a(VDAC_1506.o)
                0x00000b54                VDAC_1506_Enable
 .text.VDAC_1506_Start
                0x00000b88       0x28 .\CortexM3\ARM_GCC_493\Debug\Voice_Recorder_1506.a(VDAC_1506.o)
                0x00000b88                VDAC_1506_Start
 .text.VDAC_1506_SetSpeed
                0x00000bb0       0x40 .\CortexM3\ARM_GCC_493\Debug\Voice_Recorder_1506.a(VDAC_1506.o)
                0x00000bb0                VDAC_1506_SetSpeed
 .text.VDAC_1506_SetRange
                0x00000bf0       0x40 .\CortexM3\ARM_GCC_493\Debug\Voice_Recorder_1506.a(VDAC_1506.o)
                0x00000bf0                VDAC_1506_SetRange
 .text.VDAC_1506_SetValue
                0x00000c30       0x20 .\CortexM3\ARM_GCC_493\Debug\Voice_Recorder_1506.a(VDAC_1506.o)
                0x00000c30                VDAC_1506_SetValue
 .text.VDAC_1506_DacTrim
                0x00000c50       0x3c .\CortexM3\ARM_GCC_493\Debug\Voice_Recorder_1506.a(VDAC_1506.o)
                0x00000c50                VDAC_1506_DacTrim
 .text.USBUART_1506_Start
                0x00000c8c       0x38 .\CortexM3\ARM_GCC_493\Debug\Voice_Recorder_1506.a(USBUART_1506.o)
                0x00000c8c                USBUART_1506_Start
 .text.USBUART_1506_Init
                0x00000cc4      0x1a0 .\CortexM3\ARM_GCC_493\Debug\Voice_Recorder_1506.a(USBUART_1506.o)
                0x00000cc4                USBUART_1506_Init
 .text.USBUART_1506_InitComponent
                0x00000e64      0x100 .\CortexM3\ARM_GCC_493\Debug\Voice_Recorder_1506.a(USBUART_1506.o)
                0x00000e64                USBUART_1506_InitComponent
 .text.USBUART_1506_ReInitComponent
                0x00000f64       0x68 .\CortexM3\ARM_GCC_493\Debug\Voice_Recorder_1506.a(USBUART_1506.o)
                0x00000f64                USBUART_1506_ReInitComponent
 .text.USBUART_1506_GetConfiguration
                0x00000fcc       0x18 .\CortexM3\ARM_GCC_493\Debug\Voice_Recorder_1506.a(USBUART_1506.o)
                0x00000fcc                USBUART_1506_GetConfiguration
 .text.USBUART_1506_GetEPState
                0x00000fe4       0x2c .\CortexM3\ARM_GCC_493\Debug\Voice_Recorder_1506.a(USBUART_1506.o)
                0x00000fe4                USBUART_1506_GetEPState
 .text.USBUART_1506_GetEPCount
                0x00001010       0x60 .\CortexM3\ARM_GCC_493\Debug\Voice_Recorder_1506.a(USBUART_1506.o)
                0x00001010                USBUART_1506_GetEPCount
 .text.USBUART_1506_LoadInEP
                0x00001070       0xf8 .\CortexM3\ARM_GCC_493\Debug\Voice_Recorder_1506.a(USBUART_1506.o)
                0x00001070                USBUART_1506_LoadInEP
 .text.USBUART_1506_ReadOutEP
                0x00001168       0x8c .\CortexM3\ARM_GCC_493\Debug\Voice_Recorder_1506.a(USBUART_1506.o)
                0x00001168                USBUART_1506_ReadOutEP
 .text.USBUART_1506_EnableOutEP
                0x000011f4       0x54 .\CortexM3\ARM_GCC_493\Debug\Voice_Recorder_1506.a(USBUART_1506.o)
                0x000011f4                USBUART_1506_EnableOutEP
 .text.USBUART_1506_DispatchCDCClassRqst
                0x00001248       0xe8 .\CortexM3\ARM_GCC_493\Debug\Voice_Recorder_1506.a(USBUART_1506_cdc.o)
                0x00001248                USBUART_1506_DispatchCDCClassRqst
 .text.USBUART_1506_GetInterfaceComPort
                0x00001330       0x60 .\CortexM3\ARM_GCC_493\Debug\Voice_Recorder_1506.a(USBUART_1506_cdc.o)
                0x00001330                USBUART_1506_GetInterfaceComPort
 .text.USBUART_1506_CDC_Init
                0x00001390       0xa8 .\CortexM3\ARM_GCC_493\Debug\Voice_Recorder_1506.a(USBUART_1506_cdc.o)
                0x00001390                USBUART_1506_CDC_Init
 .text.USBUART_1506_PutData
                0x00001438       0x6c .\CortexM3\ARM_GCC_493\Debug\Voice_Recorder_1506.a(USBUART_1506_cdc.o)
                0x00001438                USBUART_1506_PutData
 .text.USBUART_1506_DataIsReady
                0x000014a4       0x24 .\CortexM3\ARM_GCC_493\Debug\Voice_Recorder_1506.a(USBUART_1506_cdc.o)
                0x000014a4                USBUART_1506_DataIsReady
 .text.USBUART_1506_CDCIsReady
                0x000014c8       0x24 .\CortexM3\ARM_GCC_493\Debug\Voice_Recorder_1506.a(USBUART_1506_cdc.o)
                0x000014c8                USBUART_1506_CDCIsReady
 .text.USBUART_1506_GetAll
                0x000014ec       0x50 .\CortexM3\ARM_GCC_493\Debug\Voice_Recorder_1506.a(USBUART_1506_cdc.o)
                0x000014ec                USBUART_1506_GetAll
 .text.USBUART_1506_Cdc_EpInit
                0x0000153c       0x94 .\CortexM3\ARM_GCC_493\Debug\Voice_Recorder_1506.a(USBUART_1506_cdc.o)
                0x0000153c                USBUART_1506_Cdc_EpInit
 .text.USBUART_1506_EP_0_ISR
                0x000015d0       0xf8 .\CortexM3\ARM_GCC_493\Debug\Voice_Recorder_1506.a(USBUART_1506_drv.o)
                0x000015d0                USBUART_1506_EP_0_ISR
 .text.USBUART_1506_HandleSetup
                0x000016c8       0x88 .\CortexM3\ARM_GCC_493\Debug\Voice_Recorder_1506.a(USBUART_1506_drv.o)
                0x000016c8                USBUART_1506_HandleSetup
 .text.USBUART_1506_HandleIN
                0x00001750       0x4c .\CortexM3\ARM_GCC_493\Debug\Voice_Recorder_1506.a(USBUART_1506_drv.o)
                0x00001750                USBUART_1506_HandleIN
 .text.USBUART_1506_HandleOUT
                0x0000179c       0x58 .\CortexM3\ARM_GCC_493\Debug\Voice_Recorder_1506.a(USBUART_1506_drv.o)
                0x0000179c                USBUART_1506_HandleOUT
 .text.USBUART_1506_LoadEP0
                0x000017f4       0xd0 .\CortexM3\ARM_GCC_493\Debug\Voice_Recorder_1506.a(USBUART_1506_drv.o)
                0x000017f4                USBUART_1506_LoadEP0
 .text.USBUART_1506_InitControlRead
                0x000018c4       0x70 .\CortexM3\ARM_GCC_493\Debug\Voice_Recorder_1506.a(USBUART_1506_drv.o)
                0x000018c4                USBUART_1506_InitControlRead
 .text.USBUART_1506_InitZeroLengthControlTransfer
                0x00001934       0x44 .\CortexM3\ARM_GCC_493\Debug\Voice_Recorder_1506.a(USBUART_1506_drv.o)
                0x00001934                USBUART_1506_InitZeroLengthControlTransfer
 .text.USBUART_1506_ControlReadDataStage
                0x00001978        0xc .\CortexM3\ARM_GCC_493\Debug\Voice_Recorder_1506.a(USBUART_1506_drv.o)
                0x00001978                USBUART_1506_ControlReadDataStage
 .text.USBUART_1506_ControlReadStatusStage
                0x00001984       0x40 .\CortexM3\ARM_GCC_493\Debug\Voice_Recorder_1506.a(USBUART_1506_drv.o)
                0x00001984                USBUART_1506_ControlReadStatusStage
 .text.USBUART_1506_InitControlWrite
                0x000019c4       0x64 .\CortexM3\ARM_GCC_493\Debug\Voice_Recorder_1506.a(USBUART_1506_drv.o)
                0x000019c4                USBUART_1506_InitControlWrite
 .text.USBUART_1506_ControlWriteDataStage
                0x00001a28       0xb4 .\CortexM3\ARM_GCC_493\Debug\Voice_Recorder_1506.a(USBUART_1506_drv.o)
                0x00001a28                USBUART_1506_ControlWriteDataStage
 .text.USBUART_1506_ControlWriteStatusStage
                0x00001adc       0x20 .\CortexM3\ARM_GCC_493\Debug\Voice_Recorder_1506.a(USBUART_1506_drv.o)
                0x00001adc                USBUART_1506_ControlWriteStatusStage
 .text.USBUART_1506_InitNoDataControlTransfer
                0x00001afc       0x38 .\CortexM3\ARM_GCC_493\Debug\Voice_Recorder_1506.a(USBUART_1506_drv.o)
                0x00001afc                USBUART_1506_InitNoDataControlTransfer
 .text.USBUART_1506_NoDataControlStatusStage
                0x00001b34       0x48 .\CortexM3\ARM_GCC_493\Debug\Voice_Recorder_1506.a(USBUART_1506_drv.o)
                0x00001b34                USBUART_1506_NoDataControlStatusStage
 .text.USBUART_1506_UpdateStatusBlock
                0x00001b7c       0x40 .\CortexM3\ARM_GCC_493\Debug\Voice_Recorder_1506.a(USBUART_1506_drv.o)
                0x00001b7c                USBUART_1506_UpdateStatusBlock
 .text.USBUART_1506_InitializeStatusBlock
                0x00001bbc       0x34 .\CortexM3\ARM_GCC_493\Debug\Voice_Recorder_1506.a(USBUART_1506_drv.o)
                0x00001bbc                USBUART_1506_InitializeStatusBlock
 .text.USBUART_1506_EP_1_ISR
                0x00001bf0       0x54 .\CortexM3\ARM_GCC_493\Debug\Voice_Recorder_1506.a(USBUART_1506_episr.o)
                0x00001bf0                USBUART_1506_EP_1_ISR
 .text.USBUART_1506_EP_2_ISR
                0x00001c44       0x54 .\CortexM3\ARM_GCC_493\Debug\Voice_Recorder_1506.a(USBUART_1506_episr.o)
                0x00001c44                USBUART_1506_EP_2_ISR
 .text.USBUART_1506_EP_3_ISR
                0x00001c98       0x5c .\CortexM3\ARM_GCC_493\Debug\Voice_Recorder_1506.a(USBUART_1506_episr.o)
                0x00001c98                USBUART_1506_EP_3_ISR
 .text.USBUART_1506_SOF_ISR
                0x00001cf4        0xc .\CortexM3\ARM_GCC_493\Debug\Voice_Recorder_1506.a(USBUART_1506_episr.o)
                0x00001cf4                USBUART_1506_SOF_ISR
 .text.USBUART_1506_BUS_RESET_ISR
                0x00001d00        0xc .\CortexM3\ARM_GCC_493\Debug\Voice_Recorder_1506.a(USBUART_1506_episr.o)
                0x00001d00                USBUART_1506_BUS_RESET_ISR
 .text.USBUART_1506_DP_ISR
                0x00001d0c        0xc .\CortexM3\ARM_GCC_493\Debug\Voice_Recorder_1506.a(USBUART_1506_pm.o)
                0x00001d0c                USBUART_1506_DP_ISR
 .text.USBUART_1506_HandleStandardRqst
                0x00001d18      0x47c .\CortexM3\ARM_GCC_493\Debug\Voice_Recorder_1506.a(USBUART_1506_std.o)
                0x00001d18                USBUART_1506_HandleStandardRqst
 .text.USBUART_1506_ReadDieID
                0x00002194       0xd4 .\CortexM3\ARM_GCC_493\Debug\Voice_Recorder_1506.a(USBUART_1506_std.o)
                0x00002194                USBUART_1506_ReadDieID
 .text.USBUART_1506_ConfigReg
                0x00002268      0x11c .\CortexM3\ARM_GCC_493\Debug\Voice_Recorder_1506.a(USBUART_1506_std.o)
                0x00002268                USBUART_1506_ConfigReg
 .text.USBUART_1506_Config
                0x00002384      0x3a4 .\CortexM3\ARM_GCC_493\Debug\Voice_Recorder_1506.a(USBUART_1506_std.o)
                0x00002384                USBUART_1506_Config
 .text.USBUART_1506_ConfigAltChanged
                0x00002728      0x23c .\CortexM3\ARM_GCC_493\Debug\Voice_Recorder_1506.a(USBUART_1506_std.o)
                0x00002728                USBUART_1506_ConfigAltChanged
 .text.USBUART_1506_GetConfigTablePtr
                0x00002964       0x54 .\CortexM3\ARM_GCC_493\Debug\Voice_Recorder_1506.a(USBUART_1506_std.o)
                0x00002964                USBUART_1506_GetConfigTablePtr
 .text.USBUART_1506_GetDeviceTablePtr
                0x000029b8       0x24 .\CortexM3\ARM_GCC_493\Debug\Voice_Recorder_1506.a(USBUART_1506_std.o)
                0x000029b8                USBUART_1506_GetDeviceTablePtr
 .text.USBUART_1506_GetInterfaceClassTablePtr
                0x000029dc       0x4c .\CortexM3\ARM_GCC_493\Debug\Voice_Recorder_1506.a(USBUART_1506_std.o)
                0x000029dc                USBUART_1506_GetInterfaceClassTablePtr
 .text.USBUART_1506_SetEndpointHalt
                0x00002a28       0xdc .\CortexM3\ARM_GCC_493\Debug\Voice_Recorder_1506.a(USBUART_1506_std.o)
                0x00002a28                USBUART_1506_SetEndpointHalt
 .text.USBUART_1506_ClearEndpointHalt
                0x00002b04      0x130 .\CortexM3\ARM_GCC_493\Debug\Voice_Recorder_1506.a(USBUART_1506_std.o)
                0x00002b04                USBUART_1506_ClearEndpointHalt
 .text.USBUART_1506_ValidateAlternateSetting
                0x00002c34       0x70 .\CortexM3\ARM_GCC_493\Debug\Voice_Recorder_1506.a(USBUART_1506_std.o)
                0x00002c34                USBUART_1506_ValidateAlternateSetting
 .text.USBUART_1506_HandleVendorRqst
                0x00002ca4       0x38 .\CortexM3\ARM_GCC_493\Debug\Voice_Recorder_1506.a(USBUART_1506_vnd.o)
                0x00002ca4                USBUART_1506_HandleVendorRqst
 .text.ADC_1506_Init
                0x00002cdc      0x158 .\CortexM3\ARM_GCC_493\Debug\Voice_Recorder_1506.a(ADC_1506.o)
                0x00002cdc                ADC_1506_Init
 .text.ADC_1506_Enable
                0x00002e34      0x158 .\CortexM3\ARM_GCC_493\Debug\Voice_Recorder_1506.a(ADC_1506.o)
                0x00002e34                ADC_1506_Enable
 .text.ADC_1506_Start
                0x00002f8c       0x30 .\CortexM3\ARM_GCC_493\Debug\Voice_Recorder_1506.a(ADC_1506.o)
                0x00002f8c                ADC_1506_Start
 .text.ADC_1506_StartConvert
                0x00002fbc       0x20 .\CortexM3\ARM_GCC_493\Debug\Voice_Recorder_1506.a(ADC_1506.o)
                0x00002fbc                ADC_1506_StartConvert
 .text.ADC_1506_IsEndConversion
                0x00002fdc       0x50 .\CortexM3\ARM_GCC_493\Debug\Voice_Recorder_1506.a(ADC_1506.o)
                0x00002fdc                ADC_1506_IsEndConversion
 .text.ADC_1506_GetResult8
                0x0000302c       0x68 .\CortexM3\ARM_GCC_493\Debug\Voice_Recorder_1506.a(ADC_1506.o)
                0x0000302c                ADC_1506_GetResult8
 .text.ADC_1506_InitConfig
                0x00003094      0x408 .\CortexM3\ARM_GCC_493\Debug\Voice_Recorder_1506.a(ADC_1506.o)
 .text.ADC_1506_GainCompensation
                0x0000349c      0x16c .\CortexM3\ARM_GCC_493\Debug\Voice_Recorder_1506.a(ADC_1506.o)
 .text.ADC_1506_SetDSMRef0Reg
                0x00003608       0x78 .\CortexM3\ARM_GCC_493\Debug\Voice_Recorder_1506.a(ADC_1506.o)
 .text.ADC_1506_ISR1
                0x00003680        0xc .\CortexM3\ARM_GCC_493\Debug\Voice_Recorder_1506.a(ADC_1506_INT.o)
                0x00003680                ADC_1506_ISR1
 .text.ADC_1506_ISR2
                0x0000368c        0xc .\CortexM3\ARM_GCC_493\Debug\Voice_Recorder_1506.a(ADC_1506_INT.o)
                0x0000368c                ADC_1506_ISR2
 .text.ADC_1506_ISR3
                0x00003698        0xc .\CortexM3\ARM_GCC_493\Debug\Voice_Recorder_1506.a(ADC_1506_INT.o)
                0x00003698                ADC_1506_ISR3
 .text.ADC_1506_ISR4
                0x000036a4        0xc .\CortexM3\ARM_GCC_493\Debug\Voice_Recorder_1506.a(ADC_1506_INT.o)
                0x000036a4                ADC_1506_ISR4
 .text.Opamp_1506_Init
                0x000036b0        0xc .\CortexM3\ARM_GCC_493\Debug\Voice_Recorder_1506.a(Opamp_1506.o)
                0x000036b0                Opamp_1506_Init
 .text.Opamp_1506_Enable
                0x000036bc       0x48 .\CortexM3\ARM_GCC_493\Debug\Voice_Recorder_1506.a(Opamp_1506.o)
                0x000036bc                Opamp_1506_Enable
 .text.Opamp_1506_Start
                0x00003704       0x20 .\CortexM3\ARM_GCC_493\Debug\Voice_Recorder_1506.a(Opamp_1506.o)
                0x00003704                Opamp_1506_Start
 .text.Opamp_1506_SetPower
                0x00003724       0x40 .\CortexM3\ARM_GCC_493\Debug\Voice_Recorder_1506.a(Opamp_1506.o)
                0x00003724                Opamp_1506_SetPower
 .text.USBUART_1506_Dp_ClearInterrupt
                0x00003764       0x20 .\CortexM3\ARM_GCC_493\Debug\Voice_Recorder_1506.a(USBUART_1506_Dp.o)
                0x00003764                USBUART_1506_Dp_ClearInterrupt
 .text.ADC_1506_AMux_Start
                0x00003784       0x30 .\CortexM3\ARM_GCC_493\Debug\Voice_Recorder_1506.a(ADC_1506_AMux.o)
                0x00003784                ADC_1506_AMux_Start
 .text.ADC_1506_AMux_Select
                0x000037b4       0x28 .\CortexM3\ARM_GCC_493\Debug\Voice_Recorder_1506.a(ADC_1506_AMux.o)
                0x000037b4                ADC_1506_AMux_Select
 .text.ADC_1506_Ext_CP_Clk_SetDividerRegister
                0x000037dc      0x160 .\CortexM3\ARM_GCC_493\Debug\Voice_Recorder_1506.a(ADC_1506_Ext_CP_Clk.o)
                0x000037dc                ADC_1506_Ext_CP_Clk_SetDividerRegister
 .text.ADC_1506_Ext_CP_Clk_GetDividerRegister
                0x0000393c       0x18 .\CortexM3\ARM_GCC_493\Debug\Voice_Recorder_1506.a(ADC_1506_Ext_CP_Clk.o)
                0x0000393c                ADC_1506_Ext_CP_Clk_GetDividerRegister
 .text.ADC_1506_Ext_CP_Clk_SetModeRegister
                0x00003954       0x34 .\CortexM3\ARM_GCC_493\Debug\Voice_Recorder_1506.a(ADC_1506_Ext_CP_Clk.o)
                0x00003954                ADC_1506_Ext_CP_Clk_SetModeRegister
 .text.ADC_1506_Ext_CP_Clk_GetSourceRegister
                0x00003988       0x20 .\CortexM3\ARM_GCC_493\Debug\Voice_Recorder_1506.a(ADC_1506_Ext_CP_Clk.o)
                0x00003988                ADC_1506_Ext_CP_Clk_GetSourceRegister
 .text.ADC_1506_theACLK_SetDividerRegister
                0x000039a8      0x160 .\CortexM3\ARM_GCC_493\Debug\Voice_Recorder_1506.a(ADC_1506_theACLK.o)
                0x000039a8                ADC_1506_theACLK_SetDividerRegister
 .text.ADC_1506_theACLK_GetDividerRegister
                0x00003b08       0x18 .\CortexM3\ARM_GCC_493\Debug\Voice_Recorder_1506.a(ADC_1506_theACLK.o)
                0x00003b08                ADC_1506_theACLK_GetDividerRegister
 .text.ADC_1506_theACLK_SetModeRegister
                0x00003b20       0x34 .\CortexM3\ARM_GCC_493\Debug\Voice_Recorder_1506.a(ADC_1506_theACLK.o)
                0x00003b20                ADC_1506_theACLK_SetModeRegister
 .text.ADC_1506_theACLK_GetSourceRegister
                0x00003b54       0x20 .\CortexM3\ARM_GCC_493\Debug\Voice_Recorder_1506.a(ADC_1506_theACLK.o)
                0x00003b54                ADC_1506_theACLK_GetSourceRegister
 *fill*         0x00003b74        0x4 
 .text          0x00003b78       0x58 .\CortexM3\ARM_GCC_493\Debug\Voice_Recorder_1506.a(CyBootAsmGnu.o)
                0x00003b78                CyDelayCycles
                0x00003bb6                CyEnterCriticalSection
                0x00003bbe                CyExitCriticalSection
 .text.CyHalt   0x00003bd0       0x18 .\CortexM3\ARM_GCC_493\Debug\Voice_Recorder_1506.a(CyLib.o)
                0x00003bd0                CyHalt
 .text.CyDelay  0x00003be8       0x44 .\CortexM3\ARM_GCC_493\Debug\Voice_Recorder_1506.a(CyLib.o)
                0x00003be8                CyDelay
 .text.CyDelayUs
                0x00003c2c       0x24 .\CortexM3\ARM_GCC_493\Debug\Voice_Recorder_1506.a(CyLib.o)
                0x00003c2c                CyDelayUs
 .text.CyIntSetVector
                0x00003c50       0x50 .\CortexM3\ARM_GCC_493\Debug\Voice_Recorder_1506.a(CyLib.o)
                0x00003c50                CyIntSetVector
 .text.CyIntSetPriority
                0x00003ca0       0x44 .\CortexM3\ARM_GCC_493\Debug\Voice_Recorder_1506.a(CyLib.o)
                0x00003ca0                CyIntSetPriority
 .text.CyGetUniqueId
                0x00003ce4       0xc4 .\CortexM3\ARM_GCC_493\Debug\Voice_Recorder_1506.a(CyLib.o)
                0x00003ce4                CyGetUniqueId
 .text.USBUART_1506_DispatchClassRqst
                0x00003da8       0x7c .\CortexM3\ARM_GCC_493\Debug\Voice_Recorder_1506.a(USBUART_1506_cls.o)
                0x00003da8                USBUART_1506_DispatchClassRqst
 .text.__libc_init_array
                0x00003e24       0x4c c:/program files (x86)/cypress/psoc creator/3.3/psoc creator/import/gnu/arm/4.9.3/bin/../lib/gcc/arm-none-eabi/4.9.3/../../../../arm-none-eabi/lib/armv7-m\libg_nano.a(lib_a-init.o)
                0x00003e24                __libc_init_array
 .text.memcpy   0x00003e70       0x16 c:/program files (x86)/cypress/psoc creator/3.3/psoc creator/import/gnu/arm/4.9.3/bin/../lib/gcc/arm-none-eabi/4.9.3/../../../../arm-none-eabi/lib/armv7-m\libg_nano.a(lib_a-memcpy.o)
                0x00003e70                memcpy
 .text.memset   0x00003e86       0x10 c:/program files (x86)/cypress/psoc creator/3.3/psoc creator/import/gnu/arm/4.9.3/bin/../lib/gcc/arm-none-eabi/4.9.3/../../../../arm-none-eabi/lib/armv7-m\libg_nano.a(lib_a-memset.o)
                0x00003e86                memset
 *(.plt)
 *(.gnu.warning)
 *(.glue_7t)
 .glue_7t       0x00000000        0x0 linker stubs
 *(.glue_7)
 .glue_7        0x00000000        0x0 linker stubs
 *(.vfp11_veneer)
 .vfp11_veneer  0x00000000        0x0 linker stubs
 *(.bootloader)
 *(.ARM.extab* .gnu.linkonce.armextab.*)
 *(.gcc_except_table)

.v4_bx          0x00003e98        0x0
 .v4_bx         0x00000000        0x0 linker stubs

.iplt           0x00003e98        0x0
 .iplt          0x00000000        0x0 c:/program files (x86)/cypress/psoc creator/3.3/psoc creator/import/gnu/arm/4.9.3/bin/../lib/gcc/arm-none-eabi/4.9.3/armv7-m/crtbegin.o

.eh_frame_hdr
 *(.eh_frame_hdr)

.eh_frame       0x00003e98        0x4
 *(.eh_frame)
 .eh_frame      0x00003e98        0x0 c:/program files (x86)/cypress/psoc creator/3.3/psoc creator/import/gnu/arm/4.9.3/bin/../lib/gcc/arm-none-eabi/4.9.3/armv7-m/crtbegin.o
 .eh_frame      0x00003e98        0x4 c:/program files (x86)/cypress/psoc creator/3.3/psoc creator/import/gnu/arm/4.9.3/bin/../lib/gcc/arm-none-eabi/4.9.3/armv7-m/crtend.o
                0x00003e9c                PROVIDE (__exidx_start, .)

.ARM.exidx
 *(.ARM.exidx* .gnu.linkonce.armexidx.*)
                0x00003e9c                __exidx_end = .

.rodata         0x00003e9c      0x2f4
 *(.rodata .rodata.* .gnu.linkonce.r.*)
 .rodata        0x00003e9c       0x30 .\CortexM3\ARM_GCC_493\Debug\main_1506.o
 .rodata        0x00003ecc      0x11c .\CortexM3\ARM_GCC_493\Debug\Voice_Recorder_1506.a(cyfitter_cfg.o)
                0x00003ecc                ADC_1506_AMux__addrTable
                0x00003ed4                ADC_1506_AMux__maskTable
 .rodata        0x00003fe8       0x14 .\CortexM3\ARM_GCC_493\Debug\Voice_Recorder_1506.a(USBUART_1506_std.o)
 .rodata        0x00003ffc      0x160 .\CortexM3\ARM_GCC_493\Debug\Voice_Recorder_1506.a(USBUART_1506_descr.o)
                0x00003ffc                USBUART_1506_DEVICE0_DESCR
                0x00004010                USBUART_1506_DEVICE0_CONFIGURATION0_DESCR
                0x00004054                USBUART_1506_STRING_DESCRIPTORS
                0x000040f4                USBUART_1506_SN_STRING_DESCRIPTOR
                0x000040f8                USBUART_1506_DEVICE0_CONFIGURATION0_EP_SETTINGS_TABLE
                0x00004110                USBUART_1506_DEVICE0_CONFIGURATION0_INTERFACE_CLASS
                0x00004114                USBUART_1506_DEVICE0_CONFIGURATION0_TABLE
                0x0000413c                USBUART_1506_DEVICE0_TABLE
                0x00004154                USBUART_1506_TABLE
                0x0000415c                . = ALIGN (0x4)
 *(.init)
 .init          0x0000415c        0x4 c:/program files (x86)/cypress/psoc creator/3.3/psoc creator/import/gnu/arm/4.9.3/bin/../lib/gcc/arm-none-eabi/4.9.3/armv7-m/crti.o
                0x0000415c                _init
 .init          0x00004160        0x8 c:/program files (x86)/cypress/psoc creator/3.3/psoc creator/import/gnu/arm/4.9.3/bin/../lib/gcc/arm-none-eabi/4.9.3/armv7-m/crtn.o
                0x00004168                . = ALIGN (0x4)
                0x00004168                __preinit_array_start = .
 *(.preinit_array)
                0x00004168                __preinit_array_end = .
                0x00004168                . = ALIGN (0x4)
                0x00004168                __init_array_start = .
 *(SORT(.init_array.*))
 *(.init_array)
 .init_array    0x00004168        0x4 c:/program files (x86)/cypress/psoc creator/3.3/psoc creator/import/gnu/arm/4.9.3/bin/../lib/gcc/arm-none-eabi/4.9.3/armv7-m/crtbegin.o
 .init_array    0x0000416c        0x4 .\CortexM3\ARM_GCC_493\Debug\Cm3Start.o
                0x00004170                __init_array_end = .
                0x00004170                . = ALIGN (0x4)
 *(.fini)
 .fini          0x00004170        0x4 c:/program files (x86)/cypress/psoc creator/3.3/psoc creator/import/gnu/arm/4.9.3/bin/../lib/gcc/arm-none-eabi/4.9.3/armv7-m/crti.o
                0x00004170                _fini
 .fini          0x00004174        0x8 c:/program files (x86)/cypress/psoc creator/3.3/psoc creator/import/gnu/arm/4.9.3/bin/../lib/gcc/arm-none-eabi/4.9.3/armv7-m/crtn.o
                0x0000417c                . = ALIGN (0x4)
                0x0000417c                __fini_array_start = .
 *(.fini_array)
 .fini_array    0x0000417c        0x4 c:/program files (x86)/cypress/psoc creator/3.3/psoc creator/import/gnu/arm/4.9.3/bin/../lib/gcc/arm-none-eabi/4.9.3/armv7-m/crtbegin.o
 *(SORT(.fini_array.*))
                0x00004180                __fini_array_end = .
                0x00004180                . = ALIGN (0x4)
 *crtbegin.o(.ctors)
 *(EXCLUDE_FILE(*crtend.o) .ctors)
 *(SORT(.ctors.*))
 *crtend.o(.ctors)
                0x00004180                . = ALIGN (0x4)
 *crtbegin.o(.dtors)
 *(EXCLUDE_FILE(*crtend.o) .dtors)
 *(SORT(.dtors.*))
 *crtend.o(.dtors)
                0x00004180                . = ALIGN (0x4)
                0x00004180                __cy_regions = .
                0x00004180        0x4 LONG 0x4190 __cy_region_init_ram
                0x00004184        0x4 LONG 0x1fff8108 __cy_region_start_data
                0x00004188        0x4 LONG 0x38 __cy_region_init_size_ram
                0x0000418c        0x4 LONG 0x8180 __cy_region_zero_size_ram
                0x00004190                __cy_regions_end = .
                0x00004190                . = ALIGN (0x8)
                0x00004190                _etext = .

.cy_checksum_exclude
                0x00004190        0x0
 *(.cy_checksum_exclude)

.ramvectors     0x1fff8000      0x100
                0x1fff8000                __cy_region_start_ram = .
 *(.ramvectors)
 .ramvectors    0x1fff8000      0x100 .\CortexM3\ARM_GCC_493\Debug\Cm3Start.o
                0x1fff8000                CyRamVectors

.noinit         0x1fff8100        0x5
 *(.noinit)
 .noinit        0x1fff8100        0x4 .\CortexM3\ARM_GCC_493\Debug\Cm3Start.o
 .noinit        0x1fff8104        0x1 .\CortexM3\ARM_GCC_493\Debug\Voice_Recorder_1506.a(CyLib.o)
                0x1fff8104                CyResetStatus

.data           0x1fff8108       0x38 load address 0x00004190
                0x1fff8108                __cy_region_start_data = .
 *(.jcr)
 .jcr           0x1fff8108        0x0 c:/program files (x86)/cypress/psoc creator/3.3/psoc creator/import/gnu/arm/4.9.3/bin/../lib/gcc/arm-none-eabi/4.9.3/armv7-m/crtbegin.o
 .jcr           0x1fff8108        0x4 c:/program files (x86)/cypress/psoc creator/3.3/psoc creator/import/gnu/arm/4.9.3/bin/../lib/gcc/arm-none-eabi/4.9.3/armv7-m/crtend.o
 *(.got.plt)
 *(.got)
 *(.shdata)
 *(.data .data.* .gnu.linkonce.d.*)
 .data          0x1fff810c       0x1c .\CortexM3\ARM_GCC_493\Debug\Voice_Recorder_1506.a(USBUART_1506_cdc.o)
                0x1fff810c                USBUART_1506_linesCoding
 .data          0x1fff8128        0x1 .\CortexM3\ARM_GCC_493\Debug\Voice_Recorder_1506.a(ADC_1506.o)
                0x1fff8128                ADC_1506_Config
 .data          0x1fff8129        0x1 .\CortexM3\ARM_GCC_493\Debug\Voice_Recorder_1506.a(ADC_1506_AMux.o)
 *fill*         0x1fff812a        0x2 
 .data          0x1fff812c       0x10 .\CortexM3\ARM_GCC_493\Debug\Voice_Recorder_1506.a(CyLib.o)
                0x1fff812c                cydelay_freq_hz
                0x1fff8130                cydelay_freq_khz
                0x1fff8134                cydelay_freq_mhz
                0x1fff8138                cydelay_32k_ms
                0x1fff8140                . = ALIGN (0x8)
 *fill*         0x1fff813c        0x4 
 *(.ram)
                0x1fff8140                _edata = .

.igot.plt       0x1fff8140        0x0 load address 0x000041c8
 .igot.plt      0x00000000        0x0 c:/program files (x86)/cypress/psoc creator/3.3/psoc creator/import/gnu/arm/4.9.3/bin/../lib/gcc/arm-none-eabi/4.9.3/armv7-m/crtbegin.o

.bss            0x1fff8140     0x8180 load address 0x000041c8
                0x1fff8140                PROVIDE (__bss_start__, .)
 *(.shbss)
 *(.bss .bss.* .gnu.linkonce.b.*)
 .bss           0x1fff8140       0x1c c:/program files (x86)/cypress/psoc creator/3.3/psoc creator/import/gnu/arm/4.9.3/bin/../lib/gcc/arm-none-eabi/4.9.3/armv7-m/crtbegin.o
 .bss           0x1fff815c        0x2 .\CortexM3\ARM_GCC_493\Debug\Voice_Recorder_1506.a(LCD_1506.o)
                0x1fff815c                LCD_1506_enableState
                0x1fff815d                LCD_1506_initVar
 .bss           0x1fff815e        0x1 .\CortexM3\ARM_GCC_493\Debug\Voice_Recorder_1506.a(VDAC_1506.o)
                0x1fff815e                VDAC_1506_initVar
 .bss           0x1fff815f        0x1 .\CortexM3\ARM_GCC_493\Debug\Voice_Recorder_1506.a(USBUART_1506.o)
                0x1fff815f                USBUART_1506_initVar
 .bss           0x1fff8160        0x1 .\CortexM3\ARM_GCC_493\Debug\Voice_Recorder_1506.a(USBUART_1506_cdc.o)
 *fill*         0x1fff8161        0x3 
 .bss           0x1fff8164        0x4 .\CortexM3\ARM_GCC_493\Debug\Voice_Recorder_1506.a(USBUART_1506_std.o)
 .bss           0x1fff8168       0x14 .\CortexM3\ARM_GCC_493\Debug\Voice_Recorder_1506.a(ADC_1506.o)
                0x1fff8168                ADC_1506_convDone
                0x1fff8169                ADC_1506_stopConversion
                0x1fff816a                ADC_1506_initVar
                0x1fff816b                ADC_1506_started
 .bss           0x1fff817c        0x1 .\CortexM3\ARM_GCC_493\Debug\Voice_Recorder_1506.a(Opamp_1506.o)
                0x1fff817c                Opamp_1506_initVar
 *(COMMON)
 *fill*         0x1fff817d        0x3 
 COMMON         0x1fff8180     0x805f .\CortexM3\ARM_GCC_493\Debug\main_1506.o
                0x1fff8180                buffer
                0x20000190                package
 *fill*         0x200001df        0x1 
 COMMON         0x200001e0       0x18 .\CortexM3\ARM_GCC_493\Debug\Voice_Recorder_1506.a(USBUART_1506_cdc.o)
                0x200001e0                USBUART_1506_linesControlBitmap
                0x200001e4                USBUART_1506_cdcDataOutEp
                0x200001e8                USBUART_1506_cdcDataInEp
                0x200001ec                USBUART_1506_cdcCommInInterruptEp
                0x200001f0                USBUART_1506_linesChanged
                0x200001f4                USBUART_1506_serialStateBitmap
 COMMON         0x200001f8       0x97 .\CortexM3\ARM_GCC_493\Debug\Voice_Recorder_1506.a(USBUART_1506_drv.o)
                0x200001f8                USBUART_1506_deviceAddress
                0x200001f9                USBUART_1506_ep0Mode
                0x200001fa                USBUART_1506_lastPacketSize
                0x200001fc                USBUART_1506_interfaceSettingLast
                0x200001fe                USBUART_1506_ep0Count
                0x20000200                USBUART_1506_transferByteCount
                0x20000202                USBUART_1506_device
                0x20000203                USBUART_1506_configuration
                0x20000204                USBUART_1506_ep0Toggle
                0x20000205                USBUART_1506_deviceStatus
                0x20000208                USBUART_1506_interfaceStatus
                0x2000020c                USBUART_1506_EP
                0x20000278                USBUART_1506_currentTD
                0x20000284                USBUART_1506_interfaceSetting
                0x20000288                USBUART_1506_interfaceClass
                0x2000028c                USBUART_1506_transferState
                0x2000028d                USBUART_1506_interfaceNumber
                0x2000028e                USBUART_1506_configurationChanged
 *fill*         0x2000028f        0x1 
 COMMON         0x20000290        0x8 .\CortexM3\ARM_GCC_493\Debug\Voice_Recorder_1506.a(ADC_1506.o)
                0x20000290                ADC_1506_CountsPerVolt
                0x20000294                ADC_1506_Offset
 COMMON         0x20000298       0x22 .\CortexM3\ARM_GCC_493\Debug\Voice_Recorder_1506.a(USBUART_1506_descr.o)
                0x20000298                USBUART_1506_idSerialNumberStringDescriptor
                0x200002c0                . = ALIGN (0x8)
 *fill*         0x200002ba        0x6 
 *(.ram.b)
                0x200002c0                _end = .
                0x200002c0                __end = .
                0x200002c0                PROVIDE (end, .)
                0x200002c0                PROVIDE (__bss_end__, .)
                0x00004190                __cy_region_init_ram = LOADADDR (.data)
                0x00000038                __cy_region_init_size_ram = (_edata - ADDR (.data))
                0x00008180                __cy_region_zero_size_ram = (_end - _edata)

.heap           0x200002c0       0x80 load address 0x000041c8
                0x200002c0                . = _end
                0x20000340                . = (. + 0x80)
 *fill*         0x200002c0       0x80 
                0x20000340                __cy_heap_limit = .

.stack          0x20007800      0x800
                0x20007800                __cy_stack_limit = .
                0x20008000                . = (. + 0x800)
 *fill*         0x20007800      0x800 
                0x00000001                ASSERT ((__cy_stack_limit >= __cy_heap_limit), region RAM overflowed with stack)
                0x00000000                cy_checksum_exclude_size = (CY_APPL_LOADABLE == 0x1)?SIZEOF (.cy_checksum_exclude):0x0
                0x00000001                ASSERT ((cy_checksum_exclude_size <= CY_CHECKSUM_EXCLUDE_SIZE), CY_BOOT: Section .cy_checksum_exclude size exceedes specified limit.)

.cyloadermeta
 *(.cyloadermeta)

.cyloadablemeta
 *(.cyloadablemeta)

.cyconfigecc    0x80000000        0x4
 *(.cyconfigecc)
 .cyconfigecc   0x80000000        0x4 .\CortexM3\ARM_GCC_493\Debug\cymetadata.o
                0x80000000                cy_meta_configecc

.cycustnvl      0x90000000        0x4
 *(.cycustnvl)
 .cycustnvl     0x90000000        0x4 .\CortexM3\ARM_GCC_493\Debug\cymetadata.o
                0x90000000                cy_meta_custnvl

.cywolatch      0x90100000        0x4
 *(.cywolatch)
 .cywolatch     0x90100000        0x4 .\CortexM3\ARM_GCC_493\Debug\cymetadata.o
                0x90100000                cy_meta_wonvl

.cyeeprom       0x90200000        0x0
 *(.cyeeprom)
                0x00000001                ASSERT ((. <= ((0x90200000 + ee_offset) + ee_size)), .cyeeprom data will not fit in EEPROM)

.cyflashprotect
                0x90400000      0x100
 *(.cyflashprotect)
 .cyflashprotect
                0x90400000      0x100 .\CortexM3\ARM_GCC_493\Debug\cymetadata.o
                0x90400000                cy_meta_flashprotect

.cymeta         0x90500000        0xc
 *(.cymeta)
 .cymeta        0x90500000        0xc .\CortexM3\ARM_GCC_493\Debug\cymetadata.o
                0x90500000                cy_metadata

.rel.dyn        0x000041c8        0x0 load address 0x9050000c
 .rel.iplt      0x00000000        0x0 c:/program files (x86)/cypress/psoc creator/3.3/psoc creator/import/gnu/arm/4.9.3/bin/../lib/gcc/arm-none-eabi/4.9.3/armv7-m/crtbegin.o

.stab
 *(.stab)

.stabstr
 *(.stabstr)

.debug
 *(.debug)

.line
 *(.line)

.debug_srcinfo
 *(.debug_srcinfo)

.debug_sfnames
 *(.debug_sfnames)

.debug_aranges  0x00000000      0xca8
 *(.debug_aranges)
 .debug_aranges
                0x00000000       0x30 .\CortexM3\ARM_GCC_493\Debug\main_1506.o
 .debug_aranges
                0x00000030       0x18 .\CortexM3\ARM_GCC_493\Debug\cymetadata.o
 .debug_aranges
                0x00000048       0x48 .\CortexM3\ARM_GCC_493\Debug\Cm3Start.o
 .debug_aranges
                0x00000090       0x70 .\CortexM3\ARM_GCC_493\Debug\Voice_Recorder_1506.a(cyfitter_cfg.o)
 .debug_aranges
                0x00000100       0x98 .\CortexM3\ARM_GCC_493\Debug\Voice_Recorder_1506.a(LCD_1506.o)
 .debug_aranges
                0x00000198       0x58 .\CortexM3\ARM_GCC_493\Debug\Voice_Recorder_1506.a(VDAC_1506.o)
 .debug_aranges
                0x000001f0       0xc8 .\CortexM3\ARM_GCC_493\Debug\Voice_Recorder_1506.a(USBUART_1506.o)
 .debug_aranges
                0x000002b8       0xe8 .\CortexM3\ARM_GCC_493\Debug\Voice_Recorder_1506.a(USBUART_1506_cdc.o)
 .debug_aranges
                0x000003a0       0x98 .\CortexM3\ARM_GCC_493\Debug\Voice_Recorder_1506.a(USBUART_1506_drv.o)
 .debug_aranges
                0x00000438       0x40 .\CortexM3\ARM_GCC_493\Debug\Voice_Recorder_1506.a(USBUART_1506_episr.o)
 .debug_aranges
                0x00000478       0x40 .\CortexM3\ARM_GCC_493\Debug\Voice_Recorder_1506.a(USBUART_1506_pm.o)
 .debug_aranges
                0x000004b8       0x80 .\CortexM3\ARM_GCC_493\Debug\Voice_Recorder_1506.a(USBUART_1506_std.o)
 .debug_aranges
                0x00000538       0x20 .\CortexM3\ARM_GCC_493\Debug\Voice_Recorder_1506.a(USBUART_1506_vnd.o)
 .debug_aranges
                0x00000558       0xe8 .\CortexM3\ARM_GCC_493\Debug\Voice_Recorder_1506.a(ADC_1506.o)
 .debug_aranges
                0x00000640       0x38 .\CortexM3\ARM_GCC_493\Debug\Voice_Recorder_1506.a(ADC_1506_INT.o)
 .debug_aranges
                0x00000678       0x40 .\CortexM3\ARM_GCC_493\Debug\Voice_Recorder_1506.a(Opamp_1506.o)
 .debug_aranges
                0x000006b8       0x48 .\CortexM3\ARM_GCC_493\Debug\Voice_Recorder_1506.a(USBUART_1506_Dp.o)
 .debug_aranges
                0x00000700       0x30 .\CortexM3\ARM_GCC_493\Debug\Voice_Recorder_1506.a(ADC_1506_AMux.o)
 .debug_aranges
                0x00000730       0x70 .\CortexM3\ARM_GCC_493\Debug\Voice_Recorder_1506.a(ADC_1506_Ext_CP_Clk.o)
 .debug_aranges
                0x000007a0       0x80 .\CortexM3\ARM_GCC_493\Debug\Voice_Recorder_1506.a(ADC_1506_theACLK.o)
 .debug_aranges
                0x00000820       0x20 .\CortexM3\ARM_GCC_493\Debug\Voice_Recorder_1506.a(CyBootAsmGnu.o)
 .debug_aranges
                0x00000840      0x298 .\CortexM3\ARM_GCC_493\Debug\Voice_Recorder_1506.a(CyLib.o)
 .debug_aranges
                0x00000ad8       0x98 .\CortexM3\ARM_GCC_493\Debug\Voice_Recorder_1506.a(cyPm.o)
 .debug_aranges
                0x00000b70       0x20 .\CortexM3\ARM_GCC_493\Debug\Voice_Recorder_1506.a(USBUART_1506_cls.o)
 .debug_aranges
                0x00000b90       0x18 .\CortexM3\ARM_GCC_493\Debug\Voice_Recorder_1506.a(USBUART_1506_descr.o)
 .debug_aranges
                0x00000ba8       0x88 .\CortexM3\ARM_GCC_493\Debug\Voice_Recorder_1506.a(CyFlash.o)
 .debug_aranges
                0x00000c30       0x78 .\CortexM3\ARM_GCC_493\Debug\Voice_Recorder_1506.a(CySpc.o)

.debug_pubnames
 *(.debug_pubnames)

.debug_info     0x00000000     0x6466
 *(.debug_info .gnu.linkonce.wi.*)
 .debug_info    0x00000000      0x192 .\CortexM3\ARM_GCC_493\Debug\main_1506.o
 .debug_info    0x00000192      0x13a .\CortexM3\ARM_GCC_493\Debug\cymetadata.o
 .debug_info    0x000002cc      0x319 .\CortexM3\ARM_GCC_493\Debug\Cm3Start.o
 .debug_info    0x000005e5      0x510 .\CortexM3\ARM_GCC_493\Debug\Voice_Recorder_1506.a(cyfitter_cfg.o)
 .debug_info    0x00000af5      0x3c8 .\CortexM3\ARM_GCC_493\Debug\Voice_Recorder_1506.a(LCD_1506.o)
 .debug_info    0x00000ebd      0x185 .\CortexM3\ARM_GCC_493\Debug\Voice_Recorder_1506.a(VDAC_1506.o)
 .debug_info    0x00001042      0x70b .\CortexM3\ARM_GCC_493\Debug\Voice_Recorder_1506.a(USBUART_1506.o)
 .debug_info    0x0000174d      0x903 .\CortexM3\ARM_GCC_493\Debug\Voice_Recorder_1506.a(USBUART_1506_cdc.o)
 .debug_info    0x00002050      0x521 .\CortexM3\ARM_GCC_493\Debug\Voice_Recorder_1506.a(USBUART_1506_drv.o)
 .debug_info    0x00002571      0x22f .\CortexM3\ARM_GCC_493\Debug\Voice_Recorder_1506.a(USBUART_1506_episr.o)
 .debug_info    0x000027a0      0x186 .\CortexM3\ARM_GCC_493\Debug\Voice_Recorder_1506.a(USBUART_1506_pm.o)
 .debug_info    0x00002926      0x940 .\CortexM3\ARM_GCC_493\Debug\Voice_Recorder_1506.a(USBUART_1506_std.o)
 .debug_info    0x00003266       0xe8 .\CortexM3\ARM_GCC_493\Debug\Voice_Recorder_1506.a(USBUART_1506_vnd.o)
 .debug_info    0x0000334e      0x725 .\CortexM3\ARM_GCC_493\Debug\Voice_Recorder_1506.a(ADC_1506.o)
 .debug_info    0x00003a73       0xcc .\CortexM3\ARM_GCC_493\Debug\Voice_Recorder_1506.a(ADC_1506_INT.o)
 .debug_info    0x00003b3f      0x11e .\CortexM3\ARM_GCC_493\Debug\Voice_Recorder_1506.a(Opamp_1506.o)
 .debug_info    0x00003c5d      0x171 .\CortexM3\ARM_GCC_493\Debug\Voice_Recorder_1506.a(USBUART_1506_Dp.o)
 .debug_info    0x00003dce      0x10a .\CortexM3\ARM_GCC_493\Debug\Voice_Recorder_1506.a(ADC_1506_AMux.o)
 .debug_info    0x00003ed8      0x25d .\CortexM3\ARM_GCC_493\Debug\Voice_Recorder_1506.a(ADC_1506_Ext_CP_Clk.o)
 .debug_info    0x00004135      0x299 .\CortexM3\ARM_GCC_493\Debug\Voice_Recorder_1506.a(ADC_1506_theACLK.o)
 .debug_info    0x000043ce       0x9b .\CortexM3\ARM_GCC_493\Debug\Voice_Recorder_1506.a(CyBootAsmGnu.o)
 .debug_info    0x00004469      0xe36 .\CortexM3\ARM_GCC_493\Debug\Voice_Recorder_1506.a(CyLib.o)
 .debug_info    0x0000529f      0x562 .\CortexM3\ARM_GCC_493\Debug\Voice_Recorder_1506.a(cyPm.o)
 .debug_info    0x00005801      0x1bc .\CortexM3\ARM_GCC_493\Debug\Voice_Recorder_1506.a(USBUART_1506_cls.o)
 .debug_info    0x000059bd      0x28d .\CortexM3\ARM_GCC_493\Debug\Voice_Recorder_1506.a(USBUART_1506_descr.o)
 .debug_info    0x00005c4a      0x3c3 .\CortexM3\ARM_GCC_493\Debug\Voice_Recorder_1506.a(CyFlash.o)
 .debug_info    0x0000600d      0x459 .\CortexM3\ARM_GCC_493\Debug\Voice_Recorder_1506.a(CySpc.o)

.debug_abbrev   0x00000000     0x1ded
 *(.debug_abbrev)
 .debug_abbrev  0x00000000      0x11c .\CortexM3\ARM_GCC_493\Debug\main_1506.o
 .debug_abbrev  0x0000011c       0x5d .\CortexM3\ARM_GCC_493\Debug\cymetadata.o
 .debug_abbrev  0x00000179      0x1b6 .\CortexM3\ARM_GCC_493\Debug\Cm3Start.o
 .debug_abbrev  0x0000032f      0x1b0 .\CortexM3\ARM_GCC_493\Debug\Voice_Recorder_1506.a(cyfitter_cfg.o)
 .debug_abbrev  0x000004df      0x120 .\CortexM3\ARM_GCC_493\Debug\Voice_Recorder_1506.a(LCD_1506.o)
 .debug_abbrev  0x000005ff       0xeb .\CortexM3\ARM_GCC_493\Debug\Voice_Recorder_1506.a(VDAC_1506.o)
 .debug_abbrev  0x000006ea      0x1f3 .\CortexM3\ARM_GCC_493\Debug\Voice_Recorder_1506.a(USBUART_1506.o)
 .debug_abbrev  0x000008dd      0x233 .\CortexM3\ARM_GCC_493\Debug\Voice_Recorder_1506.a(USBUART_1506_cdc.o)
 .debug_abbrev  0x00000b10      0x161 .\CortexM3\ARM_GCC_493\Debug\Voice_Recorder_1506.a(USBUART_1506_drv.o)
 .debug_abbrev  0x00000c71       0xfd .\CortexM3\ARM_GCC_493\Debug\Voice_Recorder_1506.a(USBUART_1506_episr.o)
 .debug_abbrev  0x00000d6e       0xd1 .\CortexM3\ARM_GCC_493\Debug\Voice_Recorder_1506.a(USBUART_1506_pm.o)
 .debug_abbrev  0x00000e3f      0x1c2 .\CortexM3\ARM_GCC_493\Debug\Voice_Recorder_1506.a(USBUART_1506_std.o)
 .debug_abbrev  0x00001001       0x9b .\CortexM3\ARM_GCC_493\Debug\Voice_Recorder_1506.a(USBUART_1506_vnd.o)
 .debug_abbrev  0x0000109c      0x19d .\CortexM3\ARM_GCC_493\Debug\Voice_Recorder_1506.a(ADC_1506.o)
 .debug_abbrev  0x00001239       0x42 .\CortexM3\ARM_GCC_493\Debug\Voice_Recorder_1506.a(ADC_1506_INT.o)
 .debug_abbrev  0x0000127b       0xa8 .\CortexM3\ARM_GCC_493\Debug\Voice_Recorder_1506.a(Opamp_1506.o)
 .debug_abbrev  0x00001323       0x90 .\CortexM3\ARM_GCC_493\Debug\Voice_Recorder_1506.a(USBUART_1506_Dp.o)
 .debug_abbrev  0x000013b3       0x6f .\CortexM3\ARM_GCC_493\Debug\Voice_Recorder_1506.a(ADC_1506_AMux.o)
 .debug_abbrev  0x00001422      0x11d .\CortexM3\ARM_GCC_493\Debug\Voice_Recorder_1506.a(ADC_1506_Ext_CP_Clk.o)
 .debug_abbrev  0x0000153f      0x11d .\CortexM3\ARM_GCC_493\Debug\Voice_Recorder_1506.a(ADC_1506_theACLK.o)
 .debug_abbrev  0x0000165c       0x14 .\CortexM3\ARM_GCC_493\Debug\Voice_Recorder_1506.a(CyBootAsmGnu.o)
 .debug_abbrev  0x00001670      0x217 .\CortexM3\ARM_GCC_493\Debug\Voice_Recorder_1506.a(CyLib.o)
 .debug_abbrev  0x00001887      0x161 .\CortexM3\ARM_GCC_493\Debug\Voice_Recorder_1506.a(cyPm.o)
 .debug_abbrev  0x000019e8       0xc5 .\CortexM3\ARM_GCC_493\Debug\Voice_Recorder_1506.a(USBUART_1506_cls.o)
 .debug_abbrev  0x00001aad       0xb4 .\CortexM3\ARM_GCC_493\Debug\Voice_Recorder_1506.a(USBUART_1506_descr.o)
 .debug_abbrev  0x00001b61      0x120 .\CortexM3\ARM_GCC_493\Debug\Voice_Recorder_1506.a(CyFlash.o)
 .debug_abbrev  0x00001c81      0x16c .\CortexM3\ARM_GCC_493\Debug\Voice_Recorder_1506.a(CySpc.o)

.debug_line     0x00000000     0x3450
 *(.debug_line)
 .debug_line    0x00000000      0x1e2 .\CortexM3\ARM_GCC_493\Debug\main_1506.o
 .debug_line    0x000001e2       0x53 .\CortexM3\ARM_GCC_493\Debug\cymetadata.o
 .debug_line    0x00000235      0x1d6 .\CortexM3\ARM_GCC_493\Debug\Cm3Start.o
 .debug_line    0x0000040b      0x227 .\CortexM3\ARM_GCC_493\Debug\Voice_Recorder_1506.a(cyfitter_cfg.o)
 .debug_line    0x00000632      0x1e8 .\CortexM3\ARM_GCC_493\Debug\Voice_Recorder_1506.a(LCD_1506.o)
 .debug_line    0x0000081a       0xf4 .\CortexM3\ARM_GCC_493\Debug\Voice_Recorder_1506.a(VDAC_1506.o)
 .debug_line    0x0000090e      0x313 .\CortexM3\ARM_GCC_493\Debug\Voice_Recorder_1506.a(USBUART_1506.o)
 .debug_line    0x00000c21      0x31d .\CortexM3\ARM_GCC_493\Debug\Voice_Recorder_1506.a(USBUART_1506_cdc.o)
 .debug_line    0x00000f3e      0x226 .\CortexM3\ARM_GCC_493\Debug\Voice_Recorder_1506.a(USBUART_1506_drv.o)
 .debug_line    0x00001164      0x103 .\CortexM3\ARM_GCC_493\Debug\Voice_Recorder_1506.a(USBUART_1506_episr.o)
 .debug_line    0x00001267       0xf2 .\CortexM3\ARM_GCC_493\Debug\Voice_Recorder_1506.a(USBUART_1506_pm.o)
 .debug_line    0x00001359      0x46c .\CortexM3\ARM_GCC_493\Debug\Voice_Recorder_1506.a(USBUART_1506_std.o)
 .debug_line    0x000017c5       0x85 .\CortexM3\ARM_GCC_493\Debug\Voice_Recorder_1506.a(USBUART_1506_vnd.o)
 .debug_line    0x0000184a      0x3d1 .\CortexM3\ARM_GCC_493\Debug\Voice_Recorder_1506.a(ADC_1506.o)
 .debug_line    0x00001c1b       0x93 .\CortexM3\ARM_GCC_493\Debug\Voice_Recorder_1506.a(ADC_1506_INT.o)
 .debug_line    0x00001cae       0xb4 .\CortexM3\ARM_GCC_493\Debug\Voice_Recorder_1506.a(Opamp_1506.o)
 .debug_line    0x00001d62       0xc5 .\CortexM3\ARM_GCC_493\Debug\Voice_Recorder_1506.a(USBUART_1506_Dp.o)
 .debug_line    0x00001e27       0xa4 .\CortexM3\ARM_GCC_493\Debug\Voice_Recorder_1506.a(ADC_1506_AMux.o)
 .debug_line    0x00001ecb      0x1c7 .\CortexM3\ARM_GCC_493\Debug\Voice_Recorder_1506.a(ADC_1506_Ext_CP_Clk.o)
 .debug_line    0x00002092      0x1e8 .\CortexM3\ARM_GCC_493\Debug\Voice_Recorder_1506.a(ADC_1506_theACLK.o)
 .debug_line    0x0000227a       0x7f .\CortexM3\ARM_GCC_493\Debug\Voice_Recorder_1506.a(CyBootAsmGnu.o)
 .debug_line    0x000022f9      0x872 .\CortexM3\ARM_GCC_493\Debug\Voice_Recorder_1506.a(CyLib.o)
 .debug_line    0x00002b6b      0x381 .\CortexM3\ARM_GCC_493\Debug\Voice_Recorder_1506.a(cyPm.o)
 .debug_line    0x00002eec       0xa6 .\CortexM3\ARM_GCC_493\Debug\Voice_Recorder_1506.a(USBUART_1506_cls.o)
 .debug_line    0x00002f92       0x6d .\CortexM3\ARM_GCC_493\Debug\Voice_Recorder_1506.a(USBUART_1506_descr.o)
 .debug_line    0x00002fff      0x21a .\CortexM3\ARM_GCC_493\Debug\Voice_Recorder_1506.a(CyFlash.o)
 .debug_line    0x00003219      0x237 .\CortexM3\ARM_GCC_493\Debug\Voice_Recorder_1506.a(CySpc.o)

.debug_frame    0x00000000     0x31e8
 *(.debug_frame)
 .debug_frame   0x00000000       0x78 .\CortexM3\ARM_GCC_493\Debug\main_1506.o
 .debug_frame   0x00000078       0xd8 .\CortexM3\ARM_GCC_493\Debug\Cm3Start.o
 .debug_frame   0x00000150      0x1bc .\CortexM3\ARM_GCC_493\Debug\Voice_Recorder_1506.a(cyfitter_cfg.o)
 .debug_frame   0x0000030c      0x260 .\CortexM3\ARM_GCC_493\Debug\Voice_Recorder_1506.a(LCD_1506.o)
 .debug_frame   0x0000056c      0x130 .\CortexM3\ARM_GCC_493\Debug\Voice_Recorder_1506.a(VDAC_1506.o)
 .debug_frame   0x0000069c      0x37c .\CortexM3\ARM_GCC_493\Debug\Voice_Recorder_1506.a(USBUART_1506.o)
 .debug_frame   0x00000a18      0x3ec .\CortexM3\ARM_GCC_493\Debug\Voice_Recorder_1506.a(USBUART_1506_cdc.o)
 .debug_frame   0x00000e04      0x23c .\CortexM3\ARM_GCC_493\Debug\Voice_Recorder_1506.a(USBUART_1506_drv.o)
 .debug_frame   0x00001040       0xbc .\CortexM3\ARM_GCC_493\Debug\Voice_Recorder_1506.a(USBUART_1506_episr.o)
 .debug_frame   0x000010fc       0xbc .\CortexM3\ARM_GCC_493\Debug\Voice_Recorder_1506.a(USBUART_1506_pm.o)
 .debug_frame   0x000011b8      0x224 .\CortexM3\ARM_GCC_493\Debug\Voice_Recorder_1506.a(USBUART_1506_std.o)
 .debug_frame   0x000013dc       0x38 .\CortexM3\ARM_GCC_493\Debug\Voice_Recorder_1506.a(USBUART_1506_vnd.o)
 .debug_frame   0x00001414      0x40c .\CortexM3\ARM_GCC_493\Debug\Voice_Recorder_1506.a(ADC_1506.o)
 .debug_frame   0x00001820       0xa0 .\CortexM3\ARM_GCC_493\Debug\Voice_Recorder_1506.a(ADC_1506_INT.o)
 .debug_frame   0x000018c0       0xb8 .\CortexM3\ARM_GCC_493\Debug\Voice_Recorder_1506.a(Opamp_1506.o)
 .debug_frame   0x00001978       0xf4 .\CortexM3\ARM_GCC_493\Debug\Voice_Recorder_1506.a(USBUART_1506_Dp.o)
 .debug_frame   0x00001a6c       0x88 .\CortexM3\ARM_GCC_493\Debug\Voice_Recorder_1506.a(ADC_1506_AMux.o)
 .debug_frame   0x00001af4      0x1b4 .\CortexM3\ARM_GCC_493\Debug\Voice_Recorder_1506.a(ADC_1506_Ext_CP_Clk.o)
 .debug_frame   0x00001ca8      0x200 .\CortexM3\ARM_GCC_493\Debug\Voice_Recorder_1506.a(ADC_1506_theACLK.o)
 .debug_frame   0x00001ea8      0xbe8 .\CortexM3\ARM_GCC_493\Debug\Voice_Recorder_1506.a(CyLib.o)
 .debug_frame   0x00002a90      0x234 .\CortexM3\ARM_GCC_493\Debug\Voice_Recorder_1506.a(cyPm.o)
 .debug_frame   0x00002cc4       0x38 .\CortexM3\ARM_GCC_493\Debug\Voice_Recorder_1506.a(USBUART_1506_cls.o)
 .debug_frame   0x00002cfc      0x238 .\CortexM3\ARM_GCC_493\Debug\Voice_Recorder_1506.a(CyFlash.o)
 .debug_frame   0x00002f34      0x1f8 .\CortexM3\ARM_GCC_493\Debug\Voice_Recorder_1506.a(CySpc.o)
 .debug_frame   0x0000312c       0x20 c:/program files (x86)/cypress/psoc creator/3.3/psoc creator/import/gnu/arm/4.9.3/bin/../lib/gcc/arm-none-eabi/4.9.3/../../../../arm-none-eabi/lib/armv7-m\libg_nano.a(lib_a-errno.o)
 .debug_frame   0x0000314c       0x28 c:/program files (x86)/cypress/psoc creator/3.3/psoc creator/import/gnu/arm/4.9.3/bin/../lib/gcc/arm-none-eabi/4.9.3/../../../../arm-none-eabi/lib/armv7-m\libg_nano.a(lib_a-exit.o)
 .debug_frame   0x00003174       0x2c c:/program files (x86)/cypress/psoc creator/3.3/psoc creator/import/gnu/arm/4.9.3/bin/../lib/gcc/arm-none-eabi/4.9.3/../../../../arm-none-eabi/lib/armv7-m\libg_nano.a(lib_a-init.o)
 .debug_frame   0x000031a0       0x28 c:/program files (x86)/cypress/psoc creator/3.3/psoc creator/import/gnu/arm/4.9.3/bin/../lib/gcc/arm-none-eabi/4.9.3/../../../../arm-none-eabi/lib/armv7-m\libg_nano.a(lib_a-memcpy.o)
 .debug_frame   0x000031c8       0x20 c:/program files (x86)/cypress/psoc creator/3.3/psoc creator/import/gnu/arm/4.9.3/bin/../lib/gcc/arm-none-eabi/4.9.3/../../../../arm-none-eabi/lib/armv7-m\libg_nano.a(lib_a-memset.o)

.debug_str      0x00000000     0x3348
 *(.debug_str)
 .debug_str     0x00000000      0x184 .\CortexM3\ARM_GCC_493\Debug\main_1506.o
                                0x1e3 (size before relaxing)
 .debug_str     0x00000184       0x77 .\CortexM3\ARM_GCC_493\Debug\cymetadata.o
                                0x1f5 (size before relaxing)
 .debug_str     0x000001fb      0x13e .\CortexM3\ARM_GCC_493\Debug\Cm3Start.o
                                0x2d6 (size before relaxing)
 .debug_str     0x00000339      0x21f .\CortexM3\ARM_GCC_493\Debug\Voice_Recorder_1506.a(cyfitter_cfg.o)
                                0x3d9 (size before relaxing)
 .debug_str     0x00000558      0x1d7 .\CortexM3\ARM_GCC_493\Debug\Voice_Recorder_1506.a(LCD_1506.o)
                                0x37c (size before relaxing)
 .debug_str     0x0000072f       0xd2 .\CortexM3\ARM_GCC_493\Debug\Voice_Recorder_1506.a(VDAC_1506.o)
                                0x252 (size before relaxing)
 .debug_str     0x00000801      0x4f4 .\CortexM3\ARM_GCC_493\Debug\Voice_Recorder_1506.a(USBUART_1506.o)
                                0x6ad (size before relaxing)
 .debug_str     0x00000cf5      0x5a6 .\CortexM3\ARM_GCC_493\Debug\Voice_Recorder_1506.a(USBUART_1506_cdc.o)
                                0x7fa (size before relaxing)
 .debug_str     0x0000129b      0x310 .\CortexM3\ARM_GCC_493\Debug\Voice_Recorder_1506.a(USBUART_1506_drv.o)
                                0x6bc (size before relaxing)
 .debug_str     0x000015ab       0xa0 .\CortexM3\ARM_GCC_493\Debug\Voice_Recorder_1506.a(USBUART_1506_episr.o)
                                0x2f8 (size before relaxing)
 .debug_str     0x0000164b       0xca .\CortexM3\ARM_GCC_493\Debug\Voice_Recorder_1506.a(USBUART_1506_pm.o)
                                0x297 (size before relaxing)
 .debug_str     0x00001715      0x309 .\CortexM3\ARM_GCC_493\Debug\Voice_Recorder_1506.a(USBUART_1506_std.o)
                                0x80e (size before relaxing)
 .debug_str     0x00001a1e       0x4a .\CortexM3\ARM_GCC_493\Debug\Voice_Recorder_1506.a(USBUART_1506_vnd.o)
                                0x1fb (size before relaxing)
 .debug_str     0x00001a68      0x398 .\CortexM3\ARM_GCC_493\Debug\Voice_Recorder_1506.a(ADC_1506.o)
                                0x592 (size before relaxing)
 .debug_str     0x00001e00       0x60 .\CortexM3\ARM_GCC_493\Debug\Voice_Recorder_1506.a(ADC_1506_INT.o)
                                0x1d8 (size before relaxing)
 .debug_str     0x00001e60       0x96 .\CortexM3\ARM_GCC_493\Debug\Voice_Recorder_1506.a(Opamp_1506.o)
                                0x219 (size before relaxing)
 .debug_str     0x00001ef6       0xe3 .\CortexM3\ARM_GCC_493\Debug\Voice_Recorder_1506.a(USBUART_1506_Dp.o)
                                0x26f (size before relaxing)
 .debug_str     0x00001fd9       0x8a .\CortexM3\ARM_GCC_493\Debug\Voice_Recorder_1506.a(ADC_1506_AMux.o)
                                0x207 (size before relaxing)
 .debug_str     0x00002063      0x1ec .\CortexM3\ARM_GCC_493\Debug\Voice_Recorder_1506.a(ADC_1506_Ext_CP_Clk.o)
                                0x389 (size before relaxing)
 .debug_str     0x0000224f      0x1d2 .\CortexM3\ARM_GCC_493\Debug\Voice_Recorder_1506.a(ADC_1506_theACLK.o)
                                0x3b2 (size before relaxing)
 .debug_str     0x00002421      0x7d3 .\CortexM3\ARM_GCC_493\Debug\Voice_Recorder_1506.a(CyLib.o)
                                0x9d1 (size before relaxing)
 .debug_str     0x00002bf4      0x367 .\CortexM3\ARM_GCC_493\Debug\Voice_Recorder_1506.a(cyPm.o)
                                0x536 (size before relaxing)
 .debug_str     0x00002f5b       0x4b .\CortexM3\ARM_GCC_493\Debug\Voice_Recorder_1506.a(USBUART_1506_cls.o)
                                0x2ac (size before relaxing)
 .debug_str     0x00002fa6      0x129 .\CortexM3\ARM_GCC_493\Debug\Voice_Recorder_1506.a(USBUART_1506_descr.o)
                                0x399 (size before relaxing)
 .debug_str     0x000030cf      0x158 .\CortexM3\ARM_GCC_493\Debug\Voice_Recorder_1506.a(CyFlash.o)
                                0x30d (size before relaxing)
 .debug_str     0x00003227      0x121 .\CortexM3\ARM_GCC_493\Debug\Voice_Recorder_1506.a(CySpc.o)
                                0x2f2 (size before relaxing)

.debug_loc
 *(.debug_loc)

.debug_macinfo
 *(.debug_macinfo)

.debug_ranges   0x00000000      0xad8
 *(.debug_ranges)
 .debug_ranges  0x00000000       0x20 .\CortexM3\ARM_GCC_493\Debug\main_1506.o
 .debug_ranges  0x00000020       0x38 .\CortexM3\ARM_GCC_493\Debug\Cm3Start.o
 .debug_ranges  0x00000058       0x60 .\CortexM3\ARM_GCC_493\Debug\Voice_Recorder_1506.a(cyfitter_cfg.o)
 .debug_ranges  0x000000b8       0x88 .\CortexM3\ARM_GCC_493\Debug\Voice_Recorder_1506.a(LCD_1506.o)
 .debug_ranges  0x00000140       0x48 .\CortexM3\ARM_GCC_493\Debug\Voice_Recorder_1506.a(VDAC_1506.o)
 .debug_ranges  0x00000188       0xb8 .\CortexM3\ARM_GCC_493\Debug\Voice_Recorder_1506.a(USBUART_1506.o)
 .debug_ranges  0x00000240       0xd8 .\CortexM3\ARM_GCC_493\Debug\Voice_Recorder_1506.a(USBUART_1506_cdc.o)
 .debug_ranges  0x00000318       0x88 .\CortexM3\ARM_GCC_493\Debug\Voice_Recorder_1506.a(USBUART_1506_drv.o)
 .debug_ranges  0x000003a0       0x30 .\CortexM3\ARM_GCC_493\Debug\Voice_Recorder_1506.a(USBUART_1506_episr.o)
 .debug_ranges  0x000003d0       0x30 .\CortexM3\ARM_GCC_493\Debug\Voice_Recorder_1506.a(USBUART_1506_pm.o)
 .debug_ranges  0x00000400       0x70 .\CortexM3\ARM_GCC_493\Debug\Voice_Recorder_1506.a(USBUART_1506_std.o)
 .debug_ranges  0x00000470       0x10 .\CortexM3\ARM_GCC_493\Debug\Voice_Recorder_1506.a(USBUART_1506_vnd.o)
 .debug_ranges  0x00000480       0xd8 .\CortexM3\ARM_GCC_493\Debug\Voice_Recorder_1506.a(ADC_1506.o)
 .debug_ranges  0x00000558       0x28 .\CortexM3\ARM_GCC_493\Debug\Voice_Recorder_1506.a(ADC_1506_INT.o)
 .debug_ranges  0x00000580       0x30 .\CortexM3\ARM_GCC_493\Debug\Voice_Recorder_1506.a(Opamp_1506.o)
 .debug_ranges  0x000005b0       0x38 .\CortexM3\ARM_GCC_493\Debug\Voice_Recorder_1506.a(USBUART_1506_Dp.o)
 .debug_ranges  0x000005e8       0x20 .\CortexM3\ARM_GCC_493\Debug\Voice_Recorder_1506.a(ADC_1506_AMux.o)
 .debug_ranges  0x00000608       0x60 .\CortexM3\ARM_GCC_493\Debug\Voice_Recorder_1506.a(ADC_1506_Ext_CP_Clk.o)
 .debug_ranges  0x00000668       0x70 .\CortexM3\ARM_GCC_493\Debug\Voice_Recorder_1506.a(ADC_1506_theACLK.o)
 .debug_ranges  0x000006d8      0x288 .\CortexM3\ARM_GCC_493\Debug\Voice_Recorder_1506.a(CyLib.o)
 .debug_ranges  0x00000960       0x88 .\CortexM3\ARM_GCC_493\Debug\Voice_Recorder_1506.a(cyPm.o)
 .debug_ranges  0x000009e8       0x10 .\CortexM3\ARM_GCC_493\Debug\Voice_Recorder_1506.a(USBUART_1506_cls.o)
 .debug_ranges  0x000009f8       0x78 .\CortexM3\ARM_GCC_493\Debug\Voice_Recorder_1506.a(CyFlash.o)
 .debug_ranges  0x00000a70       0x68 .\CortexM3\ARM_GCC_493\Debug\Voice_Recorder_1506.a(CySpc.o)

.comment        0x00000000       0x70
 .comment       0x00000000       0x70 .\CortexM3\ARM_GCC_493\Debug\main_1506.o
                                 0x71 (size before relaxing)
 .comment       0x00000000       0x71 .\CortexM3\ARM_GCC_493\Debug\cymetadata.o
 .comment       0x00000000       0x71 .\CortexM3\ARM_GCC_493\Debug\Cm3Start.o
 .comment       0x00000000       0x71 .\CortexM3\ARM_GCC_493\Debug\Voice_Recorder_1506.a(cyfitter_cfg.o)
 .comment       0x00000000       0x71 .\CortexM3\ARM_GCC_493\Debug\Voice_Recorder_1506.a(LCD_1506.o)
 .comment       0x00000000       0x71 .\CortexM3\ARM_GCC_493\Debug\Voice_Recorder_1506.a(VDAC_1506.o)
 .comment       0x00000000       0x71 .\CortexM3\ARM_GCC_493\Debug\Voice_Recorder_1506.a(USBUART_1506.o)
 .comment       0x00000000       0x71 .\CortexM3\ARM_GCC_493\Debug\Voice_Recorder_1506.a(USBUART_1506_cdc.o)
 .comment       0x00000000       0x71 .\CortexM3\ARM_GCC_493\Debug\Voice_Recorder_1506.a(USBUART_1506_drv.o)
 .comment       0x00000000       0x71 .\CortexM3\ARM_GCC_493\Debug\Voice_Recorder_1506.a(USBUART_1506_episr.o)
 .comment       0x00000000       0x71 .\CortexM3\ARM_GCC_493\Debug\Voice_Recorder_1506.a(USBUART_1506_pm.o)
 .comment       0x00000000       0x71 .\CortexM3\ARM_GCC_493\Debug\Voice_Recorder_1506.a(USBUART_1506_std.o)
 .comment       0x00000000       0x71 .\CortexM3\ARM_GCC_493\Debug\Voice_Recorder_1506.a(USBUART_1506_vnd.o)
 .comment       0x00000000       0x71 .\CortexM3\ARM_GCC_493\Debug\Voice_Recorder_1506.a(ADC_1506.o)
 .comment       0x00000000       0x71 .\CortexM3\ARM_GCC_493\Debug\Voice_Recorder_1506.a(ADC_1506_INT.o)
 .comment       0x00000000       0x71 .\CortexM3\ARM_GCC_493\Debug\Voice_Recorder_1506.a(Opamp_1506.o)
 .comment       0x00000000       0x71 .\CortexM3\ARM_GCC_493\Debug\Voice_Recorder_1506.a(USBUART_1506_Dp.o)
 .comment       0x00000000       0x71 .\CortexM3\ARM_GCC_493\Debug\Voice_Recorder_1506.a(ADC_1506_AMux.o)
 .comment       0x00000000       0x71 .\CortexM3\ARM_GCC_493\Debug\Voice_Recorder_1506.a(ADC_1506_Ext_CP_Clk.o)
 .comment       0x00000000       0x71 .\CortexM3\ARM_GCC_493\Debug\Voice_Recorder_1506.a(ADC_1506_theACLK.o)
 .comment       0x00000000       0x71 .\CortexM3\ARM_GCC_493\Debug\Voice_Recorder_1506.a(CyLib.o)
 .comment       0x00000000       0x71 .\CortexM3\ARM_GCC_493\Debug\Voice_Recorder_1506.a(cyPm.o)
 .comment       0x00000000       0x71 .\CortexM3\ARM_GCC_493\Debug\Voice_Recorder_1506.a(USBUART_1506_cls.o)
 .comment       0x00000000       0x71 .\CortexM3\ARM_GCC_493\Debug\Voice_Recorder_1506.a(USBUART_1506_descr.o)
 .comment       0x00000000       0x71 .\CortexM3\ARM_GCC_493\Debug\Voice_Recorder_1506.a(CyFlash.o)
 .comment       0x00000000       0x71 .\CortexM3\ARM_GCC_493\Debug\Voice_Recorder_1506.a(CySpc.o)

.debug_weaknames
 *(.debug_weaknames)

.debug_funcnames
 *(.debug_funcnames)

.debug_typenames
 *(.debug_typenames)

.debug_varnames
 *(.debug_varnames)

.note.gnu.arm.ident
 *(.note.gnu.arm.ident)

.ARM.attributes
                0x00000000       0x29
 *(.ARM.attributes)
 .ARM.attributes
                0x00000000       0x1d c:/program files (x86)/cypress/psoc creator/3.3/psoc creator/import/gnu/arm/4.9.3/bin/../lib/gcc/arm-none-eabi/4.9.3/armv7-m/crti.o
 .ARM.attributes
                0x0000001d       0x2d c:/program files (x86)/cypress/psoc creator/3.3/psoc creator/import/gnu/arm/4.9.3/bin/../lib/gcc/arm-none-eabi/4.9.3/armv7-m/crtbegin.o
 .ARM.attributes
                0x0000004a       0x1b c:/program files (x86)/cypress/psoc creator/3.3/psoc creator/import/gnu/arm/4.9.3/bin/../lib/gcc/arm-none-eabi/4.9.3/../../../../arm-none-eabi/lib/armv7-m/crt0.o
 .ARM.attributes
                0x00000065       0x33 .\CortexM3\ARM_GCC_493\Debug\main_1506.o
 .ARM.attributes
                0x00000098       0x33 .\CortexM3\ARM_GCC_493\Debug\cymetadata.o
 .ARM.attributes
                0x000000cb       0x33 .\CortexM3\ARM_GCC_493\Debug\Cm3Start.o
 .ARM.attributes
                0x000000fe       0x33 .\CortexM3\ARM_GCC_493\Debug\Voice_Recorder_1506.a(cyfitter_cfg.o)
 .ARM.attributes
                0x00000131       0x33 .\CortexM3\ARM_GCC_493\Debug\Voice_Recorder_1506.a(LCD_1506.o)
 .ARM.attributes
                0x00000164       0x33 .\CortexM3\ARM_GCC_493\Debug\Voice_Recorder_1506.a(VDAC_1506.o)
 .ARM.attributes
                0x00000197       0x33 .\CortexM3\ARM_GCC_493\Debug\Voice_Recorder_1506.a(USBUART_1506.o)
 .ARM.attributes
                0x000001ca       0x33 .\CortexM3\ARM_GCC_493\Debug\Voice_Recorder_1506.a(USBUART_1506_cdc.o)
 .ARM.attributes
                0x000001fd       0x33 .\CortexM3\ARM_GCC_493\Debug\Voice_Recorder_1506.a(USBUART_1506_drv.o)
 .ARM.attributes
                0x00000230       0x33 .\CortexM3\ARM_GCC_493\Debug\Voice_Recorder_1506.a(USBUART_1506_episr.o)
 .ARM.attributes
                0x00000263       0x33 .\CortexM3\ARM_GCC_493\Debug\Voice_Recorder_1506.a(USBUART_1506_pm.o)
 .ARM.attributes
                0x00000296       0x33 .\CortexM3\ARM_GCC_493\Debug\Voice_Recorder_1506.a(USBUART_1506_std.o)
 .ARM.attributes
                0x000002c9       0x33 .\CortexM3\ARM_GCC_493\Debug\Voice_Recorder_1506.a(USBUART_1506_vnd.o)
 .ARM.attributes
                0x000002fc       0x33 .\CortexM3\ARM_GCC_493\Debug\Voice_Recorder_1506.a(ADC_1506.o)
 .ARM.attributes
                0x0000032f       0x33 .\CortexM3\ARM_GCC_493\Debug\Voice_Recorder_1506.a(ADC_1506_INT.o)
 .ARM.attributes
                0x00000362       0x33 .\CortexM3\ARM_GCC_493\Debug\Voice_Recorder_1506.a(Opamp_1506.o)
 .ARM.attributes
                0x00000395       0x33 .\CortexM3\ARM_GCC_493\Debug\Voice_Recorder_1506.a(USBUART_1506_Dp.o)
 .ARM.attributes
                0x000003c8       0x33 .\CortexM3\ARM_GCC_493\Debug\Voice_Recorder_1506.a(ADC_1506_AMux.o)
 .ARM.attributes
                0x000003fb       0x33 .\CortexM3\ARM_GCC_493\Debug\Voice_Recorder_1506.a(ADC_1506_Ext_CP_Clk.o)
 .ARM.attributes
                0x0000042e       0x33 .\CortexM3\ARM_GCC_493\Debug\Voice_Recorder_1506.a(ADC_1506_theACLK.o)
 .ARM.attributes
                0x00000461       0x21 .\CortexM3\ARM_GCC_493\Debug\Voice_Recorder_1506.a(CyBootAsmGnu.o)
 .ARM.attributes
                0x00000482       0x33 .\CortexM3\ARM_GCC_493\Debug\Voice_Recorder_1506.a(CyLib.o)
 .ARM.attributes
                0x000004b5       0x33 .\CortexM3\ARM_GCC_493\Debug\Voice_Recorder_1506.a(cyPm.o)
 .ARM.attributes
                0x000004e8       0x33 .\CortexM3\ARM_GCC_493\Debug\Voice_Recorder_1506.a(USBUART_1506_cls.o)
 .ARM.attributes
                0x0000051b       0x33 .\CortexM3\ARM_GCC_493\Debug\Voice_Recorder_1506.a(USBUART_1506_descr.o)
 .ARM.attributes
                0x0000054e       0x33 .\CortexM3\ARM_GCC_493\Debug\Voice_Recorder_1506.a(CyFlash.o)
 .ARM.attributes
                0x00000581       0x33 .\CortexM3\ARM_GCC_493\Debug\Voice_Recorder_1506.a(CySpc.o)
 .ARM.attributes
                0x000005b4       0x1d c:/program files (x86)/cypress/psoc creator/3.3/psoc creator/import/gnu/arm/4.9.3/bin/../lib/gcc/arm-none-eabi/4.9.3/armv7-m\libgcc.a(_arm_addsubdf3.o)
 .ARM.attributes
                0x000005d1       0x1d c:/program files (x86)/cypress/psoc creator/3.3/psoc creator/import/gnu/arm/4.9.3/bin/../lib/gcc/arm-none-eabi/4.9.3/armv7-m\libgcc.a(_arm_cmpdf2.o)
 .ARM.attributes
                0x000005ee       0x1d c:/program files (x86)/cypress/psoc creator/3.3/psoc creator/import/gnu/arm/4.9.3/bin/../lib/gcc/arm-none-eabi/4.9.3/armv7-m\libgcc.a(_arm_addsubsf3.o)
 .ARM.attributes
                0x0000060b       0x1d c:/program files (x86)/cypress/psoc creator/3.3/psoc creator/import/gnu/arm/4.9.3/bin/../lib/gcc/arm-none-eabi/4.9.3/armv7-m\libgcc.a(_arm_muldivsf3.o)
 .ARM.attributes
                0x00000628       0x1d c:/program files (x86)/cypress/psoc creator/3.3/psoc creator/import/gnu/arm/4.9.3/bin/../lib/gcc/arm-none-eabi/4.9.3/armv7-m\libgcc.a(_arm_fixunssfsi.o)
 .ARM.attributes
                0x00000645       0x2d c:/program files (x86)/cypress/psoc creator/3.3/psoc creator/import/gnu/arm/4.9.3/bin/../lib/gcc/arm-none-eabi/4.9.3/../../../../arm-none-eabi/lib/armv7-m\libg_nano.a(lib_a-errno.o)
 .ARM.attributes
                0x00000672       0x2d c:/program files (x86)/cypress/psoc creator/3.3/psoc creator/import/gnu/arm/4.9.3/bin/../lib/gcc/arm-none-eabi/4.9.3/../../../../arm-none-eabi/lib/armv7-m\libg_nano.a(lib_a-exit.o)
 .ARM.attributes
                0x0000069f       0x2d c:/program files (x86)/cypress/psoc creator/3.3/psoc creator/import/gnu/arm/4.9.3/bin/../lib/gcc/arm-none-eabi/4.9.3/../../../../arm-none-eabi/lib/armv7-m\libg_nano.a(lib_a-impure.o)
 .ARM.attributes
                0x000006cc       0x2d c:/program files (x86)/cypress/psoc creator/3.3/psoc creator/import/gnu/arm/4.9.3/bin/../lib/gcc/arm-none-eabi/4.9.3/../../../../arm-none-eabi/lib/armv7-m\libg_nano.a(lib_a-init.o)
 .ARM.attributes
                0x000006f9       0x2d c:/program files (x86)/cypress/psoc creator/3.3/psoc creator/import/gnu/arm/4.9.3/bin/../lib/gcc/arm-none-eabi/4.9.3/../../../../arm-none-eabi/lib/armv7-m\libg_nano.a(lib_a-memcpy.o)
 .ARM.attributes
                0x00000726       0x2d c:/program files (x86)/cypress/psoc creator/3.3/psoc creator/import/gnu/arm/4.9.3/bin/../lib/gcc/arm-none-eabi/4.9.3/../../../../arm-none-eabi/lib/armv7-m\libg_nano.a(lib_a-memset.o)
 .ARM.attributes
                0x00000753       0x2d c:/program files (x86)/cypress/psoc creator/3.3/psoc creator/import/gnu/arm/4.9.3/bin/../lib/gcc/arm-none-eabi/4.9.3/armv7-m/crtend.o
 .ARM.attributes
                0x00000780       0x1d c:/program files (x86)/cypress/psoc creator/3.3/psoc creator/import/gnu/arm/4.9.3/bin/../lib/gcc/arm-none-eabi/4.9.3/armv7-m/crtn.o

/DISCARD/
 *(.note.GNU-stack)
OUTPUT(.\CortexM3\ARM_GCC_493\Debug\Voice_Recorder_1506.elf elf32-littlearm)
