Archive member included because of file (symbol)

.\ARM_GCC_493\Debug\ADC_SAR_PrISM01.a(cyfitter_cfg.o)
                              .\ARM_GCC_493\Debug\Cm3Start.o (cyfitter_cfg)
.\ARM_GCC_493\Debug\ADC_SAR_PrISM01.a(ADC_SAR_L.o)
                              .\ARM_GCC_493\Debug\main.o (ADC_SAR_L_Start)
.\ARM_GCC_493\Debug\ADC_SAR_PrISM01.a(ADC_SAR_L_INT.o)
                              .\ARM_GCC_493\Debug\ADC_SAR_PrISM01.a(ADC_SAR_L.o) (ADC_SAR_L_ISR)
.\ARM_GCC_493\Debug\ADC_SAR_PrISM01.a(LCD.o)
                              .\ARM_GCC_493\Debug\main.o (LCD_Start)
.\ARM_GCC_493\Debug\ADC_SAR_PrISM01.a(ADC_SAR_R.o)
                              .\ARM_GCC_493\Debug\main.o (ADC_SAR_R_Start)
.\ARM_GCC_493\Debug\ADC_SAR_PrISM01.a(ADC_SAR_R_INT.o)
                              .\ARM_GCC_493\Debug\ADC_SAR_PrISM01.a(ADC_SAR_R.o) (ADC_SAR_R_ISR)
.\ARM_GCC_493\Debug\ADC_SAR_PrISM01.a(Timer_1.o)
                              .\ARM_GCC_493\Debug\main.o (Timer_1_Start)
.\ARM_GCC_493\Debug\ADC_SAR_PrISM01.a(TimerISR.o)
                              .\ARM_GCC_493\Debug\main.o (TimerISR_StartEx)
.\ARM_GCC_493\Debug\ADC_SAR_PrISM01.a(UART_1.o)
                              .\ARM_GCC_493\Debug\main.o (UART_1_Start)
.\ARM_GCC_493\Debug\ADC_SAR_PrISM01.a(UART_1_INT.o)
                              .\ARM_GCC_493\Debug\ADC_SAR_PrISM01.a(UART_1.o) (UART_1_TXISR)
.\ARM_GCC_493\Debug\ADC_SAR_PrISM01.a(UART_2.o)
                              .\ARM_GCC_493\Debug\main.o (UART_2_Start)
.\ARM_GCC_493\Debug\ADC_SAR_PrISM01.a(UART_2_INT.o)
                              .\ARM_GCC_493\Debug\ADC_SAR_PrISM01.a(UART_2.o) (UART_2_TXISR)
.\ARM_GCC_493\Debug\ADC_SAR_PrISM01.a(UART_3.o)
                              .\ARM_GCC_493\Debug\main.o (UART_3_Start)
.\ARM_GCC_493\Debug\ADC_SAR_PrISM01.a(UART_3_INT.o)
                              .\ARM_GCC_493\Debug\ADC_SAR_PrISM01.a(UART_3.o) (UART_3_TXISR)
.\ARM_GCC_493\Debug\ADC_SAR_PrISM01.a(ADC_SAR_L_IRQ.o)
                              .\ARM_GCC_493\Debug\main.o (ADC_SAR_L_IRQ_StartEx)
.\ARM_GCC_493\Debug\ADC_SAR_PrISM01.a(ADC_SAR_L_theACLK.o)
                              .\ARM_GCC_493\Debug\ADC_SAR_PrISM01.a(ADC_SAR_L.o) (ADC_SAR_L_theACLK_SetModeRegister)
.\ARM_GCC_493\Debug\ADC_SAR_PrISM01.a(ADC_SAR_R_IRQ.o)
                              .\ARM_GCC_493\Debug\main.o (ADC_SAR_R_IRQ_StartEx)
.\ARM_GCC_493\Debug\ADC_SAR_PrISM01.a(ADC_SAR_R_theACLK.o)
                              .\ARM_GCC_493\Debug\ADC_SAR_PrISM01.a(ADC_SAR_R.o) (ADC_SAR_R_theACLK_SetModeRegister)
.\ARM_GCC_493\Debug\ADC_SAR_PrISM01.a(UART_1_IntClock.o)
                              .\ARM_GCC_493\Debug\ADC_SAR_PrISM01.a(UART_1.o) (UART_1_IntClock_Start)
.\ARM_GCC_493\Debug\ADC_SAR_PrISM01.a(UART_2_IntClock.o)
                              .\ARM_GCC_493\Debug\ADC_SAR_PrISM01.a(UART_2.o) (UART_2_IntClock_Start)
.\ARM_GCC_493\Debug\ADC_SAR_PrISM01.a(UART_3_IntClock.o)
                              .\ARM_GCC_493\Debug\ADC_SAR_PrISM01.a(UART_3.o) (UART_3_IntClock_Start)
.\ARM_GCC_493\Debug\ADC_SAR_PrISM01.a(CyBootAsmGnu.o)
                              .\ARM_GCC_493\Debug\ADC_SAR_PrISM01.a(cyfitter_cfg.o) (CyDelayCycles)
.\ARM_GCC_493\Debug\ADC_SAR_PrISM01.a(CyLib.o)
                              .\ARM_GCC_493\Debug\Cm3Start.o (CyResetStatus)
.\ARM_GCC_493\Debug\ADC_SAR_PrISM01.a(cyPm.o)
                              .\ARM_GCC_493\Debug\ADC_SAR_PrISM01.a(CyLib.o) (CyPmReadStatus)
.\ARM_GCC_493\Debug\ADC_SAR_PrISM01.a(CyFlash.o)
                              .\ARM_GCC_493\Debug\ADC_SAR_PrISM01.a(cyPm.o) (CyFlash_SetWaitCycles)
.\ARM_GCC_493\Debug\ADC_SAR_PrISM01.a(CySpc.o)
                              .\ARM_GCC_493\Debug\ADC_SAR_PrISM01.a(CyFlash.o) (CySpcStart)
d:/program files (x86)/cypress/psoc creator/3.3/psoc creator/import/gnu/arm/4.9.3/bin/../lib/gcc/arm-none-eabi/4.9.3/armv7-m\libgcc.a(_arm_addsubdf3.o)
                              .\ARM_GCC_493\Debug\pid.o (__aeabi_dadd)
d:/program files (x86)/cypress/psoc creator/3.3/psoc creator/import/gnu/arm/4.9.3/bin/../lib/gcc/arm-none-eabi/4.9.3/armv7-m\libgcc.a(_arm_muldivdf3.o)
                              .\ARM_GCC_493\Debug\pid.o (__aeabi_dmul)
d:/program files (x86)/cypress/psoc creator/3.3/psoc creator/import/gnu/arm/4.9.3/bin/../lib/gcc/arm-none-eabi/4.9.3/armv7-m\libgcc.a(_arm_truncdfsf2.o)
                              .\ARM_GCC_493\Debug\pid.o (__aeabi_d2f)
d:/program files (x86)/cypress/psoc creator/3.3/psoc creator/import/gnu/arm/4.9.3/bin/../lib/gcc/arm-none-eabi/4.9.3/armv7-m\libgcc.a(_arm_addsubsf3.o)
                              .\ARM_GCC_493\Debug\pid.o (__aeabi_fsub)
d:/program files (x86)/cypress/psoc creator/3.3/psoc creator/import/gnu/arm/4.9.3/bin/../lib/gcc/arm-none-eabi/4.9.3/armv7-m\libgcc.a(_arm_muldivsf3.o)
                              .\ARM_GCC_493\Debug\pid.o (__aeabi_fmul)
d:/program files (x86)/cypress/psoc creator/3.3/psoc creator/import/gnu/arm/4.9.3/bin/../lib/gcc/arm-none-eabi/4.9.3/armv7-m\libgcc.a(_arm_cmpsf2.o)
[...]
Memory Configuration

Name             Origin             Length             Attributes
rom              0x00000000         0x00040000         xr
ram              0x1fff8000         0x00010000         xrw
*default*        0x00000000         0xffffffff

Linker script and memory map

LOAD d:/program files (x86)/cypress/psoc creator/3.3/psoc creator/import/gnu/arm/4.9.3/bin/../lib/gcc/arm-none-eabi/4.9.3/armv7-m/crti.o
LOAD d:/program files (x86)/cypress/psoc creator/3.3/psoc creator/import/gnu/arm/4.9.3/bin/../lib/gcc/arm-none-eabi/4.9.3/armv7-m/crtbegin.o
LOAD d:/program files (x86)/cypress/psoc creator/3.3/psoc creator/import/gnu/arm/4.9.3/bin/../lib/gcc/arm-none-eabi/4.9.3/../../../../arm-none-eabi/lib/armv7-m/crt0.o
START GROUP
LOAD .\ARM_GCC_493\Debug\main.o
LOAD .\ARM_GCC_493\Debug\pid.o
LOAD .\ARM_GCC_493\Debug\ServoMotor.o
LOAD .\ARM_GCC_493\Debug\cymetadata.o
LOAD .\ARM_GCC_493\Debug\Cm3Start.o
LOAD .\ARM_GCC_493\Debug\ADC_SAR_PrISM01.a
LOAD D:\Program Files (x86)\Cypress\PSoC Creator\3.3\PSoC Creator\psoc\content\cycomponentlibrary\CyComponentLibrary.cylib\CortexM3\ARM_GCC_493\Debug\CyComponentLibrary.a
END GROUP
START GROUP
LOAD d:/program files (x86)/cypress/psoc creator/3.3/psoc creator/import/gnu/arm/4.9.3/bin/../lib/gcc/arm-none-eabi/4.9.3/armv7-m\libgcc.a
LOAD d:/program files (x86)/cypress/psoc creator/3.3/psoc creator/import/gnu/arm/4.9.3/bin/../lib/gcc/arm-none-eabi/4.9.3/../../../../arm-none-eabi/lib/armv7-m\libg_nano.a
LOAD d:/program files (x86)/cypress/psoc creator/3.3/psoc creator/import/gnu/arm/4.9.3/bin/../lib/gcc/arm-none-eabi/4.9.3/../../../../arm-none-eabi/lib/armv7-m\libc_nano.a
END GROUP
START GROUP
LOAD d:/program files (x86)/cypress/psoc creator/3.3/psoc creator/import/gnu/arm/4.9.3/bin/../lib/gcc/arm-none-eabi/4.9.3/armv7-m\libgcc.a
LOAD d:/program files (x86)/cypress/psoc creator/3.3/psoc creator/import/gnu/arm/4.9.3/bin/../lib/gcc/arm-none-eabi/4.9.3/../../../../arm-none-eabi/lib/armv7-m\libc_nano.a
END GROUP
LOAD d:/program files (x86)/cypress/psoc creator/3.3/psoc creator/import/gnu/arm/4.9.3/bin/../lib/gcc/arm-none-eabi/4.9.3/armv7-m/crtend.o
LOAD d:/program files (x86)/cypress/psoc creator/3.3/psoc creator/import/gnu/arm/4.9.3/bin/../lib/gcc/arm-none-eabi/4.9.3/armv7-m/crtn.o
START GROUP
LOAD d:/program files (x86)/cypress/psoc creator/3.3/psoc creator/import/gnu/arm/4.9.3/bin/../lib/gcc/arm-none-eabi/4.9.3/armv7-m\libgcc.a
LOAD d:/program files (x86)/cypress/psoc creator/3.3/psoc creator/import/gnu/arm/4.9.3/bin/../lib/gcc/arm-none-eabi/4.9.3/../../../../arm-none-eabi/lib/armv7-m\libc.a
LOAD d:/program files (x86)/cypress/psoc creator/3.3/psoc creator/import/gnu/arm/4.9.3/bin/../lib/gcc/arm-none-eabi/4.9.3/../../../../arm-none-eabi/lib/armv7-m\libnosys.a
END GROUP
                0x00000000                CY_APPL_ORIGIN = 0x0
                0x00000100                CY_FLASH_ROW_SIZE = 0x100
                0x00000020                CY_ECC_ROW_SIZE = 0x20
                0x00000000                CY_EE_IN_BTLDR = 0x0
                0x00000000                CY_APPL_LOADABLE = 0x0
                0x00000800                CY_EE_SIZE = 0x800
                0x00000001                CY_APPL_NUM = 0x1
                0x00000001                CY_APPL_MAX = 0x1
                0x00000040                CY_METADATA_SIZE = 0x40
                0x00000000                CY_APPL_LOADABLE = 0x0
                0x00000000                CY_CHECKSUM_EXCLUDE_SIZE = ALIGN (0x0, CY_FLASH_ROW_SIZE)
                0x1fff8300                PROVIDE (__cy_heap_start, _end)
                0x00000001                PROVIDE (__cy_region_num, ((__cy_regions_end - __cy_regions) / 0x10))
                0x20008000                PROVIDE (__cy_stack, (ORIGIN (ram) + 0x10000))
                0x20007800                PROVIDE (__cy_heap_end, (__cy_stack - 0x800))

.cybootloader   0x00000000        0x0
 *(.cybootloader)
                0x00000000                appl1_start = CY_APPL_ORIGIN?CY_APPL_ORIGIN:ALIGN (CY_FLASH_ROW_SIZE)
                0x0001ff00                appl2_start = (appl1_start + ALIGN ((((0x40000 - appl1_start) - (0x2 * CY_FLASH_ROW_SIZE)) / 0x2), CY_FLASH_ROW_SIZE))
                0x00000000                appl_start = (CY_APPL_NUM == 0x1)?appl1_start:appl2_start
                0x00000000                ecc_offset = ((appl_start / CY_FLASH_ROW_SIZE) * CY_ECC_ROW_SIZE)
                0x00000000                ee_offset = (CY_APPL_LOADABLE && ! (CY_EE_IN_BTLDR))?((CY_EE_SIZE / CY_APPL_MAX) * (CY_APPL_NUM - 0x1)):0x0
                0x00000800                ee_size = (CY_APPL_LOADABLE && ! (CY_EE_IN_BTLDR))?(CY_EE_SIZE / CY_APPL_MAX):CY_EE_SIZE
                0x00000000                PROVIDE (CY_ECC_OFFSET, ecc_offset)

.text           0x00000000     0x55c8
 CREATE_OBJECT_SYMBOLS
                0x00000000                PROVIDE (__cy_interrupt_vector, RomVectors)
 *(.romvectors)
 .romvectors    0x00000000       0x10 .\ARM_GCC_493\Debug\Cm3Start.o
                0x00000000                RomVectors
                0x00000001                ASSERT ((. != __cy_interrupt_vector), No interrupt vector)
                0x00000001                ASSERT (CY_APPL_ORIGIN?(SIZEOF (.cybootloader) <= CY_APPL_ORIGIN):0x1, Wrong image location)
                0x00000010                PROVIDE (__cy_reset, Reset)
 *(.text.Reset)
 .text.Reset    0x00000010       0x18 .\ARM_GCC_493\Debug\Cm3Start.o
                0x00000010                Reset
                0x00000001                ASSERT ((. != __cy_reset), No reset code)
 *(.dma_init)
 .dma_init      0x00000028      0x280 .\ARM_GCC_493\Debug\ADC_SAR_PrISM01.a(cyfitter_cfg.o)
                0x00000001                ASSERT ((((appl_start + .) <= 0x10000) || 0x0), DMA Init must be within the first 64k of flash)
 *(.text .text.* .gnu.linkonce.t.*)
 .text          0x000002a8       0x5c d:/program files (x86)/cypress/psoc creator/3.3/psoc creator/import/gnu/arm/4.9.3/bin/../lib/gcc/arm-none-eabi/4.9.3/armv7-m/crtbegin.o
 .text.InterruptHandler
                0x00000304       0x14 .\ARM_GCC_493\Debug\main.o
                0x00000304                InterruptHandler
 .text.ADC_SAR_R_ISR_LOC
                0x00000318       0x2c .\ARM_GCC_493\Debug\main.o
                0x00000318                ADC_SAR_R_ISR_LOC
 .text.ADC_SAR_L_ISR_LOC
                0x00000344       0x2c .\ARM_GCC_493\Debug\main.o
                0x00000344                ADC_SAR_L_ISR_LOC
 .text.main     0x00000370      0x268 .\ARM_GCC_493\Debug\main.o
                0x00000370                main
 .text.PID      0x000005d8      0x238 .\ARM_GCC_493\Debug\pid.o
                0x000005d8                PID
 .text.SetServoMode
                0x00000810       0x6c .\ARM_GCC_493\Debug\ServoMotor.o
                0x00000810                SetServoMode
 .text.SetMotorMode
                0x0000087c       0xb4 .\ARM_GCC_493\Debug\ServoMotor.o
                0x0000087c                SetMotorMode
 .text.IntDefaultHandler
                0x00000930        0x8 .\ARM_GCC_493\Debug\Cm3Start.o
                0x00000930                IntDefaultHandler
 .text._sbrk    0x00000938       0x54 .\ARM_GCC_493\Debug\Cm3Start.o
                0x00000938                _sbrk
 .text.Start_c  0x0000098c       0x98 .\ARM_GCC_493\Debug\Cm3Start.o
                0x0000098c                Start_c
 .text.initialize_psoc
                0x00000a24       0x8c .\ARM_GCC_493\Debug\Cm3Start.o
                0x00000a24                initialize_psoc
 .text.CYCONFIGCPY
                0x00000ab0       0x1c .\ARM_GCC_493\Debug\ADC_SAR_PrISM01.a(cyfitter_cfg.o)
 .text.CyClockStartupError
                0x00000acc        0xc .\ARM_GCC_493\Debug\ADC_SAR_PrISM01.a(cyfitter_cfg.o)
 .text.cfg_dma_init
                0x00000ad8      0x174 .\ARM_GCC_493\Debug\ADC_SAR_PrISM01.a(cyfitter_cfg.o)
 .text.ClockSetup
                0x00000c4c      0x1d0 .\ARM_GCC_493\Debug\ADC_SAR_PrISM01.a(cyfitter_cfg.o)
 .text.AnalogSetDefault
                0x00000e1c       0xe0 .\ARM_GCC_493\Debug\ADC_SAR_PrISM01.a(cyfitter_cfg.o)
 .text.cyfitter_cfg
                0x00000efc       0xf8 .\ARM_GCC_493\Debug\ADC_SAR_PrISM01.a(cyfitter_cfg.o)
                0x00000efc                cyfitter_cfg
 .text.ADC_SAR_L_Start
                0x00000ff4       0x20 .\ARM_GCC_493\Debug\ADC_SAR_PrISM01.a(ADC_SAR_L.o)
                0x00000ff4                ADC_SAR_L_Start
 .text.ADC_SAR_L_Init
                0x00001014       0x44 .\ARM_GCC_493\Debug\ADC_SAR_PrISM01.a(ADC_SAR_L.o)
                0x00001014                ADC_SAR_L_Init
 .text.ADC_SAR_L_Enable
                0x00001058       0xf4 .\ARM_GCC_493\Debug\ADC_SAR_PrISM01.a(ADC_SAR_L.o)
                0x00001058                ADC_SAR_L_Enable
 .text.ADC_SAR_L_SetResolution
                0x0000114c       0x50 .\ARM_GCC_493\Debug\ADC_SAR_PrISM01.a(ADC_SAR_L.o)
                0x0000114c                ADC_SAR_L_SetResolution
 .text.ADC_SAR_L_StartConvert
                0x0000119c       0x20 .\ARM_GCC_493\Debug\ADC_SAR_PrISM01.a(ADC_SAR_L.o)
                0x0000119c                ADC_SAR_L_StartConvert
 .text.ADC_SAR_L_CalcGain
                0x000011bc       0x80 .\ARM_GCC_493\Debug\ADC_SAR_PrISM01.a(ADC_SAR_L.o)
 .text.ADC_SAR_L_CountsTo_Volts
                0x0000123c       0x84 .\ARM_GCC_493\Debug\ADC_SAR_PrISM01.a(ADC_SAR_L.o)
                0x0000123c                ADC_SAR_L_CountsTo_Volts
 .text.ADC_SAR_L_ISR
                0x000012c0        0xc .\ARM_GCC_493\Debug\ADC_SAR_PrISM01.a(ADC_SAR_L_INT.o)
                0x000012c0                ADC_SAR_L_ISR
 .text.LCD_Init
                0x000012cc       0x6c .\ARM_GCC_493\Debug\ADC_SAR_PrISM01.a(LCD.o)
                0x000012cc                LCD_Init
 .text.LCD_Enable
                0x00001338       0x18 .\ARM_GCC_493\Debug\ADC_SAR_PrISM01.a(LCD.o)
                0x00001338                LCD_Enable
 .text.LCD_Start
                0x00001350       0x20 .\ARM_GCC_493\Debug\ADC_SAR_PrISM01.a(LCD.o)
                0x00001350                LCD_Start
 .text.LCD_Position
                0x00001370       0x6c .\ARM_GCC_493\Debug\ADC_SAR_PrISM01.a(LCD.o)
                0x00001370                LCD_Position
 .text.LCD_PrintString
                0x000013dc       0x38 .\ARM_GCC_493\Debug\ADC_SAR_PrISM01.a(LCD.o)
                0x000013dc                LCD_PrintString
 .text.LCD_WriteData
                0x00001414       0x34 .\ARM_GCC_493\Debug\ADC_SAR_PrISM01.a(LCD.o)
                0x00001414                LCD_WriteData
 .text.LCD_WriteControl
                0x00001448       0x34 .\ARM_GCC_493\Debug\ADC_SAR_PrISM01.a(LCD.o)
                0x00001448                LCD_WriteControl
 .text.LCD_IsReady
                0x0000147c      0x178 .\ARM_GCC_493\Debug\ADC_SAR_PrISM01.a(LCD.o)
                0x0000147c                LCD_IsReady
 .text.LCD_WrDatNib
                0x000015f4       0x78 .\ARM_GCC_493\Debug\ADC_SAR_PrISM01.a(LCD.o)
 .text.LCD_WrCntrlNib
                0x0000166c       0x60 .\ARM_GCC_493\Debug\ADC_SAR_PrISM01.a(LCD.o)
 .text.LCD_PrintU32Number
                0x000016cc       0xa4 .\ARM_GCC_493\Debug\ADC_SAR_PrISM01.a(LCD.o)
                0x000016cc                LCD_PrintU32Number
 .text.ADC_SAR_R_Start
                0x00001770       0x20 .\ARM_GCC_493\Debug\ADC_SAR_PrISM01.a(ADC_SAR_R.o)
                0x00001770                ADC_SAR_R_Start
 .text.ADC_SAR_R_Init
                0x00001790       0x44 .\ARM_GCC_493\Debug\ADC_SAR_PrISM01.a(ADC_SAR_R.o)
                0x00001790                ADC_SAR_R_Init
 .text.ADC_SAR_R_Enable
                0x000017d4       0xf4 .\ARM_GCC_493\Debug\ADC_SAR_PrISM01.a(ADC_SAR_R.o)
                0x000017d4                ADC_SAR_R_Enable
 .text.ADC_SAR_R_SetResolution
                0x000018c8       0x50 .\ARM_GCC_493\Debug\ADC_SAR_PrISM01.a(ADC_SAR_R.o)
                0x000018c8                ADC_SAR_R_SetResolution
 .text.ADC_SAR_R_StartConvert
                0x00001918       0x20 .\ARM_GCC_493\Debug\ADC_SAR_PrISM01.a(ADC_SAR_R.o)
                0x00001918                ADC_SAR_R_StartConvert
 .text.ADC_SAR_R_CalcGain
                0x00001938       0x80 .\ARM_GCC_493\Debug\ADC_SAR_PrISM01.a(ADC_SAR_R.o)
 .text.ADC_SAR_R_CountsTo_Volts
                0x000019b8       0x84 .\ARM_GCC_493\Debug\ADC_SAR_PrISM01.a(ADC_SAR_R.o)
                0x000019b8                ADC_SAR_R_CountsTo_Volts
 .text.ADC_SAR_R_ISR
                0x00001a3c        0xc .\ARM_GCC_493\Debug\ADC_SAR_PrISM01.a(ADC_SAR_R_INT.o)
                0x00001a3c                ADC_SAR_R_ISR
 .text.Timer_1_Init
                0x00001a48       0x48 .\ARM_GCC_493\Debug\ADC_SAR_PrISM01.a(Timer_1.o)
                0x00001a48                Timer_1_Init
 .text.Timer_1_Enable
                0x00001a90       0x20 .\ARM_GCC_493\Debug\ADC_SAR_PrISM01.a(Timer_1.o)
                0x00001a90                Timer_1_Enable
 .text.Timer_1_Start
                0x00001ab0       0x20 .\ARM_GCC_493\Debug\ADC_SAR_PrISM01.a(Timer_1.o)
                0x00001ab0                Timer_1_Start
 .text.Timer_1_SetInterruptMode
                0x00001ad0       0x20 .\ARM_GCC_493\Debug\ADC_SAR_PrISM01.a(Timer_1.o)
                0x00001ad0                Timer_1_SetInterruptMode
 .text.Timer_1_ReadStatusRegister
                0x00001af0       0x18 .\ARM_GCC_493\Debug\ADC_SAR_PrISM01.a(Timer_1.o)
                0x00001af0                Timer_1_ReadStatusRegister
 .text.Timer_1_WritePeriod
                0x00001b08       0x20 .\ARM_GCC_493\Debug\ADC_SAR_PrISM01.a(Timer_1.o)
                0x00001b08                Timer_1_WritePeriod
 .text.Timer_1_ReadCapture
                0x00001b28       0x18 .\ARM_GCC_493\Debug\ADC_SAR_PrISM01.a(Timer_1.o)
                0x00001b28                Timer_1_ReadCapture
 .text.Timer_1_WriteCounter
                0x00001b40       0x20 .\ARM_GCC_493\Debug\ADC_SAR_PrISM01.a(Timer_1.o)
                0x00001b40                Timer_1_WriteCounter
 .text.Timer_1_ClearFIFO
                0x00001b60       0x1c .\ARM_GCC_493\Debug\ADC_SAR_PrISM01.a(Timer_1.o)
                0x00001b60                Timer_1_ClearFIFO
 .text.TimerISR_StartEx
                0x00001b7c       0x24 .\ARM_GCC_493\Debug\ADC_SAR_PrISM01.a(TimerISR.o)
                0x00001b7c                TimerISR_StartEx
 .text.TimerISR_SetVector
                0x00001ba0       0x24 .\ARM_GCC_493\Debug\ADC_SAR_PrISM01.a(TimerISR.o)
                0x00001ba0                TimerISR_SetVector
 .text.TimerISR_SetPriority
                0x00001bc4       0x24 .\ARM_GCC_493\Debug\ADC_SAR_PrISM01.a(TimerISR.o)
                0x00001bc4                TimerISR_SetPriority
 .text.TimerISR_Enable
                0x00001be8       0x18 .\ARM_GCC_493\Debug\ADC_SAR_PrISM01.a(TimerISR.o)
                0x00001be8                TimerISR_Enable
 .text.TimerISR_Disable
                0x00001c00       0x18 .\ARM_GCC_493\Debug\ADC_SAR_PrISM01.a(TimerISR.o)
                0x00001c00                TimerISR_Disable
 .text.UART_1_Start
                0x00001c18       0x20 .\ARM_GCC_493\Debug\ADC_SAR_PrISM01.a(UART_1.o)
                0x00001c18                UART_1_Start
 .text.UART_1_Init
                0x00001c38       0x38 .\ARM_GCC_493\Debug\ADC_SAR_PrISM01.a(UART_1.o)
                0x00001c38                UART_1_Init
 .text.UART_1_Enable
                0x00001c70       0x48 .\ARM_GCC_493\Debug\ADC_SAR_PrISM01.a(UART_1.o)
                0x00001c70                UART_1_Enable
 .text.UART_1_PutChar
                0x00001cb8       0xb8 .\ARM_GCC_493\Debug\ADC_SAR_PrISM01.a(UART_1.o)
                0x00001cb8                UART_1_PutChar
 .text.UART_1_TXISR
                0x00001d70       0x70 .\ARM_GCC_493\Debug\ADC_SAR_PrISM01.a(UART_1_INT.o)
                0x00001d70                UART_1_TXISR
 .text.UART_2_Start
                0x00001de0       0x20 .\ARM_GCC_493\Debug\ADC_SAR_PrISM01.a(UART_2.o)
                0x00001de0                UART_2_Start
 .text.UART_2_Init
                0x00001e00       0x38 .\ARM_GCC_493\Debug\ADC_SAR_PrISM01.a(UART_2.o)
                0x00001e00                UART_2_Init
 .text.UART_2_Enable
                0x00001e38       0x48 .\ARM_GCC_493\Debug\ADC_SAR_PrISM01.a(UART_2.o)
                0x00001e38                UART_2_Enable
 .text.UART_2_PutChar
                0x00001e80       0xb8 .\ARM_GCC_493\Debug\ADC_SAR_PrISM01.a(UART_2.o)
                0x00001e80                UART_2_PutChar
 .text.UART_2_TXISR
                0x00001f38       0x70 .\ARM_GCC_493\Debug\ADC_SAR_PrISM01.a(UART_2_INT.o)
                0x00001f38                UART_2_TXISR
 .text.UART_3_Start
                0x00001fa8       0x20 .\ARM_GCC_493\Debug\ADC_SAR_PrISM01.a(UART_3.o)
                0x00001fa8                UART_3_Start
 .text.UART_3_Init
                0x00001fc8       0x38 .\ARM_GCC_493\Debug\ADC_SAR_PrISM01.a(UART_3.o)
                0x00001fc8                UART_3_Init
 .text.UART_3_Enable
                0x00002000       0x48 .\ARM_GCC_493\Debug\ADC_SAR_PrISM01.a(UART_3.o)
                0x00002000                UART_3_Enable
 .text.UART_3_PutChar
                0x00002048       0xb8 .\ARM_GCC_493\Debug\ADC_SAR_PrISM01.a(UART_3.o)
                0x00002048                UART_3_PutChar
 .text.UART_3_TXISR
                0x00002100       0x70 .\ARM_GCC_493\Debug\ADC_SAR_PrISM01.a(UART_3_INT.o)
                0x00002100                UART_3_TXISR
 .text.ADC_SAR_L_IRQ_StartEx
                0x00002170       0x24 .\ARM_GCC_493\Debug\ADC_SAR_PrISM01.a(ADC_SAR_L_IRQ.o)
                0x00002170                ADC_SAR_L_IRQ_StartEx
 .text.ADC_SAR_L_IRQ_SetVector
                0x00002194       0x24 .\ARM_GCC_493\Debug\ADC_SAR_PrISM01.a(ADC_SAR_L_IRQ.o)
                0x00002194                ADC_SAR_L_IRQ_SetVector
 .text.ADC_SAR_L_IRQ_SetPriority
                0x000021b8       0x24 .\ARM_GCC_493\Debug\ADC_SAR_PrISM01.a(ADC_SAR_L_IRQ.o)
                0x000021b8                ADC_SAR_L_IRQ_SetPriority
 .text.ADC_SAR_L_IRQ_Enable
                0x000021dc       0x18 .\ARM_GCC_493\Debug\ADC_SAR_PrISM01.a(ADC_SAR_L_IRQ.o)
                0x000021dc                ADC_SAR_L_IRQ_Enable
 .text.ADC_SAR_L_IRQ_Disable
                0x000021f4       0x18 .\ARM_GCC_493\Debug\ADC_SAR_PrISM01.a(ADC_SAR_L_IRQ.o)
                0x000021f4                ADC_SAR_L_IRQ_Disable
 .text.ADC_SAR_L_theACLK_SetModeRegister
                0x0000220c       0x34 .\ARM_GCC_493\Debug\ADC_SAR_PrISM01.a(ADC_SAR_L_theACLK.o)
                0x0000220c                ADC_SAR_L_theACLK_SetModeRegister
 .text.ADC_SAR_R_IRQ_StartEx
                0x00002240       0x24 .\ARM_GCC_493\Debug\ADC_SAR_PrISM01.a(ADC_SAR_R_IRQ.o)
                0x00002240                ADC_SAR_R_IRQ_StartEx
 .text.ADC_SAR_R_IRQ_SetVector
                0x00002264       0x24 .\ARM_GCC_493\Debug\ADC_SAR_PrISM01.a(ADC_SAR_R_IRQ.o)
                0x00002264                ADC_SAR_R_IRQ_SetVector
 .text.ADC_SAR_R_IRQ_SetPriority
                0x00002288       0x24 .\ARM_GCC_493\Debug\ADC_SAR_PrISM01.a(ADC_SAR_R_IRQ.o)
                0x00002288                ADC_SAR_R_IRQ_SetPriority
 .text.ADC_SAR_R_IRQ_Enable
                0x000022ac       0x18 .\ARM_GCC_493\Debug\ADC_SAR_PrISM01.a(ADC_SAR_R_IRQ.o)
                0x000022ac                ADC_SAR_R_IRQ_Enable
 .text.ADC_SAR_R_IRQ_Disable
                0x000022c4       0x18 .\ARM_GCC_493\Debug\ADC_SAR_PrISM01.a(ADC_SAR_R_IRQ.o)
                0x000022c4                ADC_SAR_R_IRQ_Disable
 .text.ADC_SAR_R_theACLK_SetModeRegister
                0x000022dc       0x34 .\ARM_GCC_493\Debug\ADC_SAR_PrISM01.a(ADC_SAR_R_theACLK.o)
                0x000022dc                ADC_SAR_R_theACLK_SetModeRegister
 .text.UART_1_IntClock_Start
                0x00002310       0x34 .\ARM_GCC_493\Debug\ADC_SAR_PrISM01.a(UART_1_IntClock.o)
                0x00002310                UART_1_IntClock_Start
 .text.UART_2_IntClock_Start
                0x00002344       0x34 .\ARM_GCC_493\Debug\ADC_SAR_PrISM01.a(UART_2_IntClock.o)
                0x00002344                UART_2_IntClock_Start
 .text.UART_3_IntClock_Start
                0x00002378       0x34 .\ARM_GCC_493\Debug\ADC_SAR_PrISM01.a(UART_3_IntClock.o)
                0x00002378                UART_3_IntClock_Start
 *fill*         0x000023ac        0x4 
 .text          0x000023b0       0x20 .\ARM_GCC_493\Debug\ADC_SAR_PrISM01.a(CyBootAsmGnu.o)
                0x000023b0                CyDelayCycles
                0x000023c0                CyEnterCriticalSection
                0x000023c8                CyExitCriticalSection
 .text.CyHalt   0x000023d0       0x18 .\ARM_GCC_493\Debug\ADC_SAR_PrISM01.a(CyLib.o)
                0x000023d0                CyHalt
 .text.CyDelay  0x000023e8       0x44 .\ARM_GCC_493\Debug\ADC_SAR_PrISM01.a(CyLib.o)
                0x000023e8                CyDelay
 .text.CyDelayUs
                0x0000242c       0x24 .\ARM_GCC_493\Debug\ADC_SAR_PrISM01.a(CyLib.o)
                0x0000242c                CyDelayUs
 .text.CyIntSetVector
                0x00002450       0x50 .\ARM_GCC_493\Debug\ADC_SAR_PrISM01.a(CyLib.o)
                0x00002450                CyIntSetVector
 .text.CyIntSetPriority
                0x000024a0       0x44 .\ARM_GCC_493\Debug\ADC_SAR_PrISM01.a(CyLib.o)
                0x000024a0                CyIntSetPriority
 .text          0x000024e4      0x370 d:/program files (x86)/cypress/psoc creator/3.3/psoc creator/import/gnu/arm/4.9.3/bin/../lib/gcc/arm-none-eabi/4.9.3/armv7-m\libgcc.a(_arm_addsubdf3.o)
                0x000024e4                __aeabi_drsub
                0x000024ec                __aeabi_dsub
                0x000024ec                __subdf3
                0x000024f0                __aeabi_dadd
                0x000024f0                __adddf3
                0x00002768                __floatunsidf
                0x00002768                __aeabi_ui2d
                0x00002788                __floatsidf
                0x00002788                __aeabi_i2d
                0x000027ac                __aeabi_f2d
                0x000027ac                __extendsfdf2
                0x000027e8                __floatundidf
                0x000027e8                __aeabi_ul2d
                0x000027f8                __floatdidf
                0x000027f8                __aeabi_l2d
 .text          0x00002854      0x424 d:/program files (x86)/cypress/psoc creator/3.3/psoc creator/import/gnu/arm/4.9.3/bin/../lib/gcc/arm-none-eabi/4.9.3/armv7-m\libgcc.a(_arm_muldivdf3.o)
                0x00002854                __aeabi_dmul
                0x00002854                __muldf3
                0x00002aa8                __divdf3
                0x00002aa8                __aeabi_ddiv
 .text          0x00002c78       0xa0 d:/program files (x86)/cypress/psoc creator/3.3/psoc creator/import/gnu/arm/4.9.3/bin/../lib/gcc/arm-none-eabi/4.9.3/armv7-m\libgcc.a(_arm_truncdfsf2.o)
                0x00002c78                __truncdfsf2
                0x00002c78                __aeabi_d2f
 .text          0x00002d18      0x21c d:/program files (x86)/cypress/psoc creator/3.3/psoc creator/import/gnu/arm/4.9.3/bin/../lib/gcc/arm-none-eabi/4.9.3/armv7-m\libgcc.a(_arm_addsubsf3.o)
                0x00002d18                __aeabi_frsub
                0x00002d20                __subsf3
                0x00002d20                __aeabi_fsub
                0x00002d24                __aeabi_fadd
                0x00002d24                __addsf3
                0x00002e84                __aeabi_ui2f
                0x00002e84                __floatunsisf
                0x00002e8c                __aeabi_i2f
                0x00002e8c                __floatsisf
                0x00002ea8                __aeabi_ul2f
                0x00002ea8                __floatundisf
                0x00002eb8                __aeabi_l2f
                0x00002eb8                __floatdisf
 .text          0x00002f34      0x2a0 d:/program files (x86)/cypress/psoc creator/3.3/psoc creator/import/gnu/arm/4.9.3/bin/../lib/gcc/arm-none-eabi/4.9.3/armv7-m\libgcc.a(_arm_muldivsf3.o)
                0x00002f34                __mulsf3
                0x00002f34                __aeabi_fmul
                0x0000309c                __aeabi_fdiv
                0x0000309c                __divsf3
 .text          0x000031d4       0xec d:/program files (x86)/cypress/psoc creator/3.3/psoc creator/import/gnu/arm/4.9.3/bin/../lib/gcc/arm-none-eabi/4.9.3/armv7-m\libgcc.a(_arm_cmpsf2.o)
                0x000031d4                __gesf2
                0x000031d4                __gtsf2
                0x000031dc                __lesf2
                0x000031dc                __ltsf2
                0x000031e4                __nesf2
                0x000031e4                __eqsf2
                0x000031e4                __cmpsf2
                0x00003244                __aeabi_cfrcmple
                0x0000324c                __aeabi_cfcmpeq
                0x0000324c                __aeabi_cfcmple
                0x0000325c                __aeabi_fcmpeq
                0x00003270                __aeabi_fcmplt
                0x00003284                __aeabi_fcmple
                0x00003298                __aeabi_fcmpge
                0x000032ac                __aeabi_fcmpgt
 .text          0x000032c0       0x4c d:/program files (x86)/cypress/psoc creator/3.3/psoc creator/import/gnu/arm/4.9.3/bin/../lib/gcc/arm-none-eabi/4.9.3/armv7-m\libgcc.a(_arm_fixsfsi.o)
                0x000032c0                __aeabi_f2iz
                0x000032c0                __fixsfsi
 .text          0x0000330c       0x40 d:/program files (x86)/cypress/psoc creator/3.3/psoc creator/import/gnu/arm/4.9.3/bin/../lib/gcc/arm-none-eabi/4.9.3/armv7-m\libgcc.a(_arm_fixunssfsi.o)
                0x0000330c                __fixunssfsi
                0x0000330c                __aeabi_f2uiz
 .text.__errno  0x0000334c        0xc d:/program files (x86)/cypress/psoc creator/3.3/psoc creator/import/gnu/arm/4.9.3/bin/../lib/gcc/arm-none-eabi/4.9.3/../../../../arm-none-eabi/lib/armv7-m\libg_nano.a(lib_a-errno.o)
                0x0000334c                __errno
 .text.__libc_init_array
                0x00003358       0x4c d:/program files (x86)/cypress/psoc creator/3.3/psoc creator/import/gnu/arm/4.9.3/bin/../lib/gcc/arm-none-eabi/4.9.3/../../../../arm-none-eabi/lib/armv7-m\libg_nano.a(lib_a-init.o)
                0x00003358                __libc_init_array
 .text.memcpy   0x000033a4       0x16 d:/program files (x86)/cypress/psoc creator/3.3/psoc creator/import/gnu/arm/4.9.3/bin/../lib/gcc/arm-none-eabi/4.9.3/../../../../arm-none-eabi/lib/armv7-m\libg_nano.a(lib_a-memcpy.o)
                0x000033a4                memcpy
 .text.memset   0x000033ba       0x10 d:/program files (x86)/cypress/psoc creator/3.3/psoc creator/import/gnu/arm/4.9.3/bin/../lib/gcc/arm-none-eabi/4.9.3/../../../../arm-none-eabi/lib/armv7-m\libg_nano.a(lib_a-memset.o)
                0x000033ba                memset
 .text.__cvt    0x000033ca       0xbc d:/program files (x86)/cypress/psoc creator/3.3/psoc creator/import/gnu/arm/4.9.3/bin/../lib/gcc/arm-none-eabi/4.9.3/../../../../arm-none-eabi/lib/armv7-m\libg_nano.a(lib_a-nano-vfprintf_float.o)
                0x000033ca                __cvt
 .text.__exponent
                0x00003486       0x62 d:/program files (x86)/cypress/psoc creator/3.3/psoc creator/import/gnu/arm/4.9.3/bin/../lib/gcc/arm-none-eabi/4.9.3/../../../../arm-none-eabi/lib/armv7-m\libg_nano.a(lib_a-nano-vfprintf_float.o)
                0x00003486                __exponent
 .text._printf_float
                0x000034e8      0x48c d:/program files (x86)/cypress/psoc creator/3.3/psoc creator/import/gnu/arm/4.9.3/bin/../lib/gcc/arm-none-eabi/4.9.3/../../../../arm-none-eabi/lib/armv7-m\libg_nano.a(lib_a-nano-vfprintf_float.o)
                0x000034e8                _printf_float
 .text._printf_common
                0x00003974       0xea d:/program files (x86)/cypress/psoc creator/3.3/psoc creator/import/gnu/arm/4.9.3/bin/../lib/gcc/arm-none-eabi/4.9.3/../../../../arm-none-eabi/lib/armv7-m\libg_nano.a(lib_a-nano-vfprintf_i.o)
                0x00003974                _printf_common
 *fill*         0x00003a5e        0x2 
 .text._printf_i
                0x00003a60      0x240 d:/program files (x86)/cypress/psoc creator/3.3/psoc creator/import/gnu/arm/4.9.3/bin/../lib/gcc/arm-none-eabi/4.9.3/../../../../arm-none-eabi/lib/armv7-m\libg_nano.a(lib_a-nano-vfprintf_i.o)
                0x00003a60                _printf_i
 .text.__fpclassifyd
                0x00003ca0       0x50 d:/program files (x86)/cypress/psoc creator/3.3/psoc creator/import/gnu/arm/4.9.3/bin/../lib/gcc/arm-none-eabi/4.9.3/../../../../arm-none-eabi/lib/armv7-m\libg_nano.a(lib_a-s_fpclassify.o)
                0x00003ca0                __fpclassifyd
 .text.sprintf  0x00003cf0       0x48 d:/program files (x86)/cypress/psoc creator/3.3/psoc creator/import/gnu/arm/4.9.3/bin/../lib/gcc/arm-none-eabi/4.9.3/../../../../arm-none-eabi/lib/armv7-m\libg_nano.a(lib_a-sprintf.o)
                0x00003cf0                siprintf
                0x00003cf0                sprintf
 .text.strlen   0x00003d38       0x10 d:/program files (x86)/cypress/psoc creator/3.3/psoc creator/import/gnu/arm/4.9.3/bin/../lib/gcc/arm-none-eabi/4.9.3/../../../../arm-none-eabi/lib/armv7-m\libg_nano.a(lib_a-strlen.o)
                0x00003d38                strlen
 .text.quorem   0x00003d48      0x114 d:/program files (x86)/cypress/psoc creator/3.3/psoc creator/import/gnu/arm/4.9.3/bin/../lib/gcc/arm-none-eabi/4.9.3/../../../../arm-none-eabi/lib/armv7-m\libg_nano.a(lib_a-dtoa.o)
 *fill*         0x00003e5c        0x4 
 .text._dtoa_r  0x00003e60      0xb78 d:/program files (x86)/cypress/psoc creator/3.3/psoc creator/import/gnu/arm/4.9.3/bin/../lib/gcc/arm-none-eabi/4.9.3/../../../../arm-none-eabi/lib/armv7-m\libg_nano.a(lib_a-dtoa.o)
                0x00003e60                _dtoa_r
 .text._localeconv_r
                0x000049d8        0x8 d:/program files (x86)/cypress/psoc creator/3.3/psoc creator/import/gnu/arm/4.9.3/bin/../lib/gcc/arm-none-eabi/4.9.3/../../../../arm-none-eabi/lib/armv7-m\libg_nano.a(lib_a-locale.o)
                0x000049d8                _localeconv_r
 .text.malloc   0x000049e0       0x10 d:/program files (x86)/cypress/psoc creator/3.3/psoc creator/import/gnu/arm/4.9.3/bin/../lib/gcc/arm-none-eabi/4.9.3/../../../../arm-none-eabi/lib/armv7-m\libg_nano.a(lib_a-malloc.o)
                0x000049e0                malloc
 .text.memchr   0x000049f0       0x1c d:/program files (x86)/cypress/psoc creator/3.3/psoc creator/import/gnu/arm/4.9.3/bin/../lib/gcc/arm-none-eabi/4.9.3/../../../../arm-none-eabi/lib/armv7-m\libg_nano.a(lib_a-memchr.o)
                0x000049f0                memchr
 .text._Balloc  0x00004a0c       0x6a d:/program files (x86)/cypress/psoc creator/3.3/psoc creator/import/gnu/arm/4.9.3/bin/../lib/gcc/arm-none-eabi/4.9.3/../../../../arm-none-eabi/lib/armv7-m\libg_nano.a(lib_a-mprec.o)
                0x00004a0c                _Balloc
 .text._Bfree   0x00004a76       0x2e d:/program files (x86)/cypress/psoc creator/3.3/psoc creator/import/gnu/arm/4.9.3/bin/../lib/gcc/arm-none-eabi/4.9.3/../../../../arm-none-eabi/lib/armv7-m\libg_nano.a(lib_a-mprec.o)
                0x00004a76                _Bfree
 .text.__multadd
                0x00004aa4       0x7c d:/program files (x86)/cypress/psoc creator/3.3/psoc creator/import/gnu/arm/4.9.3/bin/../lib/gcc/arm-none-eabi/4.9.3/../../../../arm-none-eabi/lib/armv7-m\libg_nano.a(lib_a-mprec.o)
                0x00004aa4                __multadd
 .text.__hi0bits
                0x00004b20       0x40 d:/program files (x86)/cypress/psoc creator/3.3/psoc creator/import/gnu/arm/4.9.3/bin/../lib/gcc/arm-none-eabi/4.9.3/../../../../arm-none-eabi/lib/armv7-m\libg_nano.a(lib_a-mprec.o)
                0x00004b20                __hi0bits
 .text.__lo0bits
                0x00004b60       0x5a d:/program files (x86)/cypress/psoc creator/3.3/psoc creator/import/gnu/arm/4.9.3/bin/../lib/gcc/arm-none-eabi/4.9.3/../../../../arm-none-eabi/lib/armv7-m\libg_nano.a(lib_a-mprec.o)
                0x00004b60                __lo0bits
 .text.__i2b    0x00004bba       0x12 d:/program files (x86)/cypress/psoc creator/3.3/psoc creator/import/gnu/arm/4.9.3/bin/../lib/gcc/arm-none-eabi/4.9.3/../../../../arm-none-eabi/lib/armv7-m\libg_nano.a(lib_a-mprec.o)
                0x00004bba                __i2b
 .text.__multiply
                0x00004bcc      0x120 d:/program files (x86)/cypress/psoc creator/3.3/psoc creator/import/gnu/arm/4.9.3/bin/../lib/gcc/arm-none-eabi/4.9.3/../../../../arm-none-eabi/lib/armv7-m\libg_nano.a(lib_a-mprec.o)
                0x00004bcc                __multiply
 .text.__pow5mult
                0x00004cec       0x9c d:/program files (x86)/cypress/psoc creator/3.3/psoc creator/import/gnu/arm/4.9.3/bin/../lib/gcc/arm-none-eabi/4.9.3/../../../../arm-none-eabi/lib/armv7-m\libg_nano.a(lib_a-mprec.o)
                0x00004cec                __pow5mult
 .text.__lshift
                0x00004d88       0xa6 d:/program files (x86)/cypress/psoc creator/3.3/psoc creator/import/gnu/arm/4.9.3/bin/../lib/gcc/arm-none-eabi/4.9.3/../../../../arm-none-eabi/lib/armv7-m\libg_nano.a(lib_a-mprec.o)
                0x00004d88                __lshift
 .text.__mcmp   0x00004e2e       0x38 d:/program files (x86)/cypress/psoc creator/3.3/psoc creator/import/gnu/arm/4.9.3/bin/../lib/gcc/arm-none-eabi/4.9.3/../../../../arm-none-eabi/lib/armv7-m\libg_nano.a(lib_a-mprec.o)
                0x00004e2e                __mcmp
 .text.__mdiff  0x00004e66       0xbe d:/program files (x86)/cypress/psoc creator/3.3/psoc creator/import/gnu/arm/4.9.3/bin/../lib/gcc/arm-none-eabi/4.9.3/../../../../arm-none-eabi/lib/armv7-m\libg_nano.a(lib_a-mprec.o)
                0x00004e66                __mdiff
 .text.__d2b    0x00004f24       0xa4 d:/program files (x86)/cypress/psoc creator/3.3/psoc creator/import/gnu/arm/4.9.3/bin/../lib/gcc/arm-none-eabi/4.9.3/../../../../arm-none-eabi/lib/armv7-m\libg_nano.a(lib_a-mprec.o)
                0x00004f24                __d2b
 .text._calloc_r
                0x00004fc8       0x1c d:/program files (x86)/cypress/psoc creator/3.3/psoc creator/import/gnu/arm/4.9.3/bin/../lib/gcc/arm-none-eabi/4.9.3/../../../../arm-none-eabi/lib/armv7-m\libg_nano.a(lib_a-nano-callocr.o)
                0x00004fc8                _calloc_r
 .text._free_r  0x00004fe4       0x88 d:/program files (x86)/cypress/psoc creator/3.3/psoc creator/import/gnu/arm/4.9.3/bin/../lib/gcc/arm-none-eabi/4.9.3/../../../../arm-none-eabi/lib/armv7-m\libg_nano.a(lib_a-nano-freer.o)
                0x00004fe4                _free_r
 .text._malloc_r
                0x0000506c       0xac d:/program files (x86)/cypress/psoc creator/3.3/psoc creator/import/gnu/arm/4.9.3/bin/../lib/gcc/arm-none-eabi/4.9.3/../../../../arm-none-eabi/lib/armv7-m\libg_nano.a(lib_a-nano-mallocr.o)
                0x0000506c                _malloc_r
 .text.__ssputs_r
                0x00005118       0xb2 d:/program files (x86)/cypress/psoc creator/3.3/psoc creator/import/gnu/arm/4.9.3/bin/../lib/gcc/arm-none-eabi/4.9.3/../../../../arm-none-eabi/lib/armv7-m\libg_nano.a(lib_a-nano-svfprintf.o)
                0x00005118                __ssputs_r
 *fill*         0x000051ca        0x2 
 .text._svfprintf_r
                0x000051cc      0x1e4 d:/program files (x86)/cypress/psoc creator/3.3/psoc creator/import/gnu/arm/4.9.3/bin/../lib/gcc/arm-none-eabi/4.9.3/../../../../arm-none-eabi/lib/armv7-m\libg_nano.a(lib_a-nano-svfprintf.o)
                0x000051cc                _svfiprintf_r
                0x000051cc                _svfprintf_r
 .text._sbrk_r  0x000053b0       0x20 d:/program files (x86)/cypress/psoc creator/3.3/psoc creator/import/gnu/arm/4.9.3/bin/../lib/gcc/arm-none-eabi/4.9.3/../../../../arm-none-eabi/lib/armv7-m\libg_nano.a(lib_a-sbrkr.o)
                0x000053b0                _sbrk_r
 .text.memmove  0x000053d0       0x36 d:/program files (x86)/cypress/psoc creator/3.3/psoc creator/import/gnu/arm/4.9.3/bin/../lib/gcc/arm-none-eabi/4.9.3/../../../../arm-none-eabi/lib/armv7-m\libg_nano.a(lib_a-memmove.o)
                0x000053d0                memmove
 .text._realloc_r
                0x00005406       0x4c d:/program files (x86)/cypress/psoc creator/3.3/psoc creator/import/gnu/arm/4.9.3/bin/../lib/gcc/arm-none-eabi/4.9.3/../../../../arm-none-eabi/lib/armv7-m\libg_nano.a(lib_a-nano-reallocr.o)
                0x00005406                _realloc_r
 .text._malloc_usable_size_r
                0x00005452       0x14 d:/program files (x86)/cypress/psoc creator/3.3/psoc creator/import/gnu/arm/4.9.3/bin/../lib/gcc/arm-none-eabi/4.9.3/../../../../arm-none-eabi/lib/armv7-m\libg_nano.a(lib_a-nano-msizer.o)
                0x00005452                _malloc_usable_size_r
 *fill*         0x00005466        0x2 
 .text          0x00005468      0x110 d:/program files (x86)/cypress/psoc creator/3.3/psoc creator/import/gnu/arm/4.9.3/bin/../lib/gcc/arm-none-eabi/4.9.3/armv7-m\libgcc.a(_arm_cmpdf2.o)
                0x00005468                __gtdf2
                0x00005468                __gedf2
                0x00005470                __ltdf2
                0x00005470                __ledf2
                0x00005478                __nedf2
                0x00005478                __eqdf2
                0x00005478                __cmpdf2
                0x000054f4                __aeabi_cdrcmple
                0x00005504                __aeabi_cdcmpeq
                0x00005504                __aeabi_cdcmple
                0x00005514                __aeabi_dcmpeq
                0x00005528                __aeabi_dcmplt
                0x0000553c                __aeabi_dcmple
                0x00005550                __aeabi_dcmpge
                0x00005564                __aeabi_dcmpgt
 .text          0x00005578       0x50 d:/program files (x86)/cypress/psoc creator/3.3/psoc creator/import/gnu/arm/4.9.3/bin/../lib/gcc/arm-none-eabi/4.9.3/armv7-m\libgcc.a(_arm_fixdfsi.o)
                0x00005578                __aeabi_d2iz
                0x00005578                __fixdfsi
 *(.plt)
 *(.gnu.warning)
 *(.glue_7t)
 .glue_7t       0x00000000        0x0 linker stubs
 *(.glue_7)
 .glue_7        0x00000000        0x0 linker stubs
 *(.vfp11_veneer)
 .vfp11_veneer  0x00000000        0x0 linker stubs
 *(.bootloader)
 *(.ARM.extab* .gnu.linkonce.armextab.*)
 *(.gcc_except_table)

.v4_bx          0x000055c8        0x0
 .v4_bx         0x00000000        0x0 linker stubs

.iplt           0x000055c8        0x0
 .iplt          0x00000000        0x0 d:/program files (x86)/cypress/psoc creator/3.3/psoc creator/import/gnu/arm/4.9.3/bin/../lib/gcc/arm-none-eabi/4.9.3/armv7-m/crtbegin.o

.eh_frame_hdr
 *(.eh_frame_hdr)

.eh_frame       0x000055c8        0x4
 *(.eh_frame)
 .eh_frame      0x000055c8        0x0 d:/program files (x86)/cypress/psoc creator/3.3/psoc creator/import/gnu/arm/4.9.3/bin/../lib/gcc/arm-none-eabi/4.9.3/armv7-m/crtbegin.o
 .eh_frame      0x000055c8        0x0 d:/program files (x86)/cypress/psoc creator/3.3/psoc creator/import/gnu/arm/4.9.3/bin/../lib/gcc/arm-none-eabi/4.9.3/../../../../arm-none-eabi/lib/armv7-m\libg_nano.a(lib_a-strcmp.o)
                                 0x28 (size before relaxing)
 .eh_frame      0x000055c8        0x4 d:/program files (x86)/cypress/psoc creator/3.3/psoc creator/import/gnu/arm/4.9.3/bin/../lib/gcc/arm-none-eabi/4.9.3/armv7-m/crtend.o
                0x000055cc                PROVIDE (__exidx_start, .)

.ARM.exidx
 *(.ARM.exidx* .gnu.linkonce.armexidx.*)
                0x000055cc                __exidx_end = .

.rodata         0x000055d0      0x2f0
 *(.rodata .rodata.* .gnu.linkonce.r.*)
 .rodata        0x000055d0       0x30 .\ARM_GCC_493\Debug\main.o
 .rodata        0x00005600      0x12c .\ARM_GCC_493\Debug\ADC_SAR_PrISM01.a(cyfitter_cfg.o)
 .rodata.str1.1
                0x0000572c        0x2 d:/program files (x86)/cypress/psoc creator/3.3/psoc creator/import/gnu/arm/4.9.3/bin/../lib/gcc/arm-none-eabi/4.9.3/../../../../arm-none-eabi/lib/armv7-m\libg_nano.a(lib_a-impure.o)
 .rodata.str1.1
                0x0000572e       0x12 d:/program files (x86)/cypress/psoc creator/3.3/psoc creator/import/gnu/arm/4.9.3/bin/../lib/gcc/arm-none-eabi/4.9.3/../../../../arm-none-eabi/lib/armv7-m\libg_nano.a(lib_a-nano-vfprintf_float.o)
 .rodata.str1.1
                0x00005740       0x22 d:/program files (x86)/cypress/psoc creator/3.3/psoc creator/import/gnu/arm/4.9.3/bin/../lib/gcc/arm-none-eabi/4.9.3/../../../../arm-none-eabi/lib/armv7-m\libg_nano.a(lib_a-nano-vfprintf_i.o)
 .rodata.str1.1
                0x00005762        0xd d:/program files (x86)/cypress/psoc creator/3.3/psoc creator/import/gnu/arm/4.9.3/bin/../lib/gcc/arm-none-eabi/4.9.3/../../../../arm-none-eabi/lib/armv7-m\libg_nano.a(lib_a-dtoa.o)
                                  0xf (size before relaxing)
 .rodata.str1.1
                0x0000576f        0x8 d:/program files (x86)/cypress/psoc creator/3.3/psoc creator/import/gnu/arm/4.9.3/bin/../lib/gcc/arm-none-eabi/4.9.3/../../../../arm-none-eabi/lib/armv7-m\libg_nano.a(lib_a-locale.o)
                                  0xb (size before relaxing)
 *fill*         0x00005777        0x1 
 .rodata.__mprec_tens
                0x00005778       0xc8 d:/program files (x86)/cypress/psoc creator/3.3/psoc creator/import/gnu/arm/4.9.3/bin/../lib/gcc/arm-none-eabi/4.9.3/../../../../arm-none-eabi/lib/armv7-m\libg_nano.a(lib_a-mprec.o)
                0x00005778                __mprec_tens
 .rodata.__mprec_bigtens
                0x00005840       0x28 d:/program files (x86)/cypress/psoc creator/3.3/psoc creator/import/gnu/arm/4.9.3/bin/../lib/gcc/arm-none-eabi/4.9.3/../../../../arm-none-eabi/lib/armv7-m\libg_nano.a(lib_a-mprec.o)
                0x00005840                __mprec_bigtens
 .rodata.p05.5308
                0x00005868        0xc d:/program files (x86)/cypress/psoc creator/3.3/psoc creator/import/gnu/arm/4.9.3/bin/../lib/gcc/arm-none-eabi/4.9.3/../../../../arm-none-eabi/lib/armv7-m\libg_nano.a(lib_a-mprec.o)
 .rodata.str1.1
                0x00005874       0x11 d:/program files (x86)/cypress/psoc creator/3.3/psoc creator/import/gnu/arm/4.9.3/bin/../lib/gcc/arm-none-eabi/4.9.3/../../../../arm-none-eabi/lib/armv7-m\libg_nano.a(lib_a-nano-svfprintf.o)
                0x00005888                . = ALIGN (0x4)
 *fill*         0x00005885        0x3 
 *(.init)
 .init          0x00005888        0x4 d:/program files (x86)/cypress/psoc creator/3.3/psoc creator/import/gnu/arm/4.9.3/bin/../lib/gcc/arm-none-eabi/4.9.3/armv7-m/crti.o
                0x00005888                _init
 .init          0x0000588c        0x8 d:/program files (x86)/cypress/psoc creator/3.3/psoc creator/import/gnu/arm/4.9.3/bin/../lib/gcc/arm-none-eabi/4.9.3/armv7-m/crtn.o
                0x00005894                . = ALIGN (0x4)
                0x00005894                __preinit_array_start = .
 *(.preinit_array)
                0x00005894                __preinit_array_end = .
                0x00005894                . = ALIGN (0x4)
                0x00005894                __init_array_start = .
 *(SORT(.init_array.*))
 *(.init_array)
 .init_array    0x00005894        0x4 d:/program files (x86)/cypress/psoc creator/3.3/psoc creator/import/gnu/arm/4.9.3/bin/../lib/gcc/arm-none-eabi/4.9.3/armv7-m/crtbegin.o
 .init_array    0x00005898        0x4 .\ARM_GCC_493\Debug\Cm3Start.o
                0x0000589c                __init_array_end = .
                0x0000589c                . = ALIGN (0x4)
 *(.fini)
 .fini          0x0000589c        0x4 d:/program files (x86)/cypress/psoc creator/3.3/psoc creator/import/gnu/arm/4.9.3/bin/../lib/gcc/arm-none-eabi/4.9.3/armv7-m/crti.o
                0x0000589c                _fini
 .fini          0x000058a0        0x8 d:/program files (x86)/cypress/psoc creator/3.3/psoc creator/import/gnu/arm/4.9.3/bin/../lib/gcc/arm-none-eabi/4.9.3/armv7-m/crtn.o
                0x000058a8                . = ALIGN (0x4)
                0x000058a8                __fini_array_start = .
 *(.fini_array)
 .fini_array    0x000058a8        0x4 d:/program files (x86)/cypress/psoc creator/3.3/psoc creator/import/gnu/arm/4.9.3/bin/../lib/gcc/arm-none-eabi/4.9.3/armv7-m/crtbegin.o
 *(SORT(.fini_array.*))
                0x000058ac                __fini_array_end = .
                0x000058ac                . = ALIGN (0x4)
 *crtbegin.o(.ctors)
 *(EXCLUDE_FILE(*crtend.o) .ctors)
 *(SORT(.ctors.*))
 *crtend.o(.ctors)
                0x000058ac                . = ALIGN (0x4)
 *crtbegin.o(.dtors)
 *(EXCLUDE_FILE(*crtend.o) .dtors)
 *(SORT(.dtors.*))
 *crtend.o(.dtors)
                0x000058ac                . = ALIGN (0x4)
                0x000058ac                __cy_regions = .
                0x000058ac        0x4 LONG 0x58c0 __cy_region_init_ram
                0x000058b0        0x4 LONG 0x1fff8108 __cy_region_start_data
                0x000058b4        0x4 LONG 0xd0 __cy_region_init_size_ram
                0x000058b8        0x4 LONG 0x128 __cy_region_zero_size_ram
                0x000058bc                __cy_regions_end = .
                0x000058c0                . = ALIGN (0x8)
 *fill*         0x000058bc        0x4 
                0x000058c0                _etext = .

.cy_checksum_exclude
                0x000058c0        0x0
 *(.cy_checksum_exclude)

.ramvectors     0x1fff8000      0x100
                0x1fff8000                __cy_region_start_ram = .
 *(.ramvectors)
 .ramvectors    0x1fff8000      0x100 .\ARM_GCC_493\Debug\Cm3Start.o
                0x1fff8000                CyRamVectors

.noinit         0x1fff8100        0x5
 *(.noinit)
 .noinit        0x1fff8100        0x4 .\ARM_GCC_493\Debug\Cm3Start.o
 .noinit        0x1fff8104        0x1 .\ARM_GCC_493\Debug\ADC_SAR_PrISM01.a(CyLib.o)
                0x1fff8104                CyResetStatus

.data           0x1fff8108       0xd0 load address 0x000058c0
                0x1fff8108                __cy_region_start_data = .
 *(.jcr)
 .jcr           0x1fff8108        0x0 d:/program files (x86)/cypress/psoc creator/3.3/psoc creator/import/gnu/arm/4.9.3/bin/../lib/gcc/arm-none-eabi/4.9.3/armv7-m/crtbegin.o
 .jcr           0x1fff8108        0x4 d:/program files (x86)/cypress/psoc creator/3.3/psoc creator/import/gnu/arm/4.9.3/bin/../lib/gcc/arm-none-eabi/4.9.3/armv7-m/crtend.o
 *(.got.plt)
 *(.got)
 *(.shdata)
 *(.data .data.* .gnu.linkonce.d.*)
 .data          0x1fff810c       0x18 .\ARM_GCC_493\Debug\pid.o
                0x1fff810c                Kp
                0x1fff8110                Ki
                0x1fff8114                Kd
                0x1fff8118                TopMotorAngleCoeff
                0x1fff811c                ADC_L_balance
                0x1fff811e                ADC_R_balance
                0x1fff8120                range
 .data          0x1fff8124        0x4 .\ARM_GCC_493\Debug\Cm3Start.o
 .data          0x1fff8128       0x10 .\ARM_GCC_493\Debug\ADC_SAR_PrISM01.a(CyLib.o)
                0x1fff8128                cydelay_freq_hz
                0x1fff812c                cydelay_freq_khz
                0x1fff8130                cydelay_freq_mhz
                0x1fff8134                cydelay_32k_ms
 .data.impure_data
                0x1fff8138       0x60 d:/program files (x86)/cypress/psoc creator/3.3/psoc creator/import/gnu/arm/4.9.3/bin/../lib/gcc/arm-none-eabi/4.9.3/../../../../arm-none-eabi/lib/armv7-m\libg_nano.a(lib_a-impure.o)
 .data._impure_ptr
                0x1fff8198        0x4 d:/program files (x86)/cypress/psoc creator/3.3/psoc creator/import/gnu/arm/4.9.3/bin/../lib/gcc/arm-none-eabi/4.9.3/../../../../arm-none-eabi/lib/armv7-m\libg_nano.a(lib_a-impure.o)
                0x1fff8198                _impure_ptr
 .data.lconv    0x1fff819c       0x38 d:/program files (x86)/cypress/psoc creator/3.3/psoc creator/import/gnu/arm/4.9.3/bin/../lib/gcc/arm-none-eabi/4.9.3/../../../../arm-none-eabi/lib/armv7-m\libg_nano.a(lib_a-locale.o)
                0x1fff81d8                . = ALIGN (0x8)
 *fill*         0x1fff81d4        0x4 
 *(.ram)
                0x1fff81d8                _edata = .

.igot.plt       0x1fff81d8        0x0 load address 0x00005990
 .igot.plt      0x00000000        0x0 d:/program files (x86)/cypress/psoc creator/3.3/psoc creator/import/gnu/arm/4.9.3/bin/../lib/gcc/arm-none-eabi/4.9.3/armv7-m/crtbegin.o

.bss            0x1fff81d8      0x128 load address 0x00005990
                0x1fff81d8                PROVIDE (__bss_start__, .)
 *(.shbss)
 *(.bss .bss.* .gnu.linkonce.b.*)
 .bss           0x1fff81d8       0x1c d:/program files (x86)/cypress/psoc creator/3.3/psoc creator/import/gnu/arm/4.9.3/bin/../lib/gcc/arm-none-eabi/4.9.3/armv7-m/crtbegin.o
 .bss           0x1fff81f4       0x58 .\ARM_GCC_493\Debug\main.o
                0x1fff81f4                dataReady_L
                0x1fff81f8                result_L
                0x1fff8220                dataReady_R
                0x1fff8224                result_R
 .bss           0x1fff824c       0x1c .\ARM_GCC_493\Debug\pid.o
                0x1fff824c                Ek
                0x1fff8250                Ek_1
                0x1fff8254                Ek_2
                0x1fff8258                Uk
                0x1fff825c                Ukk
                0x1fff8260                speed1
                0x1fff8262                speed2
                0x1fff8264                angle3
 .bss           0x1fff8268        0x8 .\ARM_GCC_493\Debug\ADC_SAR_PrISM01.a(cyfitter_cfg.o)
 .bss           0x1fff8270        0x1 .\ARM_GCC_493\Debug\ADC_SAR_PrISM01.a(ADC_SAR_L.o)
                0x1fff8270                ADC_SAR_L_initVar
 .bss           0x1fff8271        0x2 .\ARM_GCC_493\Debug\ADC_SAR_PrISM01.a(LCD.o)
                0x1fff8271                LCD_enableState
                0x1fff8272                LCD_initVar
 .bss           0x1fff8273        0x1 .\ARM_GCC_493\Debug\ADC_SAR_PrISM01.a(ADC_SAR_R.o)
                0x1fff8273                ADC_SAR_R_initVar
 .bss           0x1fff8274        0x1 .\ARM_GCC_493\Debug\ADC_SAR_PrISM01.a(Timer_1.o)
                0x1fff8274                Timer_1_initVar
 .bss           0x1fff8275        0x4 .\ARM_GCC_493\Debug\ADC_SAR_PrISM01.a(UART_1.o)
                0x1fff8275                UART_1_initVar
                0x1fff8276                UART_1_txBufferRead
                0x1fff8277                UART_1_txBufferWrite
 .bss           0x1fff8279        0x4 .\ARM_GCC_493\Debug\ADC_SAR_PrISM01.a(UART_2.o)
                0x1fff8279                UART_2_initVar
                0x1fff827a                UART_2_txBufferRead
                0x1fff827b                UART_2_txBufferWrite
 .bss           0x1fff827d        0x4 .\ARM_GCC_493\Debug\ADC_SAR_PrISM01.a(UART_3.o)
                0x1fff827d                UART_3_initVar
                0x1fff827e                UART_3_txBufferRead
                0x1fff827f                UART_3_txBufferWrite
 *fill*         0x1fff8281        0x3 
 .bss.__malloc_sbrk_start
                0x1fff8284        0x4 d:/program files (x86)/cypress/psoc creator/3.3/psoc creator/import/gnu/arm/4.9.3/bin/../lib/gcc/arm-none-eabi/4.9.3/../../../../arm-none-eabi/lib/armv7-m\libg_nano.a(lib_a-nano-mallocr.o)
                0x1fff8284                __malloc_sbrk_start
 .bss.__malloc_free_list
                0x1fff8288        0x4 d:/program files (x86)/cypress/psoc creator/3.3/psoc creator/import/gnu/arm/4.9.3/bin/../lib/gcc/arm-none-eabi/4.9.3/../../../../arm-none-eabi/lib/armv7-m\libg_nano.a(lib_a-nano-mallocr.o)
                0x1fff8288                __malloc_free_list
 *(COMMON)
 COMMON         0x1fff828c        0x4 .\ARM_GCC_493\Debug\pid.o
                0x1fff828c                ADC_R
                0x1fff828e                ADC_L
 COMMON         0x1fff8290        0xa .\ARM_GCC_493\Debug\ADC_SAR_PrISM01.a(ADC_SAR_L.o)
                0x1fff8290                ADC_SAR_L_countsPer10Volt
                0x1fff8294                ADC_SAR_L_offset
                0x1fff8296                ADC_SAR_L_countsPerVolt
                0x1fff8298                ADC_SAR_L_shift
 *fill*         0x1fff829a        0x2 
 COMMON         0x1fff829c        0xa .\ARM_GCC_493\Debug\ADC_SAR_PrISM01.a(ADC_SAR_R.o)
                0x1fff829c                ADC_SAR_R_countsPerVolt
                0x1fff829e                ADC_SAR_R_offset
                0x1fff82a0                ADC_SAR_R_countsPer10Volt
                0x1fff82a4                ADC_SAR_R_shift
 *fill*         0x1fff82a6        0x2 
 COMMON         0x1fff82a8       0x1b .\ARM_GCC_493\Debug\ADC_SAR_PrISM01.a(UART_1.o)
                0x1fff82a8                UART_1_txBuffer
 *fill*         0x1fff82c3        0x1 
 COMMON         0x1fff82c4       0x1b .\ARM_GCC_493\Debug\ADC_SAR_PrISM01.a(UART_2.o)
                0x1fff82c4                UART_2_txBuffer
 *fill*         0x1fff82df        0x1 
 COMMON         0x1fff82e0       0x1b .\ARM_GCC_493\Debug\ADC_SAR_PrISM01.a(UART_3.o)
                0x1fff82e0                UART_3_txBuffer
 *fill*         0x1fff82fb        0x1 
 COMMON         0x1fff82fc        0x4 d:/program files (x86)/cypress/psoc creator/3.3/psoc creator/import/gnu/arm/4.9.3/bin/../lib/gcc/arm-none-eabi/4.9.3/../../../../arm-none-eabi/lib/armv7-m\libg_nano.a(lib_a-reent.o)
                0x1fff82fc                errno
                0x1fff8300                . = ALIGN (0x8)
 *(.ram.b)
                0x1fff8300                _end = .
                0x1fff8300                __end = .
                0x1fff8300                PROVIDE (end, .)
                0x1fff8300                PROVIDE (__bss_end__, .)
                0x000058c0                __cy_region_init_ram = LOADADDR (.data)
                0x000000d0                __cy_region_init_size_ram = (_edata - ADDR (.data))
                0x00000128                __cy_region_zero_size_ram = (_end - _edata)

.heap           0x1fff8300      0x200 load address 0x00005990
                0x1fff8300                . = _end
                0x1fff8500                . = (. + 0x200)
 *fill*         0x1fff8300      0x200 
                0x1fff8500                __cy_heap_limit = .

.stack          0x20007800      0x800
                0x20007800                __cy_stack_limit = .
                0x20008000                . = (. + 0x800)
 *fill*         0x20007800      0x800 
                0x00000001                ASSERT ((__cy_stack_limit >= __cy_heap_limit), region RAM overflowed with stack)
                0x00000000                cy_checksum_exclude_size = (CY_APPL_LOADABLE == 0x1)?SIZEOF (.cy_checksum_exclude):0x0
                0x00000001                ASSERT ((cy_checksum_exclude_size <= CY_CHECKSUM_EXCLUDE_SIZE), CY_BOOT: Section .cy_checksum_exclude size exceedes specified limit.)

.cyloadermeta
 *(.cyloadermeta)

.cyloadablemeta
 *(.cyloadablemeta)

.cyconfigecc    0x80000000     0x1630
 *(.cyconfigecc)
 .cyconfigecc   0x80000000     0x1630 .\ARM_GCC_493\Debug\cymetadata.o
                0x80000000                cy_meta_configecc

.cycustnvl      0x90000000        0x4
 *(.cycustnvl)
 .cycustnvl     0x90000000        0x4 .\ARM_GCC_493\Debug\cymetadata.o
                0x90000000                cy_meta_custnvl

.cywolatch      0x90100000        0x4
 *(.cywolatch)
 .cywolatch     0x90100000        0x4 .\ARM_GCC_493\Debug\cymetadata.o
                0x90100000                cy_meta_wonvl

.cyeeprom       0x90200000        0x0
 *(.cyeeprom)
                0x00000001                ASSERT ((. <= ((0x90200000 + ee_offset) + ee_size)), .cyeeprom data will not fit in EEPROM)

.cyflashprotect
                0x90400000      0x100
 *(.cyflashprotect)
 .cyflashprotect
                0x90400000      0x100 .\ARM_GCC_493\Debug\cymetadata.o
                0x90400000                cy_meta_flashprotect

.cymeta         0x90500000        0xc
 *(.cymeta)
 .cymeta        0x90500000        0xc .\ARM_GCC_493\Debug\cymetadata.o
                0x90500000                cy_metadata

.rel.dyn        0x00005990        0x0 load address 0x9050000c
 .rel.iplt      0x00000000        0x0 d:/program files (x86)/cypress/psoc creator/3.3/psoc creator/import/gnu/arm/4.9.3/bin/../lib/gcc/arm-none-eabi/4.9.3/armv7-m/crtbegin.o

.stab
 *(.stab)

.stabstr
 *(.stabstr)

.debug
 *(.debug)

.line
 *(.line)

.debug_srcinfo
 *(.debug_srcinfo)

.debug_sfnames
 *(.debug_sfnames)

.debug_aranges  0x00000000      0xe40
 *(.debug_aranges)
 .debug_aranges
                0x00000000       0x38 .\ARM_GCC_493\Debug\main.o
 .debug_aranges
                0x00000038       0x20 .\ARM_GCC_493\Debug\pid.o
 .debug_aranges
                0x00000058       0x38 .\ARM_GCC_493\Debug\ServoMotor.o
 .debug_aranges
                0x00000090       0x18 .\ARM_GCC_493\Debug\cymetadata.o
 .debug_aranges
                0x000000a8       0x48 .\ARM_GCC_493\Debug\Cm3Start.o
 .debug_aranges
                0x000000f0       0x60 .\ARM_GCC_493\Debug\ADC_SAR_PrISM01.a(cyfitter_cfg.o)
 .debug_aranges
                0x00000150       0xa8 .\ARM_GCC_493\Debug\ADC_SAR_PrISM01.a(ADC_SAR_L.o)
 .debug_aranges
                0x000001f8       0x20 .\ARM_GCC_493\Debug\ADC_SAR_PrISM01.a(ADC_SAR_L_INT.o)
 .debug_aranges
                0x00000218       0x98 .\ARM_GCC_493\Debug\ADC_SAR_PrISM01.a(LCD.o)
 .debug_aranges
                0x000002b0       0xa8 .\ARM_GCC_493\Debug\ADC_SAR_PrISM01.a(ADC_SAR_R.o)
 .debug_aranges
                0x00000358       0x20 .\ARM_GCC_493\Debug\ADC_SAR_PrISM01.a(ADC_SAR_R_INT.o)
 .debug_aranges
                0x00000378       0x90 .\ARM_GCC_493\Debug\ADC_SAR_PrISM01.a(Timer_1.o)
 .debug_aranges
                0x00000408       0x80 .\ARM_GCC_493\Debug\ADC_SAR_PrISM01.a(TimerISR.o)
 .debug_aranges
                0x00000488       0xa0 .\ARM_GCC_493\Debug\ADC_SAR_PrISM01.a(UART_1.o)
 .debug_aranges
                0x00000528       0x20 .\ARM_GCC_493\Debug\ADC_SAR_PrISM01.a(UART_1_INT.o)
 .debug_aranges
                0x00000548       0xa0 .\ARM_GCC_493\Debug\ADC_SAR_PrISM01.a(UART_2.o)
 .debug_aranges
                0x000005e8       0x20 .\ARM_GCC_493\Debug\ADC_SAR_PrISM01.a(UART_2_INT.o)
 .debug_aranges
                0x00000608       0xa0 .\ARM_GCC_493\Debug\ADC_SAR_PrISM01.a(UART_3.o)
 .debug_aranges
                0x000006a8       0x20 .\ARM_GCC_493\Debug\ADC_SAR_PrISM01.a(UART_3_INT.o)
 .debug_aranges
                0x000006c8       0x80 .\ARM_GCC_493\Debug\ADC_SAR_PrISM01.a(ADC_SAR_L_IRQ.o)
 .debug_aranges
                0x00000748       0x70 .\ARM_GCC_493\Debug\ADC_SAR_PrISM01.a(ADC_SAR_L_theACLK.o)
 .debug_aranges
                0x000007b8       0x80 .\ARM_GCC_493\Debug\ADC_SAR_PrISM01.a(ADC_SAR_R_IRQ.o)
 .debug_aranges
                0x00000838       0x70 .\ARM_GCC_493\Debug\ADC_SAR_PrISM01.a(ADC_SAR_R_theACLK.o)
 .debug_aranges
                0x000008a8       0x70 .\ARM_GCC_493\Debug\ADC_SAR_PrISM01.a(UART_1_IntClock.o)
 .debug_aranges
                0x00000918       0x70 .\ARM_GCC_493\Debug\ADC_SAR_PrISM01.a(UART_2_IntClock.o)
 .debug_aranges
                0x00000988       0x70 .\ARM_GCC_493\Debug\ADC_SAR_PrISM01.a(UART_3_IntClock.o)
 .debug_aranges
                0x000009f8       0x20 .\ARM_GCC_493\Debug\ADC_SAR_PrISM01.a(CyBootAsmGnu.o)
 .debug_aranges
                0x00000a18      0x298 .\ARM_GCC_493\Debug\ADC_SAR_PrISM01.a(CyLib.o)
 .debug_aranges
                0x00000cb0       0x98 .\ARM_GCC_493\Debug\ADC_SAR_PrISM01.a(cyPm.o)
 .debug_aranges
                0x00000d48       0x80 .\ARM_GCC_493\Debug\ADC_SAR_PrISM01.a(CyFlash.o)
 .debug_aranges
                0x00000dc8       0x78 .\ARM_GCC_493\Debug\ADC_SAR_PrISM01.a(CySpc.o)

.debug_pubnames
 *(.debug_pubnames)

.debug_info     0x00000000     0x5b7f
 *(.debug_info .gnu.linkonce.wi.*)
 .debug_info    0x00000000      0x229 .\ARM_GCC_493\Debug\main.o
 .debug_info    0x00000229      0x200 .\ARM_GCC_493\Debug\pid.o
 .debug_info    0x00000429      0x1cf .\ARM_GCC_493\Debug\ServoMotor.o
 .debug_info    0x000005f8      0x13f .\ARM_GCC_493\Debug\cymetadata.o
 .debug_info    0x00000737      0x319 .\ARM_GCC_493\Debug\Cm3Start.o
 .debug_info    0x00000a50      0x3d6 .\ARM_GCC_493\Debug\ADC_SAR_PrISM01.a(cyfitter_cfg.o)
 .debug_info    0x00000e26      0x478 .\ARM_GCC_493\Debug\ADC_SAR_PrISM01.a(ADC_SAR_L.o)
 .debug_info    0x0000129e       0x92 .\ARM_GCC_493\Debug\ADC_SAR_PrISM01.a(ADC_SAR_L_INT.o)
 .debug_info    0x00001330      0x3c8 .\ARM_GCC_493\Debug\ADC_SAR_PrISM01.a(LCD.o)
 .debug_info    0x000016f8      0x478 .\ARM_GCC_493\Debug\ADC_SAR_PrISM01.a(ADC_SAR_R.o)
 .debug_info    0x00001b70       0x92 .\ARM_GCC_493\Debug\ADC_SAR_PrISM01.a(ADC_SAR_R_INT.o)
 .debug_info    0x00001c02      0x254 .\ARM_GCC_493\Debug\ADC_SAR_PrISM01.a(Timer_1.o)
 .debug_info    0x00001e56      0x23a .\ARM_GCC_493\Debug\ADC_SAR_PrISM01.a(TimerISR.o)
 .debug_info    0x00002090      0x3fb .\ARM_GCC_493\Debug\ADC_SAR_PrISM01.a(UART_1.o)
 .debug_info    0x0000248b       0xef .\ARM_GCC_493\Debug\ADC_SAR_PrISM01.a(UART_1_INT.o)
 .debug_info    0x0000257a      0x3fb .\ARM_GCC_493\Debug\ADC_SAR_PrISM01.a(UART_2.o)
 .debug_info    0x00002975       0xef .\ARM_GCC_493\Debug\ADC_SAR_PrISM01.a(UART_2_INT.o)
 .debug_info    0x00002a64      0x3fb .\ARM_GCC_493\Debug\ADC_SAR_PrISM01.a(UART_3.o)
 .debug_info    0x00002e5f       0xef .\ARM_GCC_493\Debug\ADC_SAR_PrISM01.a(UART_3_INT.o)
 .debug_info    0x00002f4e      0x23a .\ARM_GCC_493\Debug\ADC_SAR_PrISM01.a(ADC_SAR_L_IRQ.o)
 .debug_info    0x00003188      0x25d .\ARM_GCC_493\Debug\ADC_SAR_PrISM01.a(ADC_SAR_L_theACLK.o)
 .debug_info    0x000033e5      0x23a .\ARM_GCC_493\Debug\ADC_SAR_PrISM01.a(ADC_SAR_R_IRQ.o)
 .debug_info    0x0000361f      0x25d .\ARM_GCC_493\Debug\ADC_SAR_PrISM01.a(ADC_SAR_R_theACLK.o)
 .debug_info    0x0000387c      0x25d .\ARM_GCC_493\Debug\ADC_SAR_PrISM01.a(UART_1_IntClock.o)
 .debug_info    0x00003ad9      0x25d .\ARM_GCC_493\Debug\ADC_SAR_PrISM01.a(UART_2_IntClock.o)
 .debug_info    0x00003d36      0x25d .\ARM_GCC_493\Debug\ADC_SAR_PrISM01.a(UART_3_IntClock.o)
 .debug_info    0x00003f93       0x8f .\ARM_GCC_493\Debug\ADC_SAR_PrISM01.a(CyBootAsmGnu.o)
 .debug_info    0x00004022      0xe36 .\ARM_GCC_493\Debug\ADC_SAR_PrISM01.a(CyLib.o)
 .debug_info    0x00004e58      0x562 .\ARM_GCC_493\Debug\ADC_SAR_PrISM01.a(cyPm.o)
 .debug_info    0x000053ba      0x36c .\ARM_GCC_493\Debug\ADC_SAR_PrISM01.a(CyFlash.o)
 .debug_info    0x00005726      0x459 .\ARM_GCC_493\Debug\ADC_SAR_PrISM01.a(CySpc.o)

.debug_abbrev   0x00000000     0x20b5
 *(.debug_abbrev)
 .debug_abbrev  0x00000000       0xf6 .\ARM_GCC_493\Debug\main.o
 .debug_abbrev  0x000000f6       0x94 .\ARM_GCC_493\Debug\pid.o
 .debug_abbrev  0x0000018a       0xa3 .\ARM_GCC_493\Debug\ServoMotor.o
 .debug_abbrev  0x0000022d       0x77 .\ARM_GCC_493\Debug\cymetadata.o
 .debug_abbrev  0x000002a4      0x1b6 .\ARM_GCC_493\Debug\Cm3Start.o
 .debug_abbrev  0x0000045a      0x183 .\ARM_GCC_493\Debug\ADC_SAR_PrISM01.a(cyfitter_cfg.o)
 .debug_abbrev  0x000005dd      0x173 .\ARM_GCC_493\Debug\ADC_SAR_PrISM01.a(ADC_SAR_L.o)
 .debug_abbrev  0x00000750       0x42 .\ARM_GCC_493\Debug\ADC_SAR_PrISM01.a(ADC_SAR_L_INT.o)
 .debug_abbrev  0x00000792      0x120 .\ARM_GCC_493\Debug\ADC_SAR_PrISM01.a(LCD.o)
 .debug_abbrev  0x000008b2      0x173 .\ARM_GCC_493\Debug\ADC_SAR_PrISM01.a(ADC_SAR_R.o)
 .debug_abbrev  0x00000a25       0x42 .\ARM_GCC_493\Debug\ADC_SAR_PrISM01.a(ADC_SAR_R_INT.o)
 .debug_abbrev  0x00000a67      0x11b .\ARM_GCC_493\Debug\ADC_SAR_PrISM01.a(Timer_1.o)
 .debug_abbrev  0x00000b82      0x172 .\ARM_GCC_493\Debug\ADC_SAR_PrISM01.a(TimerISR.o)
 .debug_abbrev  0x00000cf4      0x143 .\ARM_GCC_493\Debug\ADC_SAR_PrISM01.a(UART_1.o)
 .debug_abbrev  0x00000e37       0x79 .\ARM_GCC_493\Debug\ADC_SAR_PrISM01.a(UART_1_INT.o)
 .debug_abbrev  0x00000eb0      0x143 .\ARM_GCC_493\Debug\ADC_SAR_PrISM01.a(UART_2.o)
 .debug_abbrev  0x00000ff3       0x79 .\ARM_GCC_493\Debug\ADC_SAR_PrISM01.a(UART_2_INT.o)
 .debug_abbrev  0x0000106c      0x143 .\ARM_GCC_493\Debug\ADC_SAR_PrISM01.a(UART_3.o)
 .debug_abbrev  0x000011af       0x79 .\ARM_GCC_493\Debug\ADC_SAR_PrISM01.a(UART_3_INT.o)
 .debug_abbrev  0x00001228      0x172 .\ARM_GCC_493\Debug\ADC_SAR_PrISM01.a(ADC_SAR_L_IRQ.o)
 .debug_abbrev  0x0000139a      0x11d .\ARM_GCC_493\Debug\ADC_SAR_PrISM01.a(ADC_SAR_L_theACLK.o)
 .debug_abbrev  0x000014b7      0x172 .\ARM_GCC_493\Debug\ADC_SAR_PrISM01.a(ADC_SAR_R_IRQ.o)
 .debug_abbrev  0x00001629      0x11d .\ARM_GCC_493\Debug\ADC_SAR_PrISM01.a(ADC_SAR_R_theACLK.o)
 .debug_abbrev  0x00001746      0x11d .\ARM_GCC_493\Debug\ADC_SAR_PrISM01.a(UART_1_IntClock.o)
 .debug_abbrev  0x00001863      0x11d .\ARM_GCC_493\Debug\ADC_SAR_PrISM01.a(UART_2_IntClock.o)
 .debug_abbrev  0x00001980      0x11d .\ARM_GCC_493\Debug\ADC_SAR_PrISM01.a(UART_3_IntClock.o)
 .debug_abbrev  0x00001a9d       0x14 .\ARM_GCC_493\Debug\ADC_SAR_PrISM01.a(CyBootAsmGnu.o)
 .debug_abbrev  0x00001ab1      0x217 .\ARM_GCC_493\Debug\ADC_SAR_PrISM01.a(CyLib.o)
 .debug_abbrev  0x00001cc8      0x161 .\ARM_GCC_493\Debug\ADC_SAR_PrISM01.a(cyPm.o)
 .debug_abbrev  0x00001e29      0x120 .\ARM_GCC_493\Debug\ADC_SAR_PrISM01.a(CyFlash.o)
 .debug_abbrev  0x00001f49      0x16c .\ARM_GCC_493\Debug\ADC_SAR_PrISM01.a(CySpc.o)

.debug_line     0x00000000     0x37c7
 *(.debug_line)
 .debug_line    0x00000000      0x209 .\ARM_GCC_493\Debug\main.o
 .debug_line    0x00000209      0x18a .\ARM_GCC_493\Debug\pid.o
 .debug_line    0x00000393      0x1f5 .\ARM_GCC_493\Debug\ServoMotor.o
 .debug_line    0x00000588       0x53 .\ARM_GCC_493\Debug\cymetadata.o
 .debug_line    0x000005db      0x1d6 .\ARM_GCC_493\Debug\Cm3Start.o
 .debug_line    0x000007b1      0x23d .\ARM_GCC_493\Debug\ADC_SAR_PrISM01.a(cyfitter_cfg.o)
 .debug_line    0x000009ee      0x20d .\ARM_GCC_493\Debug\ADC_SAR_PrISM01.a(ADC_SAR_L.o)
 .debug_line    0x00000bfb       0x5b .\ARM_GCC_493\Debug\ADC_SAR_PrISM01.a(ADC_SAR_L_INT.o)
 .debug_line    0x00000c56      0x1e3 .\ARM_GCC_493\Debug\ADC_SAR_PrISM01.a(LCD.o)
 .debug_line    0x00000e39      0x20f .\ARM_GCC_493\Debug\ADC_SAR_PrISM01.a(ADC_SAR_R.o)
 .debug_line    0x00001048       0x5b .\ARM_GCC_493\Debug\ADC_SAR_PrISM01.a(ADC_SAR_R_INT.o)
 .debug_line    0x000010a3      0x172 .\ARM_GCC_493\Debug\ADC_SAR_PrISM01.a(Timer_1.o)
 .debug_line    0x00001215      0x15c .\ARM_GCC_493\Debug\ADC_SAR_PrISM01.a(TimerISR.o)
 .debug_line    0x00001371      0x232 .\ARM_GCC_493\Debug\ADC_SAR_PrISM01.a(UART_1.o)
 .debug_line    0x000015a3       0x86 .\ARM_GCC_493\Debug\ADC_SAR_PrISM01.a(UART_1_INT.o)
 .debug_line    0x00001629      0x232 .\ARM_GCC_493\Debug\ADC_SAR_PrISM01.a(UART_2.o)
 .debug_line    0x0000185b       0x86 .\ARM_GCC_493\Debug\ADC_SAR_PrISM01.a(UART_2_INT.o)
 .debug_line    0x000018e1      0x232 .\ARM_GCC_493\Debug\ADC_SAR_PrISM01.a(UART_3.o)
 .debug_line    0x00001b13       0x86 .\ARM_GCC_493\Debug\ADC_SAR_PrISM01.a(UART_3_INT.o)
 .debug_line    0x00001b99      0x171 .\ARM_GCC_493\Debug\ADC_SAR_PrISM01.a(ADC_SAR_L_IRQ.o)
 .debug_line    0x00001d0a      0x1c5 .\ARM_GCC_493\Debug\ADC_SAR_PrISM01.a(ADC_SAR_L_theACLK.o)
 .debug_line    0x00001ecf      0x171 .\ARM_GCC_493\Debug\ADC_SAR_PrISM01.a(ADC_SAR_R_IRQ.o)
 .debug_line    0x00002040      0x1c5 .\ARM_GCC_493\Debug\ADC_SAR_PrISM01.a(ADC_SAR_R_theACLK.o)
 .debug_line    0x00002205      0x1c3 .\ARM_GCC_493\Debug\ADC_SAR_PrISM01.a(UART_1_IntClock.o)
 .debug_line    0x000023c8      0x1c3 .\ARM_GCC_493\Debug\ADC_SAR_PrISM01.a(UART_2_IntClock.o)
 .debug_line    0x0000258b      0x1c3 .\ARM_GCC_493\Debug\ADC_SAR_PrISM01.a(UART_3_IntClock.o)
 .debug_line    0x0000274e       0x68 .\ARM_GCC_493\Debug\ADC_SAR_PrISM01.a(CyBootAsmGnu.o)
 .debug_line    0x000027b6      0x872 .\ARM_GCC_493\Debug\ADC_SAR_PrISM01.a(CyLib.o)
 .debug_line    0x00003028      0x381 .\ARM_GCC_493\Debug\ADC_SAR_PrISM01.a(cyPm.o)
 .debug_line    0x000033a9      0x207 .\ARM_GCC_493\Debug\ADC_SAR_PrISM01.a(CyFlash.o)
 .debug_line    0x000035b0      0x217 .\ARM_GCC_493\Debug\ADC_SAR_PrISM01.a(CySpc.o)

.debug_frame    0x00000000     0x3fe0
 *(.debug_frame)
 .debug_frame   0x00000000       0xa4 .\ARM_GCC_493\Debug\main.o
 .debug_frame   0x000000a4       0x34 .\ARM_GCC_493\Debug\pid.o
 .debug_frame   0x000000d8       0xb0 .\ARM_GCC_493\Debug\ServoMotor.o
 .debug_frame   0x00000188       0xd8 .\ARM_GCC_493\Debug\Cm3Start.o
 .debug_frame   0x00000260      0x160 .\ARM_GCC_493\Debug\ADC_SAR_PrISM01.a(cyfitter_cfg.o)
 .debug_frame   0x000003c0      0x2c0 .\ARM_GCC_493\Debug\ADC_SAR_PrISM01.a(ADC_SAR_L.o)
 .debug_frame   0x00000680       0x34 .\ARM_GCC_493\Debug\ADC_SAR_PrISM01.a(ADC_SAR_L_INT.o)
 .debug_frame   0x000006b4      0x260 .\ARM_GCC_493\Debug\ADC_SAR_PrISM01.a(LCD.o)
 .debug_frame   0x00000914      0x2c0 .\ARM_GCC_493\Debug\ADC_SAR_PrISM01.a(ADC_SAR_R.o)
 .debug_frame   0x00000bd4       0x34 .\ARM_GCC_493\Debug\ADC_SAR_PrISM01.a(ADC_SAR_R_INT.o)
 .debug_frame   0x00000c08      0x230 .\ARM_GCC_493\Debug\ADC_SAR_PrISM01.a(Timer_1.o)
 .debug_frame   0x00000e38      0x1e8 .\ARM_GCC_493\Debug\ADC_SAR_PrISM01.a(TimerISR.o)
 .debug_frame   0x00001020      0x298 .\ARM_GCC_493\Debug\ADC_SAR_PrISM01.a(UART_1.o)
 .debug_frame   0x000012b8       0x34 .\ARM_GCC_493\Debug\ADC_SAR_PrISM01.a(UART_1_INT.o)
 .debug_frame   0x000012ec      0x298 .\ARM_GCC_493\Debug\ADC_SAR_PrISM01.a(UART_2.o)
 .debug_frame   0x00001584       0x34 .\ARM_GCC_493\Debug\ADC_SAR_PrISM01.a(UART_2_INT.o)
 .debug_frame   0x000015b8      0x298 .\ARM_GCC_493\Debug\ADC_SAR_PrISM01.a(UART_3.o)
 .debug_frame   0x00001850       0x34 .\ARM_GCC_493\Debug\ADC_SAR_PrISM01.a(UART_3_INT.o)
 .debug_frame   0x00001884      0x1e8 .\ARM_GCC_493\Debug\ADC_SAR_PrISM01.a(ADC_SAR_L_IRQ.o)
 .debug_frame   0x00001a6c      0x1b4 .\ARM_GCC_493\Debug\ADC_SAR_PrISM01.a(ADC_SAR_L_theACLK.o)
 .debug_frame   0x00001c20      0x1e8 .\ARM_GCC_493\Debug\ADC_SAR_PrISM01.a(ADC_SAR_R_IRQ.o)
 .debug_frame   0x00001e08      0x1b4 .\ARM_GCC_493\Debug\ADC_SAR_PrISM01.a(ADC_SAR_R_theACLK.o)
 .debug_frame   0x00001fbc      0x1b4 .\ARM_GCC_493\Debug\ADC_SAR_PrISM01.a(UART_1_IntClock.o)
 .debug_frame   0x00002170      0x1b4 .\ARM_GCC_493\Debug\ADC_SAR_PrISM01.a(UART_2_IntClock.o)
 .debug_frame   0x00002324      0x1b4 .\ARM_GCC_493\Debug\ADC_SAR_PrISM01.a(UART_3_IntClock.o)
 .debug_frame   0x000024d8      0xbe8 .\ARM_GCC_493\Debug\ADC_SAR_PrISM01.a(CyLib.o)
 .debug_frame   0x000030c0      0x234 .\ARM_GCC_493\Debug\ADC_SAR_PrISM01.a(cyPm.o)
 .debug_frame   0x000032f4      0x210 .\ARM_GCC_493\Debug\ADC_SAR_PrISM01.a(CyFlash.o)
 .debug_frame   0x00003504      0x1f8 .\ARM_GCC_493\Debug\ADC_SAR_PrISM01.a(CySpc.o)
 .debug_frame   0x000036fc       0x28 d:/program files (x86)/cypress/psoc creator/3.3/psoc creator/import/gnu/arm/4.9.3/bin/../lib/gcc/arm-none-eabi/4.9.3/armv7-m\libgcc.a(_aeabi_ldivmod.o)
 .debug_frame   0x00003724       0x54 d:/program files (x86)/cypress/psoc creator/3.3/psoc creator/import/gnu/arm/4.9.3/bin/../lib/gcc/arm-none-eabi/4.9.3/armv7-m\libgcc.a(bpabi.o)
 .debug_frame   0x00003778       0x34 d:/program files (x86)/cypress/psoc creator/3.3/psoc creator/import/gnu/arm/4.9.3/bin/../lib/gcc/arm-none-eabi/4.9.3/armv7-m\libgcc.a(_divdi3.o)
 .debug_frame   0x000037ac       0x34 d:/program files (x86)/cypress/psoc creator/3.3/psoc creator/import/gnu/arm/4.9.3/bin/../lib/gcc/arm-none-eabi/4.9.3/armv7-m\libgcc.a(_udivdi3.o)
 .debug_frame   0x000037e0       0x20 d:/program files (x86)/cypress/psoc creator/3.3/psoc creator/import/gnu/arm/4.9.3/bin/../lib/gcc/arm-none-eabi/4.9.3/../../../../arm-none-eabi/lib/armv7-m\libg_nano.a(lib_a-errno.o)
 .debug_frame   0x00003800       0x28 d:/program files (x86)/cypress/psoc creator/3.3/psoc creator/import/gnu/arm/4.9.3/bin/../lib/gcc/arm-none-eabi/4.9.3/../../../../arm-none-eabi/lib/armv7-m\libg_nano.a(lib_a-exit.o)
 .debug_frame   0x00003828       0x2c d:/program files (x86)/cypress/psoc creator/3.3/psoc creator/import/gnu/arm/4.9.3/bin/../lib/gcc/arm-none-eabi/4.9.3/../../../../arm-none-eabi/lib/armv7-m\libg_nano.a(lib_a-init.o)
 .debug_frame   0x00003854       0x28 d:/program files (x86)/cypress/psoc creator/3.3/psoc creator/import/gnu/arm/4.9.3/bin/../lib/gcc/arm-none-eabi/4.9.3/../../../../arm-none-eabi/lib/armv7-m\libg_nano.a(lib_a-memcpy.o)
 .debug_frame   0x0000387c       0x20 d:/program files (x86)/cypress/psoc creator/3.3/psoc creator/import/gnu/arm/4.9.3/bin/../lib/gcc/arm-none-eabi/4.9.3/../../../../arm-none-eabi/lib/armv7-m\libg_nano.a(lib_a-memset.o)
 .debug_frame   0x0000389c       0x8c d:/program files (x86)/cypress/psoc creator/3.3/psoc creator/import/gnu/arm/4.9.3/bin/../lib/gcc/arm-none-eabi/4.9.3/../../../../arm-none-eabi/lib/armv7-m\libg_nano.a(lib_a-nano-vfprintf_float.o)
 .debug_frame   0x00003928       0x58 d:/program files (x86)/cypress/psoc creator/3.3/psoc creator/import/gnu/arm/4.9.3/bin/../lib/gcc/arm-none-eabi/4.9.3/../../../../arm-none-eabi/lib/armv7-m\libg_nano.a(lib_a-nano-vfprintf_i.o)
 .debug_frame   0x00003980       0x28 d:/program files (x86)/cypress/psoc creator/3.3/psoc creator/import/gnu/arm/4.9.3/bin/../lib/gcc/arm-none-eabi/4.9.3/../../../../arm-none-eabi/lib/armv7-m\libg_nano.a(lib_a-s_fpclassify.o)
 .debug_frame   0x000039a8       0x70 d:/program files (x86)/cypress/psoc creator/3.3/psoc creator/import/gnu/arm/4.9.3/bin/../lib/gcc/arm-none-eabi/4.9.3/../../../../arm-none-eabi/lib/armv7-m\libg_nano.a(lib_a-sprintf.o)
 .debug_frame   0x00003a18       0x20 d:/program files (x86)/cypress/psoc creator/3.3/psoc creator/import/gnu/arm/4.9.3/bin/../lib/gcc/arm-none-eabi/4.9.3/../../../../arm-none-eabi/lib/armv7-m\libg_nano.a(lib_a-strlen.o)
 .debug_frame   0x00003a38       0x6c d:/program files (x86)/cypress/psoc creator/3.3/psoc creator/import/gnu/arm/4.9.3/bin/../lib/gcc/arm-none-eabi/4.9.3/../../../../arm-none-eabi/lib/armv7-m\libg_nano.a(lib_a-dtoa.o)
 .debug_frame   0x00003aa4       0x98 d:/program files (x86)/cypress/psoc creator/3.3/psoc creator/import/gnu/arm/4.9.3/bin/../lib/gcc/arm-none-eabi/4.9.3/../../../../arm-none-eabi/lib/armv7-m\libg_nano.a(lib_a-locale.o)
 .debug_frame   0x00003b3c       0x30 d:/program files (x86)/cypress/psoc creator/3.3/psoc creator/import/gnu/arm/4.9.3/bin/../lib/gcc/arm-none-eabi/4.9.3/../../../../arm-none-eabi/lib/armv7-m\libg_nano.a(lib_a-malloc.o)
 .debug_frame   0x00003b6c       0x28 d:/program files (x86)/cypress/psoc creator/3.3/psoc creator/import/gnu/arm/4.9.3/bin/../lib/gcc/arm-none-eabi/4.9.3/../../../../arm-none-eabi/lib/armv7-m\libg_nano.a(lib_a-memchr.o)
 .debug_frame   0x00003b94      0x230 d:/program files (x86)/cypress/psoc creator/3.3/psoc creator/import/gnu/arm/4.9.3/bin/../lib/gcc/arm-none-eabi/4.9.3/../../../../arm-none-eabi/lib/armv7-m\libg_nano.a(lib_a-mprec.o)
 .debug_frame   0x00003dc4       0x2c d:/program files (x86)/cypress/psoc creator/3.3/psoc creator/import/gnu/arm/4.9.3/bin/../lib/gcc/arm-none-eabi/4.9.3/../../../../arm-none-eabi/lib/armv7-m\libg_nano.a(lib_a-nano-callocr.o)
 .debug_frame   0x00003df0       0x2c d:/program files (x86)/cypress/psoc creator/3.3/psoc creator/import/gnu/arm/4.9.3/bin/../lib/gcc/arm-none-eabi/4.9.3/../../../../arm-none-eabi/lib/armv7-m\libg_nano.a(lib_a-nano-freer.o)
 .debug_frame   0x00003e1c       0x2c d:/program files (x86)/cypress/psoc creator/3.3/psoc creator/import/gnu/arm/4.9.3/bin/../lib/gcc/arm-none-eabi/4.9.3/../../../../arm-none-eabi/lib/armv7-m\libg_nano.a(lib_a-nano-mallocr.o)
 .debug_frame   0x00003e48       0x8c d:/program files (x86)/cypress/psoc creator/3.3/psoc creator/import/gnu/arm/4.9.3/bin/../lib/gcc/arm-none-eabi/4.9.3/../../../../arm-none-eabi/lib/armv7-m\libg_nano.a(lib_a-nano-svfprintf.o)
 .debug_frame   0x00003ed4       0x2c d:/program files (x86)/cypress/psoc creator/3.3/psoc creator/import/gnu/arm/4.9.3/bin/../lib/gcc/arm-none-eabi/4.9.3/../../../../arm-none-eabi/lib/armv7-m\libg_nano.a(lib_a-sbrkr.o)
 .debug_frame   0x00003f00       0x28 d:/program files (x86)/cypress/psoc creator/3.3/psoc creator/import/gnu/arm/4.9.3/bin/../lib/gcc/arm-none-eabi/4.9.3/../../../../arm-none-eabi/lib/armv7-m\libg_nano.a(lib_a-memmove.o)
 .debug_frame   0x00003f28       0x3c d:/program files (x86)/cypress/psoc creator/3.3/psoc creator/import/gnu/arm/4.9.3/bin/../lib/gcc/arm-none-eabi/4.9.3/../../../../arm-none-eabi/lib/armv7-m\libg_nano.a(lib_a-nano-reallocr.o)
 .debug_frame   0x00003f64       0x5c d:/program files (x86)/cypress/psoc creator/3.3/psoc creator/import/gnu/arm/4.9.3/bin/../lib/gcc/arm-none-eabi/4.9.3/../../../../arm-none-eabi/lib/armv7-m\libg_nano.a(lib_a-reent.o)
 .debug_frame   0x00003fc0       0x20 d:/program files (x86)/cypress/psoc creator/3.3/psoc creator/import/gnu/arm/4.9.3/bin/../lib/gcc/arm-none-eabi/4.9.3/../../../../arm-none-eabi/lib/armv7-m\libg_nano.a(lib_a-nano-msizer.o)

.debug_str      0x00000000     0x2cfa
 *(.debug_str)
 .debug_str     0x00000000      0x1eb .\ARM_GCC_493\Debug\main.o
                                0x232 (size before relaxing)
 .debug_str     0x000001eb       0x64 .\ARM_GCC_493\Debug\pid.o
                                0x208 (size before relaxing)
 .debug_str     0x0000024f       0x6d .\ARM_GCC_493\Debug\ServoMotor.o
                                0x20b (size before relaxing)
 .debug_str     0x000002bc       0x77 .\ARM_GCC_493\Debug\cymetadata.o
                                0x1e9 (size before relaxing)
 .debug_str     0x00000333      0x134 .\ARM_GCC_493\Debug\Cm3Start.o
                                0x2ca (size before relaxing)
 .debug_str     0x00000467      0x17b .\ARM_GCC_493\Debug\ADC_SAR_PrISM01.a(cyfitter_cfg.o)
                                0x312 (size before relaxing)
 .debug_str     0x000005e2      0x25a .\ARM_GCC_493\Debug\ADC_SAR_PrISM01.a(ADC_SAR_L.o)
                                0x430 (size before relaxing)
 .debug_str     0x0000083c       0x37 .\ARM_GCC_493\Debug\ADC_SAR_PrISM01.a(ADC_SAR_L_INT.o)
                                0x19a (size before relaxing)
 .debug_str     0x00000873      0x173 .\ARM_GCC_493\Debug\ADC_SAR_PrISM01.a(LCD.o)
                                0x30c (size before relaxing)
 .debug_str     0x000009e6      0x204 .\ARM_GCC_493\Debug\ADC_SAR_PrISM01.a(ADC_SAR_R.o)
                                0x430 (size before relaxing)
 .debug_str     0x00000bea       0x37 .\ARM_GCC_493\Debug\ADC_SAR_PrISM01.a(ADC_SAR_R_INT.o)
                                0x19a (size before relaxing)
 .debug_str     0x00000c21      0x1a1 .\ARM_GCC_493\Debug\ADC_SAR_PrISM01.a(Timer_1.o)
                                0x325 (size before relaxing)
 .debug_str     0x00000dc2      0x12a .\ARM_GCC_493\Debug\ADC_SAR_PrISM01.a(TimerISR.o)
                                0x2c3 (size before relaxing)
 .debug_str     0x00000eec      0x20c .\ARM_GCC_493\Debug\ADC_SAR_PrISM01.a(UART_1.o)
                                0x3ca (size before relaxing)
 .debug_str     0x000010f8       0x33 .\ARM_GCC_493\Debug\ADC_SAR_PrISM01.a(UART_1_INT.o)
                                0x1e3 (size before relaxing)
 .debug_str     0x0000112b      0x1a9 .\ARM_GCC_493\Debug\ADC_SAR_PrISM01.a(UART_2.o)
                                0x3ca (size before relaxing)
 .debug_str     0x000012d4       0x33 .\ARM_GCC_493\Debug\ADC_SAR_PrISM01.a(UART_2_INT.o)
                                0x1e3 (size before relaxing)
 .debug_str     0x00001307      0x1a9 .\ARM_GCC_493\Debug\ADC_SAR_PrISM01.a(UART_3.o)
                                0x3ca (size before relaxing)
 .debug_str     0x000014b0       0x33 .\ARM_GCC_493\Debug\ADC_SAR_PrISM01.a(UART_3_INT.o)
                                0x1e3 (size before relaxing)
 .debug_str     0x000014e3      0x158 .\ARM_GCC_493\Debug\ADC_SAR_PrISM01.a(ADC_SAR_L_IRQ.o)
                                0x309 (size before relaxing)
 .debug_str     0x0000163b      0x1e2 .\ARM_GCC_493\Debug\ADC_SAR_PrISM01.a(ADC_SAR_L_theACLK.o)
                                0x365 (size before relaxing)
 .debug_str     0x0000181d      0x158 .\ARM_GCC_493\Debug\ADC_SAR_PrISM01.a(ADC_SAR_R_IRQ.o)
                                0x309 (size before relaxing)
 .debug_str     0x00001975      0x191 .\ARM_GCC_493\Debug\ADC_SAR_PrISM01.a(ADC_SAR_R_theACLK.o)
                                0x365 (size before relaxing)
 .debug_str     0x00001b06      0x179 .\ARM_GCC_493\Debug\ADC_SAR_PrISM01.a(UART_1_IntClock.o)
                                0x34d (size before relaxing)
 .debug_str     0x00001c7f      0x179 .\ARM_GCC_493\Debug\ADC_SAR_PrISM01.a(UART_2_IntClock.o)
                                0x34d (size before relaxing)
 .debug_str     0x00001df8      0x179 .\ARM_GCC_493\Debug\ADC_SAR_PrISM01.a(UART_3_IntClock.o)
                                0x34d (size before relaxing)
 .debug_str     0x00001f71      0x7ba .\ARM_GCC_493\Debug\ADC_SAR_PrISM01.a(CyLib.o)
                                0x9c5 (size before relaxing)
 .debug_str     0x0000272b      0x367 .\ARM_GCC_493\Debug\ADC_SAR_PrISM01.a(cyPm.o)
                                0x52a (size before relaxing)
 .debug_str     0x00002a92      0x147 .\ARM_GCC_493\Debug\ADC_SAR_PrISM01.a(CyFlash.o)
                                0x2e9 (size before relaxing)
 .debug_str     0x00002bd9      0x121 .\ARM_GCC_493\Debug\ADC_SAR_PrISM01.a(CySpc.o)
                                0x2e6 (size before relaxing)

.debug_loc
 *(.debug_loc)

.debug_macinfo
 *(.debug_macinfo)

.debug_ranges   0x00000000      0xc38
 *(.debug_ranges)
 .debug_ranges  0x00000000       0x28 .\ARM_GCC_493\Debug\main.o
 .debug_ranges  0x00000028       0x10 .\ARM_GCC_493\Debug\pid.o
 .debug_ranges  0x00000038       0x28 .\ARM_GCC_493\Debug\ServoMotor.o
 .debug_ranges  0x00000060       0x38 .\ARM_GCC_493\Debug\Cm3Start.o
 .debug_ranges  0x00000098       0x50 .\ARM_GCC_493\Debug\ADC_SAR_PrISM01.a(cyfitter_cfg.o)
 .debug_ranges  0x000000e8       0x98 .\ARM_GCC_493\Debug\ADC_SAR_PrISM01.a(ADC_SAR_L.o)
 .debug_ranges  0x00000180       0x10 .\ARM_GCC_493\Debug\ADC_SAR_PrISM01.a(ADC_SAR_L_INT.o)
 .debug_ranges  0x00000190       0x88 .\ARM_GCC_493\Debug\ADC_SAR_PrISM01.a(LCD.o)
 .debug_ranges  0x00000218       0x98 .\ARM_GCC_493\Debug\ADC_SAR_PrISM01.a(ADC_SAR_R.o)
 .debug_ranges  0x000002b0       0x10 .\ARM_GCC_493\Debug\ADC_SAR_PrISM01.a(ADC_SAR_R_INT.o)
 .debug_ranges  0x000002c0       0x80 .\ARM_GCC_493\Debug\ADC_SAR_PrISM01.a(Timer_1.o)
 .debug_ranges  0x00000340       0x70 .\ARM_GCC_493\Debug\ADC_SAR_PrISM01.a(TimerISR.o)
 .debug_ranges  0x000003b0       0x90 .\ARM_GCC_493\Debug\ADC_SAR_PrISM01.a(UART_1.o)
 .debug_ranges  0x00000440       0x10 .\ARM_GCC_493\Debug\ADC_SAR_PrISM01.a(UART_1_INT.o)
 .debug_ranges  0x00000450       0x90 .\ARM_GCC_493\Debug\ADC_SAR_PrISM01.a(UART_2.o)
 .debug_ranges  0x000004e0       0x10 .\ARM_GCC_493\Debug\ADC_SAR_PrISM01.a(UART_2_INT.o)
 .debug_ranges  0x000004f0       0x90 .\ARM_GCC_493\Debug\ADC_SAR_PrISM01.a(UART_3.o)
 .debug_ranges  0x00000580       0x10 .\ARM_GCC_493\Debug\ADC_SAR_PrISM01.a(UART_3_INT.o)
 .debug_ranges  0x00000590       0x70 .\ARM_GCC_493\Debug\ADC_SAR_PrISM01.a(ADC_SAR_L_IRQ.o)
 .debug_ranges  0x00000600       0x60 .\ARM_GCC_493\Debug\ADC_SAR_PrISM01.a(ADC_SAR_L_theACLK.o)
 .debug_ranges  0x00000660       0x70 .\ARM_GCC_493\Debug\ADC_SAR_PrISM01.a(ADC_SAR_R_IRQ.o)
 .debug_ranges  0x000006d0       0x60 .\ARM_GCC_493\Debug\ADC_SAR_PrISM01.a(ADC_SAR_R_theACLK.o)
 .debug_ranges  0x00000730       0x60 .\ARM_GCC_493\Debug\ADC_SAR_PrISM01.a(UART_1_IntClock.o)
 .debug_ranges  0x00000790       0x60 .\ARM_GCC_493\Debug\ADC_SAR_PrISM01.a(UART_2_IntClock.o)
 .debug_ranges  0x000007f0       0x60 .\ARM_GCC_493\Debug\ADC_SAR_PrISM01.a(UART_3_IntClock.o)
 .debug_ranges  0x00000850      0x288 .\ARM_GCC_493\Debug\ADC_SAR_PrISM01.a(CyLib.o)
 .debug_ranges  0x00000ad8       0x88 .\ARM_GCC_493\Debug\ADC_SAR_PrISM01.a(cyPm.o)
 .debug_ranges  0x00000b60       0x70 .\ARM_GCC_493\Debug\ADC_SAR_PrISM01.a(CyFlash.o)
 .debug_ranges  0x00000bd0       0x68 .\ARM_GCC_493\Debug\ADC_SAR_PrISM01.a(CySpc.o)

.comment        0x00000000       0x70
 .comment       0x00000000       0x70 .\ARM_GCC_493\Debug\main.o
                                 0x71 (size before relaxing)
 .comment       0x00000000       0x71 .\ARM_GCC_493\Debug\pid.o
 .comment       0x00000000       0x71 .\ARM_GCC_493\Debug\ServoMotor.o
 .comment       0x00000000       0x71 .\ARM_GCC_493\Debug\cymetadata.o
 .comment       0x00000000       0x71 .\ARM_GCC_493\Debug\Cm3Start.o
 .comment       0x00000000       0x71 .\ARM_GCC_493\Debug\ADC_SAR_PrISM01.a(cyfitter_cfg.o)
 .comment       0x00000000       0x71 .\ARM_GCC_493\Debug\ADC_SAR_PrISM01.a(ADC_SAR_L.o)
 .comment       0x00000000       0x71 .\ARM_GCC_493\Debug\ADC_SAR_PrISM01.a(ADC_SAR_L_INT.o)
 .comment       0x00000000       0x71 .\ARM_GCC_493\Debug\ADC_SAR_PrISM01.a(LCD.o)
 .comment       0x00000000       0x71 .\ARM_GCC_493\Debug\ADC_SAR_PrISM01.a(ADC_SAR_R.o)
 .comment       0x00000000       0x71 .\ARM_GCC_493\Debug\ADC_SAR_PrISM01.a(ADC_SAR_R_INT.o)
 .comment       0x00000000       0x71 .\ARM_GCC_493\Debug\ADC_SAR_PrISM01.a(Timer_1.o)
 .comment       0x00000000       0x71 .\ARM_GCC_493\Debug\ADC_SAR_PrISM01.a(TimerISR.o)
 .comment       0x00000000       0x71 .\ARM_GCC_493\Debug\ADC_SAR_PrISM01.a(UART_1.o)
 .comment       0x00000000       0x71 .\ARM_GCC_493\Debug\ADC_SAR_PrISM01.a(UART_1_INT.o)
 .comment       0x00000000       0x71 .\ARM_GCC_493\Debug\ADC_SAR_PrISM01.a(UART_2.o)
 .comment       0x00000000       0x71 .\ARM_GCC_493\Debug\ADC_SAR_PrISM01.a(UART_2_INT.o)
 .comment       0x00000000       0x71 .\ARM_GCC_493\Debug\ADC_SAR_PrISM01.a(UART_3.o)
 .comment       0x00000000       0x71 .\ARM_GCC_493\Debug\ADC_SAR_PrISM01.a(UART_3_INT.o)
 .comment       0x00000000       0x71 .\ARM_GCC_493\Debug\ADC_SAR_PrISM01.a(ADC_SAR_L_IRQ.o)
 .comment       0x00000000       0x71 .\ARM_GCC_493\Debug\ADC_SAR_PrISM01.a(ADC_SAR_L_theACLK.o)
 .comment       0x00000000       0x71 .\ARM_GCC_493\Debug\ADC_SAR_PrISM01.a(ADC_SAR_R_IRQ.o)
 .comment       0x00000000       0x71 .\ARM_GCC_493\Debug\ADC_SAR_PrISM01.a(ADC_SAR_R_theACLK.o)
 .comment       0x00000000       0x71 .\ARM_GCC_493\Debug\ADC_SAR_PrISM01.a(UART_1_IntClock.o)
 .comment       0x00000000       0x71 .\ARM_GCC_493\Debug\ADC_SAR_PrISM01.a(UART_2_IntClock.o)
 .comment       0x00000000       0x71 .\ARM_GCC_493\Debug\ADC_SAR_PrISM01.a(UART_3_IntClock.o)
 .comment       0x00000000       0x71 .\ARM_GCC_493\Debug\ADC_SAR_PrISM01.a(CyLib.o)
 .comment       0x00000000       0x71 .\ARM_GCC_493\Debug\ADC_SAR_PrISM01.a(cyPm.o)
 .comment       0x00000000       0x71 .\ARM_GCC_493\Debug\ADC_SAR_PrISM01.a(CyFlash.o)
 .comment       0x00000000       0x71 .\ARM_GCC_493\Debug\ADC_SAR_PrISM01.a(CySpc.o)

.debug_weaknames
 *(.debug_weaknames)

.debug_funcnames
 *(.debug_funcnames)

.debug_typenames
 *(.debug_typenames)

.debug_varnames
 *(.debug_varnames)

.note.gnu.arm.ident
 *(.note.gnu.arm.ident)

.ARM.attributes
                0x00000000       0x29
 *(.ARM.attributes)
 .ARM.attributes
                0x00000000       0x1d d:/program files (x86)/cypress/psoc creator/3.3/psoc creator/import/gnu/arm/4.9.3/bin/../lib/gcc/arm-none-eabi/4.9.3/armv7-m/crti.o
 .ARM.attributes
                0x0000001d       0x2d d:/program files (x86)/cypress/psoc creator/3.3/psoc creator/import/gnu/arm/4.9.3/bin/../lib/gcc/arm-none-eabi/4.9.3/armv7-m/crtbegin.o
 .ARM.attributes
                0x0000004a       0x1b d:/program files (x86)/cypress/psoc creator/3.3/psoc creator/import/gnu/arm/4.9.3/bin/../lib/gcc/arm-none-eabi/4.9.3/../../../../arm-none-eabi/lib/armv7-m/crt0.o
 .ARM.attributes
                0x00000065       0x33 .\ARM_GCC_493\Debug\main.o
 .ARM.attributes
                0x00000098       0x33 .\ARM_GCC_493\Debug\pid.o
 .ARM.attributes
                0x000000cb       0x33 .\ARM_GCC_493\Debug\ServoMotor.o
 .ARM.attributes
                0x000000fe       0x33 .\ARM_GCC_493\Debug\cymetadata.o
 .ARM.attributes
                0x00000131       0x33 .\ARM_GCC_493\Debug\Cm3Start.o
 .ARM.attributes
                0x00000164       0x33 .\ARM_GCC_493\Debug\ADC_SAR_PrISM01.a(cyfitter_cfg.o)
 .ARM.attributes
                0x00000197       0x33 .\ARM_GCC_493\Debug\ADC_SAR_PrISM01.a(ADC_SAR_L.o)
 .ARM.attributes
                0x000001ca       0x33 .\ARM_GCC_493\Debug\ADC_SAR_PrISM01.a(ADC_SAR_L_INT.o)
 .ARM.attributes
                0x000001fd       0x33 .\ARM_GCC_493\Debug\ADC_SAR_PrISM01.a(LCD.o)
 .ARM.attributes
                0x00000230       0x33 .\ARM_GCC_493\Debug\ADC_SAR_PrISM01.a(ADC_SAR_R.o)
 .ARM.attributes
                0x00000263       0x33 .\ARM_GCC_493\Debug\ADC_SAR_PrISM01.a(ADC_SAR_R_INT.o)
 .ARM.attributes
                0x00000296       0x33 .\ARM_GCC_493\Debug\ADC_SAR_PrISM01.a(Timer_1.o)
 .ARM.attributes
                0x000002c9       0x33 .\ARM_GCC_493\Debug\ADC_SAR_PrISM01.a(TimerISR.o)
 .ARM.attributes
                0x000002fc       0x33 .\ARM_GCC_493\Debug\ADC_SAR_PrISM01.a(UART_1.o)
 .ARM.attributes
                0x0000032f       0x33 .\ARM_GCC_493\Debug\ADC_SAR_PrISM01.a(UART_1_INT.o)
 .ARM.attributes
                0x00000362       0x33 .\ARM_GCC_493\Debug\ADC_SAR_PrISM01.a(UART_2.o)
 .ARM.attributes
                0x00000395       0x33 .\ARM_GCC_493\Debug\ADC_SAR_PrISM01.a(UART_2_INT.o)
 .ARM.attributes
                0x000003c8       0x33 .\ARM_GCC_493\Debug\ADC_SAR_PrISM01.a(UART_3.o)
 .ARM.attributes
                0x000003fb       0x33 .\ARM_GCC_493\Debug\ADC_SAR_PrISM01.a(UART_3_INT.o)
 .ARM.attributes
                0x0000042e       0x33 .\ARM_GCC_493\Debug\ADC_SAR_PrISM01.a(ADC_SAR_L_IRQ.o)
 .ARM.attributes
                0x00000461       0x33 .\ARM_GCC_493\Debug\ADC_SAR_PrISM01.a(ADC_SAR_L_theACLK.o)
 .ARM.attributes
                0x00000494       0x33 .\ARM_GCC_493\Debug\ADC_SAR_PrISM01.a(ADC_SAR_R_IRQ.o)
 .ARM.attributes
                0x000004c7       0x33 .\ARM_GCC_493\Debug\ADC_SAR_PrISM01.a(ADC_SAR_R_theACLK.o)
 .ARM.attributes
                0x000004fa       0x33 .\ARM_GCC_493\Debug\ADC_SAR_PrISM01.a(UART_1_IntClock.o)
 .ARM.attributes
                0x0000052d       0x33 .\ARM_GCC_493\Debug\ADC_SAR_PrISM01.a(UART_2_IntClock.o)
 .ARM.attributes
                0x00000560       0x33 .\ARM_GCC_493\Debug\ADC_SAR_PrISM01.a(UART_3_IntClock.o)
 .ARM.attributes
                0x00000593       0x21 .\ARM_GCC_493\Debug\ADC_SAR_PrISM01.a(CyBootAsmGnu.o)
 .ARM.attributes
                0x000005b4       0x33 .\ARM_GCC_493\Debug\ADC_SAR_PrISM01.a(CyLib.o)
 .ARM.attributes
                0x000005e7       0x33 .\ARM_GCC_493\Debug\ADC_SAR_PrISM01.a(cyPm.o)
 .ARM.attributes
                0x0000061a       0x33 .\ARM_GCC_493\Debug\ADC_SAR_PrISM01.a(CyFlash.o)
 .ARM.attributes
                0x0000064d       0x33 .\ARM_GCC_493\Debug\ADC_SAR_PrISM01.a(CySpc.o)
 .ARM.attributes
                0x00000680       0x1d d:/program files (x86)/cypress/psoc creator/3.3/psoc creator/import/gnu/arm/4.9.3/bin/../lib/gcc/arm-none-eabi/4.9.3/armv7-m\libgcc.a(_arm_addsubdf3.o)
 .ARM.attributes
                0x0000069d       0x1d d:/program files (x86)/cypress/psoc creator/3.3/psoc creator/import/gnu/arm/4.9.3/bin/../lib/gcc/arm-none-eabi/4.9.3/armv7-m\libgcc.a(_arm_muldivdf3.o)
 .ARM.attributes
                0x000006ba       0x1d d:/program files (x86)/cypress/psoc creator/3.3/psoc creator/import/gnu/arm/4.9.3/bin/../lib/gcc/arm-none-eabi/4.9.3/armv7-m\libgcc.a(_arm_truncdfsf2.o)
 .ARM.attributes
                0x000006d7       0x1d d:/program files (x86)/cypress/psoc creator/3.3/psoc creator/import/gnu/arm/4.9.3/bin/../lib/gcc/arm-none-eabi/4.9.3/armv7-m\libgcc.a(_arm_addsubsf3.o)
 .ARM.attributes
                0x000006f4       0x1d d:/program files (x86)/cypress/psoc creator/3.3/psoc creator/import/gnu/arm/4.9.3/bin/../lib/gcc/arm-none-eabi/4.9.3/armv7-m\libgcc.a(_arm_muldivsf3.o)
 .ARM.attributes
                0x00000711       0x1d d:/program files (x86)/cypress/psoc creator/3.3/psoc creator/import/gnu/arm/4.9.3/bin/../lib/gcc/arm-none-eabi/4.9.3/armv7-m\libgcc.a(_arm_cmpsf2.o)
 .ARM.attributes
                0x0000072e       0x1d d:/program files (x86)/cypress/psoc creator/3.3/psoc creator/import/gnu/arm/4.9.3/bin/../lib/gcc/arm-none-eabi/4.9.3/armv7-m\libgcc.a(_arm_fixsfsi.o)
 .ARM.attributes
                0x0000074b       0x1d d:/program files (x86)/cypress/psoc creator/3.3/psoc creator/import/gnu/arm/4.9.3/bin/../lib/gcc/arm-none-eabi/4.9.3/armv7-m\libgcc.a(_arm_fixunssfsi.o)
 .ARM.attributes
                0x00000768       0x1d d:/program files (x86)/cypress/psoc creator/3.3/psoc creator/import/gnu/arm/4.9.3/bin/../lib/gcc/arm-none-eabi/4.9.3/armv7-m\libgcc.a(_aeabi_ldivmod.o)
 .ARM.attributes
                0x00000785       0x2d d:/program files (x86)/cypress/psoc creator/3.3/psoc creator/import/gnu/arm/4.9.3/bin/../lib/gcc/arm-none-eabi/4.9.3/armv7-m\libgcc.a(bpabi.o)
 .ARM.attributes
                0x000007b2       0x1d d:/program files (x86)/cypress/psoc creator/3.3/psoc creator/import/gnu/arm/4.9.3/bin/../lib/gcc/arm-none-eabi/4.9.3/armv7-m\libgcc.a(_dvmd_tls.o)
 .ARM.attributes
                0x000007cf       0x2d d:/program files (x86)/cypress/psoc creator/3.3/psoc creator/import/gnu/arm/4.9.3/bin/../lib/gcc/arm-none-eabi/4.9.3/armv7-m\libgcc.a(_divdi3.o)
 .ARM.attributes
                0x000007fc       0x2d d:/program files (x86)/cypress/psoc creator/3.3/psoc creator/import/gnu/arm/4.9.3/bin/../lib/gcc/arm-none-eabi/4.9.3/armv7-m\libgcc.a(_udivdi3.o)
 .ARM.attributes
                0x00000829       0x2d d:/program files (x86)/cypress/psoc creator/3.3/psoc creator/import/gnu/arm/4.9.3/bin/../lib/gcc/arm-none-eabi/4.9.3/../../../../arm-none-eabi/lib/armv7-m\libg_nano.a(lib_a-errno.o)
 .ARM.attributes
                0x00000856       0x2d d:/program files (x86)/cypress/psoc creator/3.3/psoc creator/import/gnu/arm/4.9.3/bin/../lib/gcc/arm-none-eabi/4.9.3/../../../../arm-none-eabi/lib/armv7-m\libg_nano.a(lib_a-exit.o)
 .ARM.attributes
                0x00000883       0x2d d:/program files (x86)/cypress/psoc creator/3.3/psoc creator/import/gnu/arm/4.9.3/bin/../lib/gcc/arm-none-eabi/4.9.3/../../../../arm-none-eabi/lib/armv7-m\libg_nano.a(lib_a-impure.o)
 .ARM.attributes
                0x000008b0       0x2d d:/program files (x86)/cypress/psoc creator/3.3/psoc creator/import/gnu/arm/4.9.3/bin/../lib/gcc/arm-none-eabi/4.9.3/../../../../arm-none-eabi/lib/armv7-m\libg_nano.a(lib_a-init.o)
 .ARM.attributes
                0x000008dd       0x2d d:/program files (x86)/cypress/psoc creator/3.3/psoc creator/import/gnu/arm/4.9.3/bin/../lib/gcc/arm-none-eabi/4.9.3/../../../../arm-none-eabi/lib/armv7-m\libg_nano.a(lib_a-memcpy.o)
 .ARM.attributes
                0x0000090a       0x2d d:/program files (x86)/cypress/psoc creator/3.3/psoc creator/import/gnu/arm/4.9.3/bin/../lib/gcc/arm-none-eabi/4.9.3/../../../../arm-none-eabi/lib/armv7-m\libg_nano.a(lib_a-memset.o)
 .ARM.attributes