------------------------------------------------------------
TimeQuest Timing Analyzer Summary
------------------------------------------------------------

Type  : Slow 1200mV 85C Model Setup 'Pll_inst|altpll_component|auto_generated|pll1|clk[0]'
Slack : 1.261
TNS   : 0.000

Type  : Slow 1200mV 85C Model Setup 'altera_reserved_tck'
Slack : 46.680
TNS   : 0.000

Type  : Slow 1200mV 85C Model Hold 'Pll_inst|altpll_component|auto_generated|pll1|clk[0]'
Slack : 0.337
TNS   : 0.000

Type  : Slow 1200mV 85C Model Hold 'altera_reserved_tck'
Slack : 0.402
TNS   : 0.000

Type  : Slow 1200mV 85C Model Recovery 'Pll_inst|altpll_component|auto_generated|pll1|clk[0]'
Slack : 4.818
TNS   : 0.000

Type  : Slow 1200mV 85C Model Recovery 'altera_reserved_tck'
Slack : 48.014
TNS   : 0.000

Type  : Slow 1200mV 85C Model Removal 'altera_reserved_tck'
Slack : 1.349
TNS   : 0.000

Type  : Slow 1200mV 85C Model Removal 'Pll_inst|altpll_component|auto_generated|pll1|clk[0]'
Slack : 3.995
TNS   : 0.000

Type  : Slow 1200mV 85C Model Minimum Pulse Width 'Pll_inst|altpll_component|auto_generated|pll1|clk[0]'
Slack : 4.617
TNS   : 0.000

Type  : Slow 1200mV 85C Model Minimum Pulse Width 'CLOCK_50'
Slack : 9.819
TNS   : 0.000

Type  : Slow 1200mV 85C Model Minimum Pulse Width 'CLOCK2_50'
Slack : 16.000
TNS   : 0.000

Type  : Slow 1200mV 85C Model Minimum Pulse Width 'CLOCK3_50'
Slack : 16.000
TNS   : 0.000

Type  : Slow 1200mV 85C Model Minimum Pulse Width 'altera_reserved_tck'
Slack : 49.549
TNS   : 0.000

Type  : Slow 1200mV 0C Model Setup 'Pll_inst|altpll_component|auto_generated|pll1|clk[0]'
Slack : 1.983
TNS   : 0.000

Type  : Slow 1200mV 0C Model Setup 'altera_reserved_tck'
Slack : 47.060
TNS   : 0.000

Type  : Slow 1200mV 0C Model Hold 'Pll_inst|altpll_component|auto_generated|pll1|clk[0]'
Slack : 0.334
TNS   : 0.000

Type  : Slow 1200mV 0C Model Hold 'altera_reserved_tck'
Slack : 0.352
TNS   : 0.000

Type  : Slow 1200mV 0C Model Recovery 'Pll_inst|altpll_component|auto_generated|pll1|clk[0]'
Slack : 5.257
TNS   : 0.000

Type  : Slow 1200mV 0C Model Recovery 'altera_reserved_tck'
Slack : 48.308
TNS   : 0.000

Type  : Slow 1200mV 0C Model Removal 'altera_reserved_tck'
Slack : 1.237
TNS   : 0.000

Type  : Slow 1200mV 0C Model Removal 'Pll_inst|altpll_component|auto_generated|pll1|clk[0]'
Slack : 3.556
TNS   : 0.000

Type  : Slow 1200mV 0C Model Minimum Pulse Width 'Pll_inst|altpll_component|auto_generated|pll1|clk[0]'
Slack : 4.648
TNS   : 0.000

Type  : Slow 1200mV 0C Model Minimum Pulse Width 'CLOCK_50'
Slack : 9.799
TNS   : 0.000

Type  : Slow 1200mV 0C Model Minimum Pulse Width 'CLOCK2_50'
Slack : 16.000
TNS   : 0.000

Type  : Slow 1200mV 0C Model Minimum Pulse Width 'CLOCK3_50'
Slack : 16.000
TNS   : 0.000

Type  : Slow 1200mV 0C Model Minimum Pulse Width 'altera_reserved_tck'
Slack : 49.479
TNS   : 0.000

Type  : Fast 1200mV 0C Model Setup 'Pll_inst|altpll_component|auto_generated|pll1|clk[0]'
Slack : 5.595
TNS   : 0.000

Type  : Fast 1200mV 0C Model Setup 'altera_reserved_tck'
Slack : 48.713
TNS   : 0.000

Type  : Fast 1200mV 0C Model Hold 'Pll_inst|altpll_component|auto_generated|pll1|clk[0]'
Slack : 0.134
TNS   : 0.000

Type  : Fast 1200mV 0C Model Hold 'altera_reserved_tck'
Slack : 0.180
TNS   : 0.000

Type  : Fast 1200mV 0C Model Recovery 'Pll_inst|altpll_component|auto_generated|pll1|clk[0]'
Slack : 7.258
TNS   : 0.000

Type  : Fast 1200mV 0C Model Recovery 'altera_reserved_tck'
Slack : 49.325
TNS   : 0.000

Type  : Fast 1200mV 0C Model Removal 'altera_reserved_tck'
Slack : 0.638
TNS   : 0.000

Type  : Fast 1200mV 0C Model Removal 'Pll_inst|altpll_component|auto_generated|pll1|clk[0]'
Slack : 2.055
TNS   : 0.000

Type  : Fast 1200mV 0C Model Minimum Pulse Width 'Pll_inst|altpll_component|auto_generated|pll1|clk[0]'
Slack : 4.751
TNS   : 0.000

Type  : Fast 1200mV 0C Model Minimum Pulse Width 'CLOCK_50'
Slack : 9.400
TNS   : 0.000

Type  : Fast 1200mV 0C Model Minimum Pulse Width 'CLOCK2_50'
Slack : 16.000
TNS   : 0.000

Type  : Fast 1200mV 0C Model Minimum Pulse Width 'CLOCK3_50'
Slack : 16.000
TNS   : 0.000

Type  : Fast 1200mV 0C Model Minimum Pulse Width 'altera_reserved_tck'
Slack : 49.302
TNS   : 0.000

------------------------------------------------------------
