Archive member included because of file (symbol)

.\ARM_GCC_493\Debug\light_1506.a(cyfitter_cfg.o)
                              .\ARM_GCC_493\Debug\Cm3Start.o (cyfitter_cfg)
.\ARM_GCC_493\Debug\light_1506.a(CapSense.o)
                              .\ARM_GCC_493\Debug\main.o (CapSense_Start)
.\ARM_GCC_493\Debug\light_1506.a(CapSense_CSHL.o)
                              .\ARM_GCC_493\Debug\main.o (CapSense_InitializeAllBaselines)
.\ARM_GCC_493\Debug\light_1506.a(CapSense_INT.o)
                              .\ARM_GCC_493\Debug\light_1506.a(CapSense.o) (CapSense_IsrCH0_ISR)
.\ARM_GCC_493\Debug\light_1506.a(LCD.o)
                              .\ARM_GCC_493\Debug\main.o (LCD_Start)
.\ARM_GCC_493\Debug\light_1506.a(USBUART_1.o)
                              .\ARM_GCC_493\Debug\main.o (USBUART_1_Start)
.\ARM_GCC_493\Debug\light_1506.a(USBUART_1_cdc.o)
                              .\ARM_GCC_493\Debug\main.o (USBUART_1_CDC_Init)
.\ARM_GCC_493\Debug\light_1506.a(USBUART_1_drv.o)
                              .\ARM_GCC_493\Debug\light_1506.a(USBUART_1.o) (USBUART_1_EP)
.\ARM_GCC_493\Debug\light_1506.a(USBUART_1_episr.o)
                              .\ARM_GCC_493\Debug\light_1506.a(USBUART_1.o) (USBUART_1_EP_1_ISR)
.\ARM_GCC_493\Debug\light_1506.a(USBUART_1_hid.o)
                              .\ARM_GCC_493\Debug\light_1506.a(USBUART_1.o) (USBUART_1_hidProtocol)
.\ARM_GCC_493\Debug\light_1506.a(USBUART_1_pm.o)
                              .\ARM_GCC_493\Debug\light_1506.a(USBUART_1.o) (USBUART_1_DP_ISR)
.\ARM_GCC_493\Debug\light_1506.a(USBUART_1_std.o)
                              .\ARM_GCC_493\Debug\light_1506.a(USBUART_1_drv.o) (USBUART_1_HandleStandardRqst)
.\ARM_GCC_493\Debug\light_1506.a(USBUART_1_vnd.o)
                              .\ARM_GCC_493\Debug\light_1506.a(USBUART_1_drv.o) (USBUART_1_HandleVendorRqst)
.\ARM_GCC_493\Debug\light_1506.a(PWM.o)
                              .\ARM_GCC_493\Debug\main.o (PWM_Start)
.\ARM_GCC_493\Debug\light_1506.a(CapSense_CompCH0.o)
                              .\ARM_GCC_493\Debug\light_1506.a(CapSense.o) (CapSense_CompCH0_Init)
.\ARM_GCC_493\Debug\light_1506.a(CapSense_IdacCH0.o)
                              .\ARM_GCC_493\Debug\light_1506.a(CapSense.o) (CapSense_IdacCH0_Init)
.\ARM_GCC_493\Debug\light_1506.a(CapSense_AMuxCH0.o)
                              .\ARM_GCC_493\Debug\light_1506.a(CapSense.o) (CapSense_AMuxCH0_Init)
.\ARM_GCC_493\Debug\light_1506.a(CapSense_IntClock.o)
                              .\ARM_GCC_493\Debug\light_1506.a(CapSense.o) (CapSense_IntClock_Start)
.\ARM_GCC_493\Debug\light_1506.a(USBUART_1_Dp.o)
                              .\ARM_GCC_493\Debug\light_1506.a(USBUART_1_pm.o) (USBUART_1_Dp_ClearInterrupt)
.\ARM_GCC_493\Debug\light_1506.a(CyBootAsmGnu.o)
                              .\ARM_GCC_493\Debug\light_1506.a(cyfitter_cfg.o) (CyDelayCycles)
.\ARM_GCC_493\Debug\light_1506.a(CyLib.o)
                              .\ARM_GCC_493\Debug\Cm3Start.o (CyResetStatus)
.\ARM_GCC_493\Debug\light_1506.a(cyPm.o)
                              .\ARM_GCC_493\Debug\light_1506.a(CyLib.o) (CyPmReadStatus)
.\ARM_GCC_493\Debug\light_1506.a(USBUART_1_cls.o)
                              .\ARM_GCC_493\Debug\light_1506.a(USBUART_1_drv.o) (USBUART_1_DispatchClassRqst)
.\ARM_GCC_493\Debug\light_1506.a(USBUART_1_descr.o)
                              .\ARM_GCC_493\Debug\light_1506.a(USBUART_1_std.o) (USBUART_1_DEVICE0_DESCR)
.\ARM_GCC_493\Debug\light_1506.a(CyFlash.o)
                              .\ARM_GCC_493\Debug\light_1506.a(cyPm.o) (CyFlash_SetWaitCycles)
.\ARM_GCC_493\Debug\light_1506.a(CySpc.o)
                              .\ARM_GCC_493\Debug\light_1506.a(CyFlash.o) (CySpcStart)
c:/program files (x86)/cypress/psoc creator/3.3/psoc creator/import/gnu/arm/4.9.3/bin/../lib/gcc/arm-none-eabi/4.9.3/armv7-m\libgcc.a(_arm_addsubsf3.o)
                              .\ARM_GCC_493\Debug\main.o (__aeabi_ui2f)
c:/program files (x86)/cypress/psoc creator/3.3/psoc creator/import/gnu/arm/4.9.3/bin/../lib/gcc/arm-none-eabi/4.9.3/armv7-m\libgcc.a(_arm_muldivsf3.o)
                              .\ARM_GCC_493\Debug\main.o (__aeabi_fmul)
c:/program files (x86)/cypress/psoc creator/3.3/psoc creator/import/gnu/arm/4.9.3/bin/../lib/gcc/arm-none-eabi/4.9.3/armv7-m\libgcc.a(_arm_fixunssfsi.o)
                              .\ARM_GCC_493\Debug\main.o (__aeabi_f2uiz)
c:/program files (x86)/cypress/psoc creator/3.3/psoc creator/import/gnu/arm/4.9.3/bin/../lib/gcc/arm-none-eabi/4.9.3/../../../../arm-none-eabi/lib/armv7-m\libg_nano.a(lib_a-errno.o)
                              .\ARM_GCC_493\Debug\Cm3Start.o (__errno)
c:/program files (x86)/cypress/psoc creator/3.3/psoc creator/import/gnu/arm/4.9.3/bin/../lib/gcc/arm-none-eabi/4.9.3/../../../../arm-none-eabi/lib/armv7-m\libg_nano.a(lib_a-exit.o)
[...]
Memory Configuration

Name             Origin             Length             Attributes
rom              0x00000000         0x00040000         xr
ram              0x1fff8000         0x00010000         xrw
*default*        0x00000000         0xffffffff

Linker script and memory map

LOAD c:/program files (x86)/cypress/psoc creator/3.3/psoc creator/import/gnu/arm/4.9.3/bin/../lib/gcc/arm-none-eabi/4.9.3/armv7-m/crti.o
LOAD c:/program files (x86)/cypress/psoc creator/3.3/psoc creator/import/gnu/arm/4.9.3/bin/../lib/gcc/arm-none-eabi/4.9.3/armv7-m/crtbegin.o
LOAD c:/program files (x86)/cypress/psoc creator/3.3/psoc creator/import/gnu/arm/4.9.3/bin/../lib/gcc/arm-none-eabi/4.9.3/../../../../arm-none-eabi/lib/armv7-m/crt0.o
START GROUP
LOAD .\ARM_GCC_493\Debug\main.o
LOAD .\ARM_GCC_493\Debug\cymetadata.o
LOAD .\ARM_GCC_493\Debug\Cm3Start.o
LOAD .\ARM_GCC_493\Debug\light_1506.a
LOAD C:\Program Files (x86)\Cypress\PSoC Creator\3.3\PSoC Creator\psoc\content\cycomponentlibrary\CyComponentLibrary.cylib\CortexM3\ARM_GCC_493\Debug\CyComponentLibrary.a
END GROUP
START GROUP
LOAD c:/program files (x86)/cypress/psoc creator/3.3/psoc creator/import/gnu/arm/4.9.3/bin/../lib/gcc/arm-none-eabi/4.9.3/armv7-m\libgcc.a
LOAD c:/program files (x86)/cypress/psoc creator/3.3/psoc creator/import/gnu/arm/4.9.3/bin/../lib/gcc/arm-none-eabi/4.9.3/../../../../arm-none-eabi/lib/armv7-m\libg_nano.a
LOAD c:/program files (x86)/cypress/psoc creator/3.3/psoc creator/import/gnu/arm/4.9.3/bin/../lib/gcc/arm-none-eabi/4.9.3/../../../../arm-none-eabi/lib/armv7-m\libc_nano.a
END GROUP
START GROUP
LOAD c:/program files (x86)/cypress/psoc creator/3.3/psoc creator/import/gnu/arm/4.9.3/bin/../lib/gcc/arm-none-eabi/4.9.3/armv7-m\libgcc.a
LOAD c:/program files (x86)/cypress/psoc creator/3.3/psoc creator/import/gnu/arm/4.9.3/bin/../lib/gcc/arm-none-eabi/4.9.3/../../../../arm-none-eabi/lib/armv7-m\libc_nano.a
END GROUP
LOAD c:/program files (x86)/cypress/psoc creator/3.3/psoc creator/import/gnu/arm/4.9.3/bin/../lib/gcc/arm-none-eabi/4.9.3/armv7-m/crtend.o
LOAD c:/program files (x86)/cypress/psoc creator/3.3/psoc creator/import/gnu/arm/4.9.3/bin/../lib/gcc/arm-none-eabi/4.9.3/armv7-m/crtn.o
START GROUP
LOAD c:/program files (x86)/cypress/psoc creator/3.3/psoc creator/import/gnu/arm/4.9.3/bin/../lib/gcc/arm-none-eabi/4.9.3/armv7-m\libgcc.a
LOAD c:/program files (x86)/cypress/psoc creator/3.3/psoc creator/import/gnu/arm/4.9.3/bin/../lib/gcc/arm-none-eabi/4.9.3/../../../../arm-none-eabi/lib/armv7-m\libc.a
LOAD c:/program files (x86)/cypress/psoc creator/3.3/psoc creator/import/gnu/arm/4.9.3/bin/../lib/gcc/arm-none-eabi/4.9.3/../../../../arm-none-eabi/lib/armv7-m\libnosys.a
END GROUP
                0x00000000                CY_APPL_ORIGIN = 0x0
                0x00000100                CY_FLASH_ROW_SIZE = 0x100
                0x00000020                CY_ECC_ROW_SIZE = 0x20
                0x00000000                CY_EE_IN_BTLDR = 0x0
                0x00000000                CY_APPL_LOADABLE = 0x0
                0x00000800                CY_EE_SIZE = 0x800
                0x00000001                CY_APPL_NUM = 0x1
                0x00000001                CY_APPL_MAX = 0x1
                0x00000040                CY_METADATA_SIZE = 0x40
                0x00000000                CY_APPL_LOADABLE = 0x0
                0x00000000                CY_CHECKSUM_EXCLUDE_SIZE = ALIGN (0x0, CY_FLASH_ROW_SIZE)
                0x1fff82b0                PROVIDE (__cy_heap_start, _end)
                0x00000001                PROVIDE (__cy_region_num, ((__cy_regions_end - __cy_regions) / 0x10))
                0x20008000                PROVIDE (__cy_stack, (ORIGIN (ram) + 0x10000))
                0x20007800                PROVIDE (__cy_heap_end, (__cy_stack - 0x800))

.cybootloader   0x00000000        0x0
 *(.cybootloader)
                0x00000000                appl1_start = CY_APPL_ORIGIN?CY_APPL_ORIGIN:ALIGN (CY_FLASH_ROW_SIZE)
                0x0001ff00                appl2_start = (appl1_start + ALIGN ((((0x40000 - appl1_start) - (0x2 * CY_FLASH_ROW_SIZE)) / 0x2), CY_FLASH_ROW_SIZE))
                0x00000000                appl_start = (CY_APPL_NUM == 0x1)?appl1_start:appl2_start
                0x00000000                ecc_offset = ((appl_start / CY_FLASH_ROW_SIZE) * CY_ECC_ROW_SIZE)
                0x00000000                ee_offset = (CY_APPL_LOADABLE && ! (CY_EE_IN_BTLDR))?((CY_EE_SIZE / CY_APPL_MAX) * (CY_APPL_NUM - 0x1)):0x0
                0x00000800                ee_size = (CY_APPL_LOADABLE && ! (CY_EE_IN_BTLDR))?(CY_EE_SIZE / CY_APPL_MAX):CY_EE_SIZE
                0x00000000                PROVIDE (CY_ECC_OFFSET, ecc_offset)

.text           0x00000000     0x4826
 CREATE_OBJECT_SYMBOLS
                0x00000000                PROVIDE (__cy_interrupt_vector, RomVectors)
 *(.romvectors)
 .romvectors    0x00000000       0x10 .\ARM_GCC_493\Debug\Cm3Start.o
                0x00000000                RomVectors
                0x00000001                ASSERT ((. != __cy_interrupt_vector), No interrupt vector)
                0x00000001                ASSERT (CY_APPL_ORIGIN?(SIZEOF (.cybootloader) <= CY_APPL_ORIGIN):0x1, Wrong image location)
                0x00000010                PROVIDE (__cy_reset, Reset)
 *(.text.Reset)
 .text.Reset    0x00000010       0x18 .\ARM_GCC_493\Debug\Cm3Start.o
                0x00000010                Reset
                0x00000001                ASSERT ((. != __cy_reset), No reset code)
 *(.dma_init)
                0x00000001                ASSERT ((((appl_start + .) <= 0x10000) || 0x1), DMA Init must be within the first 64k of flash)
 *(.text .text.* .gnu.linkonce.t.*)
 .text          0x00000028       0x5c c:/program files (x86)/cypress/psoc creator/3.3/psoc creator/import/gnu/arm/4.9.3/bin/../lib/gcc/arm-none-eabi/4.9.3/armv7-m/crtbegin.o
 .text.main     0x00000084      0x250 .\ARM_GCC_493\Debug\main.o
                0x00000084                main
 .text.IntDefaultHandler
                0x000002d4        0x8 .\ARM_GCC_493\Debug\Cm3Start.o
                0x000002d4                IntDefaultHandler
 .text.Start_c  0x000002dc       0x98 .\ARM_GCC_493\Debug\Cm3Start.o
                0x000002dc                Start_c
 .text.initialize_psoc
                0x00000374       0x8c .\ARM_GCC_493\Debug\Cm3Start.o
                0x00000374                initialize_psoc
 .text.CYMEMZERO
                0x00000400       0x1c .\ARM_GCC_493\Debug\light_1506.a(cyfitter_cfg.o)
 .text.CYCONFIGCPY
                0x0000041c       0x1c .\ARM_GCC_493\Debug\light_1506.a(cyfitter_cfg.o)
 .text.CYCONFIGCPYCODE
                0x00000438       0x1c .\ARM_GCC_493\Debug\light_1506.a(cyfitter_cfg.o)
 .text.CyClockStartupError
                0x00000454        0xc .\ARM_GCC_493\Debug\light_1506.a(cyfitter_cfg.o)
 .text.cfg_write_bytes32
                0x00000460       0x74 .\ARM_GCC_493\Debug\light_1506.a(cyfitter_cfg.o)
 .text.ClockSetup
                0x000004d4      0x118 .\ARM_GCC_493\Debug\light_1506.a(cyfitter_cfg.o)
 .text.AnalogSetDefault
                0x000005ec       0x6c .\ARM_GCC_493\Debug\light_1506.a(cyfitter_cfg.o)
 .text.CapSense_AMuxCH0_Set
                0x00000658       0x40 .\ARM_GCC_493\Debug\light_1506.a(cyfitter_cfg.o)
                0x00000658                CapSense_AMuxCH0_Set
 .text.CapSense_AMuxCH0_Unset
                0x00000698       0x44 .\ARM_GCC_493\Debug\light_1506.a(cyfitter_cfg.o)
                0x00000698                CapSense_AMuxCH0_Unset
 .text.cyfitter_cfg
                0x000006dc      0x16c .\ARM_GCC_493\Debug\light_1506.a(cyfitter_cfg.o)
                0x000006dc                cyfitter_cfg
 .text.CapSense_Init
                0x00000848      0x130 .\ARM_GCC_493\Debug\light_1506.a(CapSense.o)
                0x00000848                CapSense_Init
 .text.CapSense_Enable
                0x00000978       0x98 .\ARM_GCC_493\Debug\light_1506.a(CapSense.o)
                0x00000978                CapSense_Enable
 .text.CapSense_Start
                0x00000a10       0x20 .\ARM_GCC_493\Debug\light_1506.a(CapSense.o)
                0x00000a10                CapSense_Start
 .text.CapSense_FindNextSensor
                0x00000a30       0x50 .\ARM_GCC_493\Debug\light_1506.a(CapSense.o)
                0x00000a30                CapSense_FindNextSensor
 .text.CapSense_SetScanSlotSettings
                0x00000a80       0x4c .\ARM_GCC_493\Debug\light_1506.a(CapSense.o)
                0x00000a80                CapSense_SetScanSlotSettings
 .text.CapSense_ScanSensor
                0x00000acc       0x34 .\ARM_GCC_493\Debug\light_1506.a(CapSense.o)
                0x00000acc                CapSense_ScanSensor
 .text.CapSense_ScanEnabledWidgets
                0x00000b00       0x54 .\ARM_GCC_493\Debug\light_1506.a(CapSense.o)
                0x00000b00                CapSense_ScanEnabledWidgets
 .text.CapSense_IsBusy
                0x00000b54       0x20 .\ARM_GCC_493\Debug\light_1506.a(CapSense.o)
                0x00000b54                CapSense_IsBusy
 .text.CapSense_ClearSensors
                0x00000b74       0x28 .\ARM_GCC_493\Debug\light_1506.a(CapSense.o)
                0x00000b74                CapSense_ClearSensors
 .text.CapSense_EnableSensor
                0x00000b9c       0x68 .\ARM_GCC_493\Debug\light_1506.a(CapSense.o)
                0x00000b9c                CapSense_EnableSensor
 .text.CapSense_DisableSensor
                0x00000c04       0x6c .\ARM_GCC_493\Debug\light_1506.a(CapSense.o)
                0x00000c04                CapSense_DisableSensor
 .text.CapSense_PreScan
                0x00000c70       0x58 .\ARM_GCC_493\Debug\light_1506.a(CapSense.o)
                0x00000c70                CapSense_PreScan
 .text.CapSense_PostScan
                0x00000cc8       0x98 .\ARM_GCC_493\Debug\light_1506.a(CapSense.o)
                0x00000cc8                CapSense_PostScan
 .text.CapSense_SetPrescaler
                0x00000d60       0x2c .\ARM_GCC_493\Debug\light_1506.a(CapSense.o)
                0x00000d60                CapSense_SetPrescaler
 .text.CapSense_SetAnalogSwitchesSource
                0x00000d8c       0x40 .\ARM_GCC_493\Debug\light_1506.a(CapSense.o)
                0x00000d8c                CapSense_SetAnalogSwitchesSource
 .text.CapSense_BaseInit
                0x00000dcc       0x6c .\ARM_GCC_493\Debug\light_1506.a(CapSense_CSHL.o)
                0x00000dcc                CapSense_BaseInit
 .text.CapSense_InitializeSensorBaseline
                0x00000e38       0x2c .\ARM_GCC_493\Debug\light_1506.a(CapSense_CSHL.o)
                0x00000e38                CapSense_InitializeSensorBaseline
 .text.CapSense_InitializeAllBaselines
                0x00000e64       0x28 .\ARM_GCC_493\Debug\light_1506.a(CapSense_CSHL.o)
                0x00000e64                CapSense_InitializeAllBaselines
 .text.CapSense_UpdateSensorBaseline
                0x00000e8c      0x150 .\ARM_GCC_493\Debug\light_1506.a(CapSense_CSHL.o)
                0x00000e8c                CapSense_UpdateSensorBaseline
 .text.CapSense_UpdateEnabledBaselines
                0x00000fdc       0x50 .\ARM_GCC_493\Debug\light_1506.a(CapSense_CSHL.o)
                0x00000fdc                CapSense_UpdateEnabledBaselines
 .text.CapSense_CheckIsSensorActive
                0x0000102c      0x120 .\ARM_GCC_493\Debug\light_1506.a(CapSense_CSHL.o)
                0x0000102c                CapSense_CheckIsSensorActive
 .text.CapSense_CheckIsWidgetActive
                0x0000114c       0x54 .\ARM_GCC_493\Debug\light_1506.a(CapSense_CSHL.o)
                0x0000114c                CapSense_CheckIsWidgetActive
 .text.CapSense_FindMaximum
                0x000011a0       0x74 .\ARM_GCC_493\Debug\light_1506.a(CapSense_CSHL.o)
                0x000011a0                CapSense_FindMaximum
 .text.CapSense_CalcCentroid
                0x00001214      0x154 .\ARM_GCC_493\Debug\light_1506.a(CapSense_CSHL.o)
                0x00001214                CapSense_CalcCentroid
 .text.CapSense_GetCentroidPos
                0x00001368       0x78 .\ARM_GCC_493\Debug\light_1506.a(CapSense_CSHL.o)
                0x00001368                CapSense_GetCentroidPos
 .text.CapSense_IsrCH0_ISR
                0x000013e0       0x78 .\ARM_GCC_493\Debug\light_1506.a(CapSense_INT.o)
                0x000013e0                CapSense_IsrCH0_ISR
 .text.LCD_Init
                0x00001458       0x6c .\ARM_GCC_493\Debug\light_1506.a(LCD.o)
                0x00001458                LCD_Init
 .text.LCD_Enable
                0x000014c4       0x18 .\ARM_GCC_493\Debug\light_1506.a(LCD.o)
                0x000014c4                LCD_Enable
 .text.LCD_Start
                0x000014dc       0x20 .\ARM_GCC_493\Debug\light_1506.a(LCD.o)
                0x000014dc                LCD_Start
 .text.LCD_Position
                0x000014fc       0x6c .\ARM_GCC_493\Debug\light_1506.a(LCD.o)
                0x000014fc                LCD_Position
 .text.LCD_PrintString
                0x00001568       0x38 .\ARM_GCC_493\Debug\light_1506.a(LCD.o)
                0x00001568                LCD_PrintString
 .text.LCD_PutChar
                0x000015a0       0x18 .\ARM_GCC_493\Debug\light_1506.a(LCD.o)
                0x000015a0                LCD_PutChar
 .text.LCD_WriteData
                0x000015b8       0x34 .\ARM_GCC_493\Debug\light_1506.a(LCD.o)
                0x000015b8                LCD_WriteData
 .text.LCD_WriteControl
                0x000015ec       0x34 .\ARM_GCC_493\Debug\light_1506.a(LCD.o)
                0x000015ec                LCD_WriteControl
 .text.LCD_IsReady
                0x00001620      0x158 .\ARM_GCC_493\Debug\light_1506.a(LCD.o)
                0x00001620                LCD_IsReady
 .text.LCD_WrDatNib
                0x00001778       0x74 .\ARM_GCC_493\Debug\light_1506.a(LCD.o)
 .text.LCD_WrCntrlNib
                0x000017ec       0x60 .\ARM_GCC_493\Debug\light_1506.a(LCD.o)
 .text.LCD_PrintNumber
                0x0000184c       0xd8 .\ARM_GCC_493\Debug\light_1506.a(LCD.o)
                0x0000184c                LCD_PrintNumber
 .text.USBUART_1_Start
                0x00001924       0x38 .\ARM_GCC_493\Debug\light_1506.a(USBUART_1.o)
                0x00001924                USBUART_1_Start
 .text.USBUART_1_Init
                0x0000195c      0x1a0 .\ARM_GCC_493\Debug\light_1506.a(USBUART_1.o)
                0x0000195c                USBUART_1_Init
 .text.USBUART_1_InitComponent
                0x00001afc      0x11c .\ARM_GCC_493\Debug\light_1506.a(USBUART_1.o)
                0x00001afc                USBUART_1_InitComponent
 .text.USBUART_1_ReInitComponent
                0x00001c18       0x88 .\ARM_GCC_493\Debug\light_1506.a(USBUART_1.o)
                0x00001c18                USBUART_1_ReInitComponent
 .text.USBUART_1_GetConfiguration
                0x00001ca0       0x18 .\ARM_GCC_493\Debug\light_1506.a(USBUART_1.o)
                0x00001ca0                USBUART_1_GetConfiguration
 .text.USBUART_1_LoadInEP
                0x00001cb8       0xf8 .\ARM_GCC_493\Debug\light_1506.a(USBUART_1.o)
                0x00001cb8                USBUART_1_LoadInEP
 .text.USBUART_1_EnableOutEP
                0x00001db0       0x54 .\ARM_GCC_493\Debug\light_1506.a(USBUART_1.o)
                0x00001db0                USBUART_1_EnableOutEP
 .text.USBUART_1_DispatchCDCClassRqst
                0x00001e04       0xe8 .\ARM_GCC_493\Debug\light_1506.a(USBUART_1_cdc.o)
                0x00001e04                USBUART_1_DispatchCDCClassRqst
 .text.USBUART_1_GetInterfaceComPort
                0x00001eec       0x60 .\ARM_GCC_493\Debug\light_1506.a(USBUART_1_cdc.o)
                0x00001eec                USBUART_1_GetInterfaceComPort
 .text.USBUART_1_CDC_Init
                0x00001f4c       0xa8 .\ARM_GCC_493\Debug\light_1506.a(USBUART_1_cdc.o)
                0x00001f4c                USBUART_1_CDC_Init
 .text.USBUART_1_PutData
                0x00001ff4       0x6c .\ARM_GCC_493\Debug\light_1506.a(USBUART_1_cdc.o)
                0x00001ff4                USBUART_1_PutData
 .text.USBUART_1_Cdc_EpInit
                0x00002060       0x94 .\ARM_GCC_493\Debug\light_1506.a(USBUART_1_cdc.o)
                0x00002060                USBUART_1_Cdc_EpInit
 .text.USBUART_1_EP_0_ISR
                0x000020f4       0xf8 .\ARM_GCC_493\Debug\light_1506.a(USBUART_1_drv.o)
                0x000020f4                USBUART_1_EP_0_ISR
 .text.USBUART_1_HandleSetup
                0x000021ec       0x88 .\ARM_GCC_493\Debug\light_1506.a(USBUART_1_drv.o)
                0x000021ec                USBUART_1_HandleSetup
 .text.USBUART_1_HandleIN
                0x00002274       0x4c .\ARM_GCC_493\Debug\light_1506.a(USBUART_1_drv.o)
                0x00002274                USBUART_1_HandleIN
 .text.USBUART_1_HandleOUT
                0x000022c0       0x58 .\ARM_GCC_493\Debug\light_1506.a(USBUART_1_drv.o)
                0x000022c0                USBUART_1_HandleOUT
 .text.USBUART_1_LoadEP0
                0x00002318       0xd0 .\ARM_GCC_493\Debug\light_1506.a(USBUART_1_drv.o)
                0x00002318                USBUART_1_LoadEP0
 .text.USBUART_1_InitControlRead
                0x000023e8       0x70 .\ARM_GCC_493\Debug\light_1506.a(USBUART_1_drv.o)
                0x000023e8                USBUART_1_InitControlRead
 .text.USBUART_1_InitZeroLengthControlTransfer
                0x00002458       0x44 .\ARM_GCC_493\Debug\light_1506.a(USBUART_1_drv.o)
                0x00002458                USBUART_1_InitZeroLengthControlTransfer
 .text.USBUART_1_ControlReadDataStage
                0x0000249c        0xc .\ARM_GCC_493\Debug\light_1506.a(USBUART_1_drv.o)
                0x0000249c                USBUART_1_ControlReadDataStage
 .text.USBUART_1_ControlReadStatusStage
                0x000024a8       0x40 .\ARM_GCC_493\Debug\light_1506.a(USBUART_1_drv.o)
                0x000024a8                USBUART_1_ControlReadStatusStage
 .text.USBUART_1_InitControlWrite
                0x000024e8       0x64 .\ARM_GCC_493\Debug\light_1506.a(USBUART_1_drv.o)
                0x000024e8                USBUART_1_InitControlWrite
 .text.USBUART_1_ControlWriteDataStage
                0x0000254c       0xb4 .\ARM_GCC_493\Debug\light_1506.a(USBUART_1_drv.o)
                0x0000254c                USBUART_1_ControlWriteDataStage
 .text.USBUART_1_ControlWriteStatusStage
                0x00002600       0x20 .\ARM_GCC_493\Debug\light_1506.a(USBUART_1_drv.o)
                0x00002600                USBUART_1_ControlWriteStatusStage
 .text.USBUART_1_InitNoDataControlTransfer
                0x00002620       0x38 .\ARM_GCC_493\Debug\light_1506.a(USBUART_1_drv.o)
                0x00002620                USBUART_1_InitNoDataControlTransfer
 .text.USBUART_1_NoDataControlStatusStage
                0x00002658       0x48 .\ARM_GCC_493\Debug\light_1506.a(USBUART_1_drv.o)
                0x00002658                USBUART_1_NoDataControlStatusStage
 .text.USBUART_1_UpdateStatusBlock
                0x000026a0       0x40 .\ARM_GCC_493\Debug\light_1506.a(USBUART_1_drv.o)
                0x000026a0                USBUART_1_UpdateStatusBlock
 .text.USBUART_1_InitializeStatusBlock
                0x000026e0       0x34 .\ARM_GCC_493\Debug\light_1506.a(USBUART_1_drv.o)
                0x000026e0                USBUART_1_InitializeStatusBlock
 .text.USBUART_1_EP_1_ISR
                0x00002714       0x54 .\ARM_GCC_493\Debug\light_1506.a(USBUART_1_episr.o)
                0x00002714                USBUART_1_EP_1_ISR
 .text.USBUART_1_EP_2_ISR
                0x00002768       0x54 .\ARM_GCC_493\Debug\light_1506.a(USBUART_1_episr.o)
                0x00002768                USBUART_1_EP_2_ISR
 .text.USBUART_1_EP_3_ISR
                0x000027bc       0x5c .\ARM_GCC_493\Debug\light_1506.a(USBUART_1_episr.o)
                0x000027bc                USBUART_1_EP_3_ISR
 .text.USBUART_1_SOF_ISR
                0x00002818        0xc .\ARM_GCC_493\Debug\light_1506.a(USBUART_1_episr.o)
                0x00002818                USBUART_1_SOF_ISR
 .text.USBUART_1_BUS_RESET_ISR
                0x00002824        0xc .\ARM_GCC_493\Debug\light_1506.a(USBUART_1_episr.o)
                0x00002824                USBUART_1_BUS_RESET_ISR
 .text.USBUART_1_DispatchHIDClassRqst
                0x00002830      0x1d0 .\ARM_GCC_493\Debug\light_1506.a(USBUART_1_hid.o)
                0x00002830                USBUART_1_DispatchHIDClassRqst
 .text.USBUART_1_FindHidClassDecriptor
                0x00002a00       0x7c .\ARM_GCC_493\Debug\light_1506.a(USBUART_1_hid.o)
                0x00002a00                USBUART_1_FindHidClassDecriptor
 .text.USBUART_1_FindReportDescriptor
                0x00002a7c       0x90 .\ARM_GCC_493\Debug\light_1506.a(USBUART_1_hid.o)
                0x00002a7c                USBUART_1_FindReportDescriptor
 .text.USBUART_1_FindReport
                0x00002b0c       0xcc .\ARM_GCC_493\Debug\light_1506.a(USBUART_1_hid.o)
                0x00002b0c                USBUART_1_FindReport
 .text.USBUART_1_DP_ISR
                0x00002bd8        0xc .\ARM_GCC_493\Debug\light_1506.a(USBUART_1_pm.o)
                0x00002bd8                USBUART_1_DP_ISR
 .text.USBUART_1_HandleStandardRqst
                0x00002be4      0x48c .\ARM_GCC_493\Debug\light_1506.a(USBUART_1_std.o)
                0x00002be4                USBUART_1_HandleStandardRqst
 .text.USBUART_1_ReadDieID
                0x00003070       0xd4 .\ARM_GCC_493\Debug\light_1506.a(USBUART_1_std.o)
                0x00003070                USBUART_1_ReadDieID
 .text.USBUART_1_ConfigReg
                0x00003144      0x11c .\ARM_GCC_493\Debug\light_1506.a(USBUART_1_std.o)
                0x00003144                USBUART_1_ConfigReg
 .text.USBUART_1_Config
                0x00003260      0x394 .\ARM_GCC_493\Debug\light_1506.a(USBUART_1_std.o)
                0x00003260                USBUART_1_Config
 .text.USBUART_1_ConfigAltChanged
                0x000035f4      0x23c .\ARM_GCC_493\Debug\light_1506.a(USBUART_1_std.o)
                0x000035f4                USBUART_1_ConfigAltChanged
 .text.USBUART_1_GetConfigTablePtr
                0x00003830       0x54 .\ARM_GCC_493\Debug\light_1506.a(USBUART_1_std.o)
                0x00003830                USBUART_1_GetConfigTablePtr
 .text.USBUART_1_GetDeviceTablePtr
                0x00003884       0x24 .\ARM_GCC_493\Debug\light_1506.a(USBUART_1_std.o)
                0x00003884                USBUART_1_GetDeviceTablePtr
 .text.USBUART_1_GetInterfaceClassTablePtr
                0x000038a8       0x4c .\ARM_GCC_493\Debug\light_1506.a(USBUART_1_std.o)
                0x000038a8                USBUART_1_GetInterfaceClassTablePtr
 .text.USBUART_1_SetEndpointHalt
                0x000038f4       0xdc .\ARM_GCC_493\Debug\light_1506.a(USBUART_1_std.o)
                0x000038f4                USBUART_1_SetEndpointHalt
 .text.USBUART_1_ClearEndpointHalt
                0x000039d0      0x130 .\ARM_GCC_493\Debug\light_1506.a(USBUART_1_std.o)
                0x000039d0                USBUART_1_ClearEndpointHalt
 .text.USBUART_1_ValidateAlternateSetting
                0x00003b00       0x70 .\ARM_GCC_493\Debug\light_1506.a(USBUART_1_std.o)
                0x00003b00                USBUART_1_ValidateAlternateSetting
 .text.USBUART_1_HandleVendorRqst
                0x00003b70       0x54 .\ARM_GCC_493\Debug\light_1506.a(USBUART_1_vnd.o)
                0x00003b70                USBUART_1_HandleVendorRqst
 .text.PWM_Start
                0x00003bc4       0x20 .\ARM_GCC_493\Debug\light_1506.a(PWM.o)
                0x00003bc4                PWM_Start
 .text.PWM_Init
                0x00003be4       0x50 .\ARM_GCC_493\Debug\light_1506.a(PWM.o)
                0x00003be4                PWM_Init
 .text.PWM_Enable
                0x00003c34       0x20 .\ARM_GCC_493\Debug\light_1506.a(PWM.o)
                0x00003c34                PWM_Enable
 .text.PWM_WriteCounter
                0x00003c54       0x20 .\ARM_GCC_493\Debug\light_1506.a(PWM.o)
                0x00003c54                PWM_WriteCounter
 .text.PWM_WritePeriod
                0x00003c74       0x20 .\ARM_GCC_493\Debug\light_1506.a(PWM.o)
                0x00003c74                PWM_WritePeriod
 .text.PWM_WriteCompare
                0x00003c94       0x20 .\ARM_GCC_493\Debug\light_1506.a(PWM.o)
                0x00003c94                PWM_WriteCompare
 .text.CapSense_CompCH0_Init
                0x00003cb4       0x64 .\ARM_GCC_493\Debug\light_1506.a(CapSense_CompCH0.o)
                0x00003cb4                CapSense_CompCH0_Init
 .text.CapSense_CompCH0_Enable
                0x00003d18       0x34 .\ARM_GCC_493\Debug\light_1506.a(CapSense_CompCH0.o)
                0x00003d18                CapSense_CompCH0_Enable
 .text.CapSense_CompCH0_SetSpeed
                0x00003d4c       0x80 .\ARM_GCC_493\Debug\light_1506.a(CapSense_CompCH0.o)
                0x00003d4c                CapSense_CompCH0_SetSpeed
 .text.CapSense_IdacCH0_Init
                0x00003dcc       0x44 .\ARM_GCC_493\Debug\light_1506.a(CapSense_IdacCH0.o)
                0x00003dcc                CapSense_IdacCH0_Init
 .text.CapSense_IdacCH0_Enable
                0x00003e10       0x34 .\ARM_GCC_493\Debug\light_1506.a(CapSense_IdacCH0.o)
                0x00003e10                CapSense_IdacCH0_Enable
 .text.CapSense_IdacCH0_SetSpeed
                0x00003e44       0x40 .\ARM_GCC_493\Debug\light_1506.a(CapSense_IdacCH0.o)
                0x00003e44                CapSense_IdacCH0_SetSpeed
 .text.CapSense_IdacCH0_SetPolarity
                0x00003e84       0x40 .\ARM_GCC_493\Debug\light_1506.a(CapSense_IdacCH0.o)
                0x00003e84                CapSense_IdacCH0_SetPolarity
 .text.CapSense_IdacCH0_SetRange
                0x00003ec4       0x40 .\ARM_GCC_493\Debug\light_1506.a(CapSense_IdacCH0.o)
                0x00003ec4                CapSense_IdacCH0_SetRange
 .text.CapSense_IdacCH0_SetValue
                0x00003f04       0x20 .\ARM_GCC_493\Debug\light_1506.a(CapSense_IdacCH0.o)
                0x00003f04                CapSense_IdacCH0_SetValue
 .text.CapSense_IdacCH0_DacTrim
                0x00003f24       0x54 .\ARM_GCC_493\Debug\light_1506.a(CapSense_IdacCH0.o)
                0x00003f24                CapSense_IdacCH0_DacTrim
 .text.CapSense_AMuxCH0_Init
                0x00003f78        0xc .\ARM_GCC_493\Debug\light_1506.a(CapSense_AMuxCH0.o)
                0x00003f78                CapSense_AMuxCH0_Init
 .text.CapSense_AMuxCH0_DisconnectAll
                0x00003f84       0x28 .\ARM_GCC_493\Debug\light_1506.a(CapSense_AMuxCH0.o)
                0x00003f84                CapSense_AMuxCH0_DisconnectAll
 .text.CapSense_IntClock_Start
                0x00003fac       0x34 .\ARM_GCC_493\Debug\light_1506.a(CapSense_IntClock.o)
                0x00003fac                CapSense_IntClock_Start
 .text.USBUART_1_Dp_ClearInterrupt
                0x00003fe0       0x20 .\ARM_GCC_493\Debug\light_1506.a(USBUART_1_Dp.o)
                0x00003fe0                USBUART_1_Dp_ClearInterrupt
 .text          0x00004000       0x58 .\ARM_GCC_493\Debug\light_1506.a(CyBootAsmGnu.o)
                0x00004000                CyDelayCycles
                0x0000403e                CyEnterCriticalSection
                0x00004046                CyExitCriticalSection
 .text.CyHalt   0x00004058       0x18 .\ARM_GCC_493\Debug\light_1506.a(CyLib.o)
                0x00004058                CyHalt
 .text.CyDelay  0x00004070       0x44 .\ARM_GCC_493\Debug\light_1506.a(CyLib.o)
                0x00004070                CyDelay
 .text.CyDelayUs
                0x000040b4       0x24 .\ARM_GCC_493\Debug\light_1506.a(CyLib.o)
                0x000040b4                CyDelayUs
 .text.CyIntSetVector
                0x000040d8       0x50 .\ARM_GCC_493\Debug\light_1506.a(CyLib.o)
                0x000040d8                CyIntSetVector
 .text.CyIntSetPriority
                0x00004128       0x44 .\ARM_GCC_493\Debug\light_1506.a(CyLib.o)
                0x00004128                CyIntSetPriority
 .text.CyGetUniqueId
                0x0000416c       0xc4 .\ARM_GCC_493\Debug\light_1506.a(CyLib.o)
                0x0000416c                CyGetUniqueId
 .text.USBUART_1_DispatchClassRqst
                0x00004230       0x88 .\ARM_GCC_493\Debug\light_1506.a(USBUART_1_cls.o)
                0x00004230                USBUART_1_DispatchClassRqst
 .text          0x000042b8      0x21c c:/program files (x86)/cypress/psoc creator/3.3/psoc creator/import/gnu/arm/4.9.3/bin/../lib/gcc/arm-none-eabi/4.9.3/armv7-m\libgcc.a(_arm_addsubsf3.o)
                0x000042b8                __aeabi_frsub
                0x000042c0                __subsf3
                0x000042c0                __aeabi_fsub
                0x000042c4                __aeabi_fadd
                0x000042c4                __addsf3
                0x00004424                __aeabi_ui2f
                0x00004424                __floatunsisf
                0x0000442c                __aeabi_i2f
                0x0000442c                __floatsisf
                0x00004448                __aeabi_ul2f
                0x00004448                __floatundisf
                0x00004458                __aeabi_l2f
                0x00004458                __floatdisf
 .text          0x000044d4      0x2a0 c:/program files (x86)/cypress/psoc creator/3.3/psoc creator/import/gnu/arm/4.9.3/bin/../lib/gcc/arm-none-eabi/4.9.3/armv7-m\libgcc.a(_arm_muldivsf3.o)
                0x000044d4                __mulsf3
                0x000044d4                __aeabi_fmul
                0x0000463c                __aeabi_fdiv
                0x0000463c                __divsf3
 .text          0x00004774       0x40 c:/program files (x86)/cypress/psoc creator/3.3/psoc creator/import/gnu/arm/4.9.3/bin/../lib/gcc/arm-none-eabi/4.9.3/armv7-m\libgcc.a(_arm_fixunssfsi.o)
                0x00004774                __fixunssfsi
                0x00004774                __aeabi_f2uiz
 .text.__libc_init_array
                0x000047b4       0x4c c:/program files (x86)/cypress/psoc creator/3.3/psoc creator/import/gnu/arm/4.9.3/bin/../lib/gcc/arm-none-eabi/4.9.3/../../../../arm-none-eabi/lib/armv7-m\libg_nano.a(lib_a-init.o)
                0x000047b4                __libc_init_array
 .text.memcpy   0x00004800       0x16 c:/program files (x86)/cypress/psoc creator/3.3/psoc creator/import/gnu/arm/4.9.3/bin/../lib/gcc/arm-none-eabi/4.9.3/../../../../arm-none-eabi/lib/armv7-m\libg_nano.a(lib_a-memcpy.o)
                0x00004800                memcpy
 .text.memset   0x00004816       0x10 c:/program files (x86)/cypress/psoc creator/3.3/psoc creator/import/gnu/arm/4.9.3/bin/../lib/gcc/arm-none-eabi/4.9.3/../../../../arm-none-eabi/lib/armv7-m\libg_nano.a(lib_a-memset.o)
                0x00004816                memset
 *(.plt)
 *(.gnu.warning)
 *(.glue_7t)
 .glue_7t       0x00000000        0x0 linker stubs
 *(.glue_7)
 .glue_7        0x00000000        0x0 linker stubs
 *(.vfp11_veneer)
 .vfp11_veneer  0x00000000        0x0 linker stubs
 *(.bootloader)
 *(.ARM.extab* .gnu.linkonce.armextab.*)
 *(.gcc_except_table)

.v4_bx          0x00004828        0x0
 .v4_bx         0x00000000        0x0 linker stubs

.iplt           0x00004828        0x0
 .iplt          0x00000000        0x0 c:/program files (x86)/cypress/psoc creator/3.3/psoc creator/import/gnu/arm/4.9.3/bin/../lib/gcc/arm-none-eabi/4.9.3/armv7-m/crtbegin.o

.eh_frame_hdr
 *(.eh_frame_hdr)

.eh_frame       0x00004828        0x4
 *(.eh_frame)
 .eh_frame      0x00004828        0x0 c:/program files (x86)/cypress/psoc creator/3.3/psoc creator/import/gnu/arm/4.9.3/bin/../lib/gcc/arm-none-eabi/4.9.3/armv7-m/crtbegin.o
 .eh_frame      0x00004828        0x0 c:/program files (x86)/cypress/psoc creator/3.3/psoc creator/import/gnu/arm/4.9.3/bin/../lib/gcc/arm-none-eabi/4.9.3/../../../../arm-none-eabi/lib/armv7-m\libg_nano.a(lib_a-strcmp.o)
                                 0x28 (size before relaxing)
 .eh_frame      0x00004828        0x4 c:/program files (x86)/cypress/psoc creator/3.3/psoc creator/import/gnu/arm/4.9.3/bin/../lib/gcc/arm-none-eabi/4.9.3/armv7-m/crtend.o
                0x0000482c                PROVIDE (__exidx_start, .)

.ARM.exidx
 *(.ARM.exidx* .gnu.linkonce.armexidx.*)
                0x0000482c                __exidx_end = .

.rodata         0x0000482c      0x884
 *(.rodata .rodata.* .gnu.linkonce.r.*)
 .rodata        0x0000482c       0x64 .\ARM_GCC_493\Debug\main.o
 .rodata        0x00004890      0x5a0 .\ARM_GCC_493\Debug\light_1506.a(cyfitter_cfg.o)
                0x00004890                CapSense_AMuxCH0__addrTable
                0x000048b8                CapSense_AMuxCH0__maskTable
 .rodata        0x00004e30       0x54 .\ARM_GCC_493\Debug\light_1506.a(CapSense.o)
                0x00004e30                CapSense_pcTable
                0x00004e4c                CapSense_portTable
                0x00004e54                CapSense_maskTable
                0x00004e5c                CapSense_csTable
                0x00004e7c                CapSense_widgetNumber
 .rodata        0x00004e84        0xc .\ARM_GCC_493\Debug\light_1506.a(CapSense_CSHL.o)
                0x00004e84                CapSense_rawDataIndex
                0x00004e88                CapSense_numberOfSensors
                0x00004e8c                CapSense_centroidMult
 .rodata        0x00004e90       0x14 .\ARM_GCC_493\Debug\light_1506.a(USBUART_1_std.o)
 .rodata        0x00004ea4      0x1d4 .\ARM_GCC_493\Debug\light_1506.a(USBUART_1_descr.o)
                0x00004ea4                USBUART_1_DEVICE0_DESCR
                0x00004eb8                USBUART_1_DEVICE0_CONFIGURATION0_DESCR
                0x00004efc                USBUART_1_STRING_DESCRIPTORS
                0x00004f9c                USBUART_1_SN_STRING_DESCRIPTOR
                0x00004fa0                USBUART_1_HIDREPORT_DESCRIPTOR1
                0x00004fd8                USBUART_1_DEVICE0_CONFIGURATION0_EP_SETTINGS_TABLE
                0x00004ff0                USBUART_1_DEVICE0_CONFIGURATION0_INTERFACE_CLASS
                0x00004ff4                USBUART_1_DEVICE0_CONFIGURATION0_TABLE
                0x0000501c                USBUART_1_DEVICE0_TABLE
                0x00005034                USBUART_1_TABLE
                0x0000503c                USBUART_1_MSOS_DESCRIPTOR
                0x00005050                USBUART_1_MSOS_CONFIGURATION_DESCR
                0x00005078                . = ALIGN (0x4)
 *(.init)
 .init          0x00005078        0x4 c:/program files (x86)/cypress/psoc creator/3.3/psoc creator/import/gnu/arm/4.9.3/bin/../lib/gcc/arm-none-eabi/4.9.3/armv7-m/crti.o
                0x00005078                _init
 .init          0x0000507c        0x8 c:/program files (x86)/cypress/psoc creator/3.3/psoc creator/import/gnu/arm/4.9.3/bin/../lib/gcc/arm-none-eabi/4.9.3/armv7-m/crtn.o
                0x00005084                . = ALIGN (0x4)
                0x00005084                __preinit_array_start = .
 *(.preinit_array)
                0x00005084                __preinit_array_end = .
                0x00005084                . = ALIGN (0x4)
                0x00005084                __init_array_start = .
 *(SORT(.init_array.*))
 *(.init_array)
 .init_array    0x00005084        0x4 c:/program files (x86)/cypress/psoc creator/3.3/psoc creator/import/gnu/arm/4.9.3/bin/../lib/gcc/arm-none-eabi/4.9.3/armv7-m/crtbegin.o
 .init_array    0x00005088        0x4 .\ARM_GCC_493\Debug\Cm3Start.o
                0x0000508c                __init_array_end = .
                0x0000508c                . = ALIGN (0x4)
 *(.fini)
 .fini          0x0000508c        0x4 c:/program files (x86)/cypress/psoc creator/3.3/psoc creator/import/gnu/arm/4.9.3/bin/../lib/gcc/arm-none-eabi/4.9.3/armv7-m/crti.o
                0x0000508c                _fini
 .fini          0x00005090        0x8 c:/program files (x86)/cypress/psoc creator/3.3/psoc creator/import/gnu/arm/4.9.3/bin/../lib/gcc/arm-none-eabi/4.9.3/armv7-m/crtn.o
                0x00005098                . = ALIGN (0x4)
                0x00005098                __fini_array_start = .
 *(.fini_array)
 .fini_array    0x00005098        0x4 c:/program files (x86)/cypress/psoc creator/3.3/psoc creator/import/gnu/arm/4.9.3/bin/../lib/gcc/arm-none-eabi/4.9.3/armv7-m/crtbegin.o
 *(SORT(.fini_array.*))
                0x0000509c                __fini_array_end = .
                0x0000509c                . = ALIGN (0x4)
 *crtbegin.o(.ctors)
 *(EXCLUDE_FILE(*crtend.o) .ctors)
 *(SORT(.ctors.*))
 *crtend.o(.ctors)
                0x0000509c                . = ALIGN (0x4)
 *crtbegin.o(.dtors)
 *(EXCLUDE_FILE(*crtend.o) .dtors)
 *(SORT(.dtors.*))
 *crtend.o(.dtors)
                0x0000509c                . = ALIGN (0x4)
                0x0000509c                __cy_regions = .
                0x0000509c        0x4 LONG 0x50b0 __cy_region_init_ram
                0x000050a0        0x4 LONG 0x1fff8108 __cy_region_start_data
                0x000050a4        0x4 LONG 0x50 __cy_region_init_size_ram
                0x000050a8        0x4 LONG 0x158 __cy_region_zero_size_ram
                0x000050ac                __cy_regions_end = .
                0x000050b0                . = ALIGN (0x8)
 *fill*         0x000050ac        0x4 
                0x000050b0                _etext = .

.cy_checksum_exclude
                0x000050b0        0x0
 *(.cy_checksum_exclude)

.ramvectors     0x1fff8000      0x100
                0x1fff8000                __cy_region_start_ram = .
 *(.ramvectors)
 .ramvectors    0x1fff8000      0x100 .\ARM_GCC_493\Debug\Cm3Start.o
                0x1fff8000                CyRamVectors

.noinit         0x1fff8100        0x5
 *(.noinit)
 .noinit        0x1fff8100        0x4 .\ARM_GCC_493\Debug\Cm3Start.o
 .noinit        0x1fff8104        0x1 .\ARM_GCC_493\Debug\light_1506.a(CyLib.o)
                0x1fff8104                CyResetStatus

.data           0x1fff8108       0x50 load address 0x000050b0
                0x1fff8108                __cy_region_start_data = .
 *(.jcr)
 .jcr           0x1fff8108        0x0 c:/program files (x86)/cypress/psoc creator/3.3/psoc creator/import/gnu/arm/4.9.3/bin/../lib/gcc/arm-none-eabi/4.9.3/armv7-m/crtbegin.o
 .jcr           0x1fff8108        0x4 c:/program files (x86)/cypress/psoc creator/3.3/psoc creator/import/gnu/arm/4.9.3/bin/../lib/gcc/arm-none-eabi/4.9.3/armv7-m/crtend.o
 *(.got.plt)
 *(.got)
 *(.shdata)
 *(.data .data.* .gnu.linkonce.d.*)
 .data          0x1fff810c        0xc .\ARM_GCC_493\Debug\light_1506.a(CapSense.o)
                0x1fff810c                CapSense_sensorEnableMask
                0x1fff8110                CapSense_idacSettings
                0x1fff8117                CapSense_analogSwitchDivider
 .data          0x1fff8118       0x10 .\ARM_GCC_493\Debug\light_1506.a(CapSense_CSHL.o)
                0x1fff8118                CapSense_fingerThreshold
                0x1fff811c                CapSense_noiseThreshold
                0x1fff8120                CapSense_hysteresis
                0x1fff8124                CapSense_debounce
 .data          0x1fff8128       0x1c .\ARM_GCC_493\Debug\light_1506.a(USBUART_1_cdc.o)
                0x1fff8128                USBUART_1_linesCoding
 .data          0x1fff8144       0x10 .\ARM_GCC_493\Debug\light_1506.a(CyLib.o)
                0x1fff8144                cydelay_freq_hz
                0x1fff8148                cydelay_freq_khz
                0x1fff814c                cydelay_freq_mhz
                0x1fff8150                cydelay_32k_ms
                0x1fff8158                . = ALIGN (0x8)
 *fill*         0x1fff8154        0x4 
 *(.ram)
                0x1fff8158                _edata = .

.igot.plt       0x1fff8158        0x0 load address 0x00005100
 .igot.plt      0x00000000        0x0 c:/program files (x86)/cypress/psoc creator/3.3/psoc creator/import/gnu/arm/4.9.3/bin/../lib/gcc/arm-none-eabi/4.9.3/armv7-m/crtbegin.o

.bss            0x1fff8158      0x158 load address 0x00005100
                0x1fff8158                PROVIDE (__bss_start__, .)
 *(.shbss)
 *(.bss .bss.* .gnu.linkonce.b.*)
 .bss           0x1fff8158       0x1c c:/program files (x86)/cypress/psoc creator/3.3/psoc creator/import/gnu/arm/4.9.3/bin/../lib/gcc/arm-none-eabi/4.9.3/armv7-m/crtbegin.o
 .bss           0x1fff8174        0x8 .\ARM_GCC_493\Debug\light_1506.a(CapSense.o)
                0x1fff8178                CapSense_widgetResolution
 .bss           0x1fff817c        0x8 .\ARM_GCC_493\Debug\light_1506.a(CapSense_CSHL.o)
                0x1fff817c                CapSense_debounceCounter
 .bss           0x1fff8184        0x2 .\ARM_GCC_493\Debug\light_1506.a(LCD.o)
                0x1fff8184                LCD_enableState
                0x1fff8185                LCD_initVar
 .bss           0x1fff8186        0x1 .\ARM_GCC_493\Debug\light_1506.a(USBUART_1.o)
                0x1fff8186                USBUART_1_initVar
 .bss           0x1fff8187        0x1 .\ARM_GCC_493\Debug\light_1506.a(USBUART_1_cdc.o)
 .bss           0x1fff8188        0x4 .\ARM_GCC_493\Debug\light_1506.a(USBUART_1_std.o)
 .bss           0x1fff818c        0x1 .\ARM_GCC_493\Debug\light_1506.a(PWM.o)
                0x1fff818c                PWM_initVar
 *(COMMON)
 *fill*         0x1fff818d        0x3 
 COMMON         0x1fff8190       0x10 .\ARM_GCC_493\Debug\light_1506.a(CapSense.o)
                0x1fff8190                CapSense_sensorRaw
                0x1fff819e                CapSense_sensorIndex
                0x1fff819f                CapSense_csv
 COMMON         0x1fff81a0       0x29 .\ARM_GCC_493\Debug\light_1506.a(CapSense_CSHL.o)
                0x1fff81a0                CapSense_lowBaselineResetCnt
                0x1fff81a8                CapSense_sensorBaselineLow
                0x1fff81b0                CapSense_sensorSignal
                0x1fff81b8                CapSense_sensorBaseline
                0x1fff81c8                CapSense_sensorOnMask
 *fill*         0x1fff81c9        0x3 
 COMMON         0x1fff81cc       0x18 .\ARM_GCC_493\Debug\light_1506.a(USBUART_1_cdc.o)
                0x1fff81cc                USBUART_1_cdcDataInEp
                0x1fff81d0                USBUART_1_cdcDataOutEp
                0x1fff81d4                USBUART_1_cdcCommInInterruptEp
                0x1fff81d8                USBUART_1_serialStateBitmap
                0x1fff81dc                USBUART_1_linesChanged
                0x1fff81e0                USBUART_1_linesControlBitmap
 COMMON         0x1fff81e4       0x97 .\ARM_GCC_493\Debug\light_1506.a(USBUART_1_drv.o)
                0x1fff81e4                USBUART_1_interfaceSettingLast
                0x1fff81e6                USBUART_1_ep0Mode
                0x1fff81e7                USBUART_1_lastPacketSize
                0x1fff81e8                USBUART_1_configurationChanged
                0x1fff81e9                USBUART_1_configuration
                0x1fff81ea                USBUART_1_interfaceNumber
                0x1fff81eb                USBUART_1_deviceStatus
                0x1fff81ec                USBUART_1_ep0Toggle
                0x1fff81f0                USBUART_1_interfaceClass
                0x1fff81f4                USBUART_1_interfaceSetting
                0x1fff81f8                USBUART_1_currentTD
                0x1fff8204                USBUART_1_ep0Count
                0x1fff8208                USBUART_1_EP
                0x1fff8274                USBUART_1_transferByteCount
                0x1fff8276                USBUART_1_transferState
                0x1fff8277                USBUART_1_device
                0x1fff8278                USBUART_1_interfaceStatus
                0x1fff827a                USBUART_1_deviceAddress
 *fill*         0x1fff827b        0x1 
 COMMON         0x1fff827c        0xa .\ARM_GCC_493\Debug\light_1506.a(USBUART_1_hid.o)
                0x1fff827c                USBUART_1_hidProtocol
                0x1fff8280                USBUART_1_hidIdleTimer
                0x1fff8284                USBUART_1_hidIdleRate
 *fill*         0x1fff8286        0x2 
 COMMON         0x1fff8288       0x22 .\ARM_GCC_493\Debug\light_1506.a(USBUART_1_descr.o)
                0x1fff8288                USBUART_1_idSerialNumberStringDescriptor
                0x1fff82b0                . = ALIGN (0x8)
 *fill*         0x1fff82aa        0x6 
 *(.ram.b)
                0x1fff82b0                _end = .
                0x1fff82b0                __end = .
                0x1fff82b0                PROVIDE (end, .)
                0x1fff82b0                PROVIDE (__bss_end__, .)
                0x000050b0                __cy_region_init_ram = LOADADDR (.data)
                0x00000050                __cy_region_init_size_ram = (_edata - ADDR (.data))
                0x00000158                __cy_region_zero_size_ram = (_end - _edata)

.heap           0x1fff82b0       0x80 load address 0x00005100
                0x1fff82b0                . = _end
                0x1fff8330                . = (. + 0x80)
 *fill*         0x1fff82b0       0x80 
                0x1fff8330                __cy_heap_limit = .

.stack          0x20007800      0x800
                0x20007800                __cy_stack_limit = .
                0x20008000                . = (. + 0x800)
 *fill*         0x20007800      0x800 
                0x00000001                ASSERT ((__cy_stack_limit >= __cy_heap_limit), region RAM overflowed with stack)
                0x00000000                cy_checksum_exclude_size = (CY_APPL_LOADABLE == 0x1)?SIZEOF (.cy_checksum_exclude):0x0
                0x00000001                ASSERT ((cy_checksum_exclude_size <= CY_CHECKSUM_EXCLUDE_SIZE), CY_BOOT: Section .cy_checksum_exclude size exceedes specified limit.)

.cyloadermeta
 *(.cyloadermeta)

.cyloadablemeta
 *(.cyloadablemeta)

.cyconfigecc    0x80000000        0x4
 *(.cyconfigecc)
 .cyconfigecc   0x80000000        0x4 .\ARM_GCC_493\Debug\cymetadata.o
                0x80000000                cy_meta_configecc

.cycustnvl      0x90000000        0x4
 *(.cycustnvl)
 .cycustnvl     0x90000000        0x4 .\ARM_GCC_493\Debug\cymetadata.o
                0x90000000                cy_meta_custnvl

.cywolatch      0x90100000        0x4
 *(.cywolatch)
 .cywolatch     0x90100000        0x4 .\ARM_GCC_493\Debug\cymetadata.o
                0x90100000                cy_meta_wonvl

.cyeeprom       0x90200000        0x0
 *(.cyeeprom)
                0x00000001                ASSERT ((. <= ((0x90200000 + ee_offset) + ee_size)), .cyeeprom data will not fit in EEPROM)

.cyflashprotect
                0x90400000      0x100
 *(.cyflashprotect)
 .cyflashprotect
                0x90400000      0x100 .\ARM_GCC_493\Debug\cymetadata.o
                0x90400000                cy_meta_flashprotect

.cymeta         0x90500000        0xc
 *(.cymeta)
 .cymeta        0x90500000        0xc .\ARM_GCC_493\Debug\cymetadata.o
                0x90500000                cy_metadata

.rel.dyn        0x00005100        0x0 load address 0x9050000c
 .rel.iplt      0x00000000        0x0 c:/program files (x86)/cypress/psoc creator/3.3/psoc creator/import/gnu/arm/4.9.3/bin/../lib/gcc/arm-none-eabi/4.9.3/armv7-m/crtbegin.o

.stab
 *(.stab)

.stabstr
 *(.stabstr)

.debug
 *(.debug)

.line
 *(.line)

.debug_srcinfo
 *(.debug_srcinfo)

.debug_sfnames
 *(.debug_sfnames)

.debug_aranges  0x00000000      0xd60
 *(.debug_aranges)
 .debug_aranges
                0x00000000       0x20 .\ARM_GCC_493\Debug\main.o
 .debug_aranges
                0x00000020       0x18 .\ARM_GCC_493\Debug\cymetadata.o
 .debug_aranges
                0x00000038       0x48 .\ARM_GCC_493\Debug\Cm3Start.o
 .debug_aranges
                0x00000080       0x70 .\ARM_GCC_493\Debug\light_1506.a(cyfitter_cfg.o)
 .debug_aranges
                0x000000f0       0xb0 .\ARM_GCC_493\Debug\light_1506.a(CapSense.o)
 .debug_aranges
                0x000001a0       0x88 .\ARM_GCC_493\Debug\light_1506.a(CapSense_CSHL.o)
 .debug_aranges
                0x00000228       0x20 .\ARM_GCC_493\Debug\light_1506.a(CapSense_INT.o)
 .debug_aranges
                0x00000248       0x90 .\ARM_GCC_493\Debug\light_1506.a(LCD.o)
 .debug_aranges
                0x000002d8       0xc8 .\ARM_GCC_493\Debug\light_1506.a(USBUART_1.o)
 .debug_aranges
                0x000003a0       0xe8 .\ARM_GCC_493\Debug\light_1506.a(USBUART_1_cdc.o)
 .debug_aranges
                0x00000488       0x98 .\ARM_GCC_493\Debug\light_1506.a(USBUART_1_drv.o)
 .debug_aranges
                0x00000520       0x40 .\ARM_GCC_493\Debug\light_1506.a(USBUART_1_episr.o)
 .debug_aranges
                0x00000560       0x48 .\ARM_GCC_493\Debug\light_1506.a(USBUART_1_hid.o)
 .debug_aranges
                0x000005a8       0x40 .\ARM_GCC_493\Debug\light_1506.a(USBUART_1_pm.o)
 .debug_aranges
                0x000005e8       0x80 .\ARM_GCC_493\Debug\light_1506.a(USBUART_1_std.o)
 .debug_aranges
                0x00000668       0x20 .\ARM_GCC_493\Debug\light_1506.a(USBUART_1_vnd.o)
 .debug_aranges
                0x00000688       0x80 .\ARM_GCC_493\Debug\light_1506.a(PWM.o)
 .debug_aranges
                0x00000708       0x70 .\ARM_GCC_493\Debug\light_1506.a(CapSense_CompCH0.o)
 .debug_aranges
                0x00000778       0x60 .\ARM_GCC_493\Debug\light_1506.a(CapSense_IdacCH0.o)
 .debug_aranges
                0x000007d8       0x48 .\ARM_GCC_493\Debug\light_1506.a(CapSense_AMuxCH0.o)
 .debug_aranges
                0x00000820       0x70 .\ARM_GCC_493\Debug\light_1506.a(CapSense_IntClock.o)
 .debug_aranges
                0x00000890       0x48 .\ARM_GCC_493\Debug\light_1506.a(USBUART_1_Dp.o)
 .debug_aranges
                0x000008d8       0x20 .\ARM_GCC_493\Debug\light_1506.a(CyBootAsmGnu.o)
 .debug_aranges
                0x000008f8      0x298 .\ARM_GCC_493\Debug\light_1506.a(CyLib.o)
 .debug_aranges
                0x00000b90       0x98 .\ARM_GCC_493\Debug\light_1506.a(cyPm.o)
 .debug_aranges
                0x00000c28       0x20 .\ARM_GCC_493\Debug\light_1506.a(USBUART_1_cls.o)
 .debug_aranges
                0x00000c48       0x18 .\ARM_GCC_493\Debug\light_1506.a(USBUART_1_descr.o)
 .debug_aranges
                0x00000c60       0x88 .\ARM_GCC_493\Debug\light_1506.a(CyFlash.o)
 .debug_aranges
                0x00000ce8       0x78 .\ARM_GCC_493\Debug\light_1506.a(CySpc.o)

.debug_pubnames
 *(.debug_pubnames)

.debug_info     0x00000000     0x6ede
 *(.debug_info .gnu.linkonce.wi.*)
 .debug_info    0x00000000      0x153 .\ARM_GCC_493\Debug\main.o
 .debug_info    0x00000153      0x13a .\ARM_GCC_493\Debug\cymetadata.o
 .debug_info    0x0000028d      0x319 .\ARM_GCC_493\Debug\Cm3Start.o
 .debug_info    0x000005a6      0x508 .\ARM_GCC_493\Debug\light_1506.a(cyfitter_cfg.o)
 .debug_info    0x00000aae      0x521 .\ARM_GCC_493\Debug\light_1506.a(CapSense.o)
 .debug_info    0x00000fcf      0x73d .\ARM_GCC_493\Debug\light_1506.a(CapSense_CSHL.o)
 .debug_info    0x0000170c       0xc2 .\ARM_GCC_493\Debug\light_1506.a(CapSense_INT.o)
 .debug_info    0x000017ce      0x387 .\ARM_GCC_493\Debug\light_1506.a(LCD.o)
 .debug_info    0x00001b55      0x73b .\ARM_GCC_493\Debug\light_1506.a(USBUART_1.o)
 .debug_info    0x00002290      0x903 .\ARM_GCC_493\Debug\light_1506.a(USBUART_1_cdc.o)
 .debug_info    0x00002b93      0x521 .\ARM_GCC_493\Debug\light_1506.a(USBUART_1_drv.o)
 .debug_info    0x000030b4      0x22f .\ARM_GCC_493\Debug\light_1506.a(USBUART_1_episr.o)
 .debug_info    0x000032e3      0x374 .\ARM_GCC_493\Debug\light_1506.a(USBUART_1_hid.o)
 .debug_info    0x00003657      0x186 .\ARM_GCC_493\Debug\light_1506.a(USBUART_1_pm.o)
 .debug_info    0x000037dd      0x950 .\ARM_GCC_493\Debug\light_1506.a(USBUART_1_std.o)
 .debug_info    0x0000412d      0x19d .\ARM_GCC_493\Debug\light_1506.a(USBUART_1_vnd.o)
 .debug_info    0x000042ca      0x227 .\ARM_GCC_493\Debug\light_1506.a(PWM.o)
 .debug_info    0x000044f1      0x23f .\ARM_GCC_493\Debug\light_1506.a(CapSense_CompCH0.o)
 .debug_info    0x00004730      0x1ad .\ARM_GCC_493\Debug\light_1506.a(CapSense_IdacCH0.o)
 .debug_info    0x000048dd      0x14e .\ARM_GCC_493\Debug\light_1506.a(CapSense_AMuxCH0.o)
 .debug_info    0x00004a2b      0x25d .\ARM_GCC_493\Debug\light_1506.a(CapSense_IntClock.o)
 .debug_info    0x00004c88      0x171 .\ARM_GCC_493\Debug\light_1506.a(USBUART_1_Dp.o)
 .debug_info    0x00004df9       0x80 .\ARM_GCC_493\Debug\light_1506.a(CyBootAsmGnu.o)
 .debug_info    0x00004e79      0xe36 .\ARM_GCC_493\Debug\light_1506.a(CyLib.o)
 .debug_info    0x00005caf      0x562 .\ARM_GCC_493\Debug\light_1506.a(cyPm.o)
 .debug_info    0x00006211      0x1bc .\ARM_GCC_493\Debug\light_1506.a(USBUART_1_cls.o)
 .debug_info    0x000063cd      0x2f5 .\ARM_GCC_493\Debug\light_1506.a(USBUART_1_descr.o)
 .debug_info    0x000066c2      0x3c3 .\ARM_GCC_493\Debug\light_1506.a(CyFlash.o)
 .debug_info    0x00006a85      0x459 .\ARM_GCC_493\Debug\light_1506.a(CySpc.o)

.debug_abbrev   0x00000000     0x2110
 *(.debug_abbrev)
 .debug_abbrev  0x00000000       0x97 .\ARM_GCC_493\Debug\main.o
 .debug_abbrev  0x00000097       0x5d .\ARM_GCC_493\Debug\cymetadata.o
 .debug_abbrev  0x000000f4      0x1b6 .\ARM_GCC_493\Debug\Cm3Start.o
 .debug_abbrev  0x000002aa      0x1a1 .\ARM_GCC_493\Debug\light_1506.a(cyfitter_cfg.o)
 .debug_abbrev  0x0000044b      0x158 .\ARM_GCC_493\Debug\light_1506.a(CapSense.o)
 .debug_abbrev  0x000005a3      0x166 .\ARM_GCC_493\Debug\light_1506.a(CapSense_CSHL.o)
 .debug_abbrev  0x00000709       0x67 .\ARM_GCC_493\Debug\light_1506.a(CapSense_INT.o)
 .debug_abbrev  0x00000770      0x120 .\ARM_GCC_493\Debug\light_1506.a(LCD.o)
 .debug_abbrev  0x00000890      0x1f3 .\ARM_GCC_493\Debug\light_1506.a(USBUART_1.o)
 .debug_abbrev  0x00000a83      0x233 .\ARM_GCC_493\Debug\light_1506.a(USBUART_1_cdc.o)
 .debug_abbrev  0x00000cb6      0x161 .\ARM_GCC_493\Debug\light_1506.a(USBUART_1_drv.o)
 .debug_abbrev  0x00000e17       0xfd .\ARM_GCC_493\Debug\light_1506.a(USBUART_1_episr.o)
 .debug_abbrev  0x00000f14      0x15e .\ARM_GCC_493\Debug\light_1506.a(USBUART_1_hid.o)
 .debug_abbrev  0x00001072       0xd1 .\ARM_GCC_493\Debug\light_1506.a(USBUART_1_pm.o)
 .debug_abbrev  0x00001143      0x1c2 .\ARM_GCC_493\Debug\light_1506.a(USBUART_1_std.o)
 .debug_abbrev  0x00001305       0xc5 .\ARM_GCC_493\Debug\light_1506.a(USBUART_1_vnd.o)
 .debug_abbrev  0x000013ca      0x116 .\ARM_GCC_493\Debug\light_1506.a(PWM.o)
 .debug_abbrev  0x000014e0      0x146 .\ARM_GCC_493\Debug\light_1506.a(CapSense_CompCH0.o)
 .debug_abbrev  0x00001626      0x114 .\ARM_GCC_493\Debug\light_1506.a(CapSense_IdacCH0.o)
 .debug_abbrev  0x0000173a       0x98 .\ARM_GCC_493\Debug\light_1506.a(CapSense_AMuxCH0.o)
 .debug_abbrev  0x000017d2      0x11d .\ARM_GCC_493\Debug\light_1506.a(CapSense_IntClock.o)
 .debug_abbrev  0x000018ef       0x90 .\ARM_GCC_493\Debug\light_1506.a(USBUART_1_Dp.o)
 .debug_abbrev  0x0000197f       0x14 .\ARM_GCC_493\Debug\light_1506.a(CyBootAsmGnu.o)
 .debug_abbrev  0x00001993      0x217 .\ARM_GCC_493\Debug\light_1506.a(CyLib.o)
 .debug_abbrev  0x00001baa      0x161 .\ARM_GCC_493\Debug\light_1506.a(cyPm.o)
 .debug_abbrev  0x00001d0b       0xc5 .\ARM_GCC_493\Debug\light_1506.a(USBUART_1_cls.o)
 .debug_abbrev  0x00001dd0       0xb4 .\ARM_GCC_493\Debug\light_1506.a(USBUART_1_descr.o)
 .debug_abbrev  0x00001e84      0x120 .\ARM_GCC_493\Debug\light_1506.a(CyFlash.o)
 .debug_abbrev  0x00001fa4      0x16c .\ARM_GCC_493\Debug\light_1506.a(CySpc.o)

.debug_line     0x00000000     0x373d
 *(.debug_line)
 .debug_line    0x00000000      0x1af .\ARM_GCC_493\Debug\main.o
 .debug_line    0x000001af       0x53 .\ARM_GCC_493\Debug\cymetadata.o
 .debug_line    0x00000202      0x1d6 .\ARM_GCC_493\Debug\Cm3Start.o
 .debug_line    0x000003d8      0x224 .\ARM_GCC_493\Debug\light_1506.a(cyfitter_cfg.o)
 .debug_line    0x000005fc      0x250 .\ARM_GCC_493\Debug\light_1506.a(CapSense.o)
 .debug_line    0x0000084c      0x2d0 .\ARM_GCC_493\Debug\light_1506.a(CapSense_CSHL.o)
 .debug_line    0x00000b1c       0x7a .\ARM_GCC_493\Debug\light_1506.a(CapSense_INT.o)
 .debug_line    0x00000b96      0x1eb .\ARM_GCC_493\Debug\light_1506.a(LCD.o)
 .debug_line    0x00000d81      0x32a .\ARM_GCC_493\Debug\light_1506.a(USBUART_1.o)
 .debug_line    0x000010ab      0x314 .\ARM_GCC_493\Debug\light_1506.a(USBUART_1_cdc.o)
 .debug_line    0x000013bf      0x220 .\ARM_GCC_493\Debug\light_1506.a(USBUART_1_drv.o)
 .debug_line    0x000015df       0xfa .\ARM_GCC_493\Debug\light_1506.a(USBUART_1_episr.o)
 .debug_line    0x000016d9      0x186 .\ARM_GCC_493\Debug\light_1506.a(USBUART_1_hid.o)
 .debug_line    0x0000185f       0xec .\ARM_GCC_493\Debug\light_1506.a(USBUART_1_pm.o)
 .debug_line    0x0000194b      0x45e .\ARM_GCC_493\Debug\light_1506.a(USBUART_1_std.o)
 .debug_line    0x00001da9       0x97 .\ARM_GCC_493\Debug\light_1506.a(USBUART_1_vnd.o)
 .debug_line    0x00001e40      0x147 .\ARM_GCC_493\Debug\light_1506.a(PWM.o)
 .debug_line    0x00001f87      0x177 .\ARM_GCC_493\Debug\light_1506.a(CapSense_CompCH0.o)
 .debug_line    0x000020fe      0x113 .\ARM_GCC_493\Debug\light_1506.a(CapSense_IdacCH0.o)
 .debug_line    0x00002211       0xdc .\ARM_GCC_493\Debug\light_1506.a(CapSense_AMuxCH0.o)
 .debug_line    0x000022ed      0x1c5 .\ARM_GCC_493\Debug\light_1506.a(CapSense_IntClock.o)
 .debug_line    0x000024b2       0xc2 .\ARM_GCC_493\Debug\light_1506.a(USBUART_1_Dp.o)
 .debug_line    0x00002574       0x7f .\ARM_GCC_493\Debug\light_1506.a(CyBootAsmGnu.o)
 .debug_line    0x000025f3      0x872 .\ARM_GCC_493\Debug\light_1506.a(CyLib.o)
 .debug_line    0x00002e65      0x381 .\ARM_GCC_493\Debug\light_1506.a(cyPm.o)
 .debug_line    0x000031e6       0x9f .\ARM_GCC_493\Debug\light_1506.a(USBUART_1_cls.o)
 .debug_line    0x00003285       0x67 .\ARM_GCC_493\Debug\light_1506.a(USBUART_1_descr.o)
 .debug_line    0x000032ec      0x21a .\ARM_GCC_493\Debug\light_1506.a(CyFlash.o)
 .debug_line    0x00003506      0x237 .\ARM_GCC_493\Debug\light_1506.a(CySpc.o)

.debug_frame    0x00000000     0x3a40
 *(.debug_frame)
 .debug_frame   0x00000000       0x30 .\ARM_GCC_493\Debug\main.o
 .debug_frame   0x00000030       0xd8 .\ARM_GCC_493\Debug\Cm3Start.o
 .debug_frame   0x00000108      0x1bc .\ARM_GCC_493\Debug\light_1506.a(cyfitter_cfg.o)
 .debug_frame   0x000002c4      0x2e0 .\ARM_GCC_493\Debug\light_1506.a(CapSense.o)
 .debug_frame   0x000005a4      0x24c .\ARM_GCC_493\Debug\light_1506.a(CapSense_CSHL.o)
 .debug_frame   0x000007f0       0x2c .\ARM_GCC_493\Debug\light_1506.a(CapSense_INT.o)
 .debug_frame   0x0000081c      0x238 .\ARM_GCC_493\Debug\light_1506.a(LCD.o)
 .debug_frame   0x00000a54      0x380 .\ARM_GCC_493\Debug\light_1506.a(USBUART_1.o)
 .debug_frame   0x00000dd4      0x3ec .\ARM_GCC_493\Debug\light_1506.a(USBUART_1_cdc.o)
 .debug_frame   0x000011c0      0x23c .\ARM_GCC_493\Debug\light_1506.a(USBUART_1_drv.o)
 .debug_frame   0x000013fc       0xbc .\ARM_GCC_493\Debug\light_1506.a(USBUART_1_episr.o)
 .debug_frame   0x000014b8      0x100 .\ARM_GCC_493\Debug\light_1506.a(USBUART_1_hid.o)
 .debug_frame   0x000015b8       0xbc .\ARM_GCC_493\Debug\light_1506.a(USBUART_1_pm.o)
 .debug_frame   0x00001674      0x224 .\ARM_GCC_493\Debug\light_1506.a(USBUART_1_std.o)
 .debug_frame   0x00001898       0x38 .\ARM_GCC_493\Debug\light_1506.a(USBUART_1_vnd.o)
 .debug_frame   0x000018d0      0x1f4 .\ARM_GCC_493\Debug\light_1506.a(PWM.o)
 .debug_frame   0x00001ac4      0x19c .\ARM_GCC_493\Debug\light_1506.a(CapSense_CompCH0.o)
 .debug_frame   0x00001c60      0x158 .\ARM_GCC_493\Debug\light_1506.a(CapSense_IdacCH0.o)
 .debug_frame   0x00001db8       0xdc .\ARM_GCC_493\Debug\light_1506.a(CapSense_AMuxCH0.o)
 .debug_frame   0x00001e94      0x1b4 .\ARM_GCC_493\Debug\light_1506.a(CapSense_IntClock.o)
 .debug_frame   0x00002048       0xf4 .\ARM_GCC_493\Debug\light_1506.a(USBUART_1_Dp.o)
 .debug_frame   0x0000213c      0xbe8 .\ARM_GCC_493\Debug\light_1506.a(CyLib.o)
 .debug_frame   0x00002d24      0x234 .\ARM_GCC_493\Debug\light_1506.a(cyPm.o)
 .debug_frame   0x00002f58       0x38 .\ARM_GCC_493\Debug\light_1506.a(USBUART_1_cls.o)
 .debug_frame   0x00002f90      0x238 .\ARM_GCC_493\Debug\light_1506.a(CyFlash.o)
 .debug_frame   0x000031c8      0x1f8 .\ARM_GCC_493\Debug\light_1506.a(CySpc.o)
 .debug_frame   0x000033c0       0x20 c:/program files (x86)/cypress/psoc creator/3.3/psoc creator/import/gnu/arm/4.9.3/bin/../lib/gcc/arm-none-eabi/4.9.3/../../../../arm-none-eabi/lib/armv7-m\libg_nano.a(lib_a-errno.o)
 .debug_frame   0x000033e0       0x28 c:/program files (x86)/cypress/psoc creator/3.3/psoc creator/import/gnu/arm/4.9.3/bin/../lib/gcc/arm-none-eabi/4.9.3/../../../../arm-none-eabi/lib/armv7-m\libg_nano.a(lib_a-exit.o)
 .debug_frame   0x00003408       0x2c c:/program files (x86)/cypress/psoc creator/3.3/psoc creator/import/gnu/arm/4.9.3/bin/../lib/gcc/arm-none-eabi/4.9.3/../../../../arm-none-eabi/lib/armv7-m\libg_nano.a(lib_a-init.o)
 .debug_frame   0x00003434       0x28 c:/program files (x86)/cypress/psoc creator/3.3/psoc creator/import/gnu/arm/4.9.3/bin/../lib/gcc/arm-none-eabi/4.9.3/../../../../arm-none-eabi/lib/armv7-m\libg_nano.a(lib_a-memcpy.o)
 .debug_frame   0x0000345c       0x20 c:/program files (x86)/cypress/psoc creator/3.3/psoc creator/import/gnu/arm/4.9.3/bin/../lib/gcc/arm-none-eabi/4.9.3/../../../../arm-none-eabi/lib/armv7-m\libg_nano.a(lib_a-memset.o)
 .debug_frame   0x0000347c       0x8c c:/program files (x86)/cypress/psoc creator/3.3/psoc creator/import/gnu/arm/4.9.3/bin/../lib/gcc/arm-none-eabi/4.9.3/../../../../arm-none-eabi/lib/armv7-m\libg_nano.a(lib_a-nano-vfprintf_float.o)
 .debug_frame   0x00003508       0x58 c:/program files (x86)/cypress/psoc creator/3.3/psoc creator/import/gnu/arm/4.9.3/bin/../lib/gcc/arm-none-eabi/4.9.3/../../../../arm-none-eabi/lib/armv7-m\libg_nano.a(lib_a-nano-vfprintf_i.o)
 .debug_frame   0x00003560       0x28 c:/program files (x86)/cypress/psoc creator/3.3/psoc creator/import/gnu/arm/4.9.3/bin/../lib/gcc/arm-none-eabi/4.9.3/../../../../arm-none-eabi/lib/armv7-m\libg_nano.a(lib_a-s_fpclassify.o)
 .debug_frame   0x00003588       0x20 c:/program files (x86)/cypress/psoc creator/3.3/psoc creator/import/gnu/arm/4.9.3/bin/../lib/gcc/arm-none-eabi/4.9.3/../../../../arm-none-eabi/lib/armv7-m\libg_nano.a(lib_a-strlen.o)
 .debug_frame   0x000035a8       0x6c c:/program files (x86)/cypress/psoc creator/3.3/psoc creator/import/gnu/arm/4.9.3/bin/../lib/gcc/arm-none-eabi/4.9.3/../../../../arm-none-eabi/lib/armv7-m\libg_nano.a(lib_a-dtoa.o)
 .debug_frame   0x00003614       0x98 c:/program files (x86)/cypress/psoc creator/3.3/psoc creator/import/gnu/arm/4.9.3/bin/../lib/gcc/arm-none-eabi/4.9.3/../../../../arm-none-eabi/lib/armv7-m\libg_nano.a(lib_a-locale.o)
 .debug_frame   0x000036ac       0x30 c:/program files (x86)/cypress/psoc creator/3.3/psoc creator/import/gnu/arm/4.9.3/bin/../lib/gcc/arm-none-eabi/4.9.3/../../../../arm-none-eabi/lib/armv7-m\libg_nano.a(lib_a-malloc.o)
 .debug_frame   0x000036dc       0x28 c:/program files (x86)/cypress/psoc creator/3.3/psoc creator/import/gnu/arm/4.9.3/bin/../lib/gcc/arm-none-eabi/4.9.3/../../../../arm-none-eabi/lib/armv7-m\libg_nano.a(lib_a-memchr.o)
 .debug_frame   0x00003704      0x230 c:/program files (x86)/cypress/psoc creator/3.3/psoc creator/import/gnu/arm/4.9.3/bin/../lib/gcc/arm-none-eabi/4.9.3/../../../../arm-none-eabi/lib/armv7-m\libg_nano.a(lib_a-mprec.o)
 .debug_frame   0x00003934       0x2c c:/program files (x86)/cypress/psoc creator/3.3/psoc creator/import/gnu/arm/4.9.3/bin/../lib/gcc/arm-none-eabi/4.9.3/../../../../arm-none-eabi/lib/armv7-m\libg_nano.a(lib_a-nano-callocr.o)
 .debug_frame   0x00003960       0x2c c:/program files (x86)/cypress/psoc creator/3.3/psoc creator/import/gnu/arm/4.9.3/bin/../lib/gcc/arm-none-eabi/4.9.3/../../../../arm-none-eabi/lib/armv7-m\libg_nano.a(lib_a-nano-freer.o)
 .debug_frame   0x0000398c       0x2c c:/program files (x86)/cypress/psoc creator/3.3/psoc creator/import/gnu/arm/4.9.3/bin/../lib/gcc/arm-none-eabi/4.9.3/../../../../arm-none-eabi/lib/armv7-m\libg_nano.a(lib_a-nano-mallocr.o)
 .debug_frame   0x000039b8       0x2c c:/program files (x86)/cypress/psoc creator/3.3/psoc creator/import/gnu/arm/4.9.3/bin/../lib/gcc/arm-none-eabi/4.9.3/../../../../arm-none-eabi/lib/armv7-m\libg_nano.a(lib_a-sbrkr.o)
 .debug_frame   0x000039e4       0x5c c:/program files (x86)/cypress/psoc creator/3.3/psoc creator/import/gnu/arm/4.9.3/bin/../lib/gcc/arm-none-eabi/4.9.3/../../../../arm-none-eabi/lib/armv7-m\libg_nano.a(lib_a-reent.o)

.debug_str      0x00000000     0x36b4
 *(.debug_str)
 .debug_str     0x00000000      0x1af .\ARM_GCC_493\Debug\main.o
                                0x1f0 (size before relaxing)
 .debug_str     0x000001af       0xa7 .\ARM_GCC_493\Debug\cymetadata.o
                                0x1da (size before relaxing)
 .debug_str     0x00000256      0x138 .\ARM_GCC_493\Debug\Cm3Start.o
                                0x2bb (size before relaxing)
 .debug_str     0x0000038e      0x226 .\ARM_GCC_493\Debug\light_1506.a(cyfitter_cfg.o)
                                0x3cc (size before relaxing)
 .debug_str     0x000005b4      0x30c .\ARM_GCC_493\Debug\light_1506.a(CapSense.o)
                                0x48d (size before relaxing)
 .debug_str     0x000008c0      0x382 .\ARM_GCC_493\Debug\light_1506.a(CapSense_CSHL.o)
                                0x5a7 (size before relaxing)
 .debug_str     0x00000c42       0x3c .\ARM_GCC_493\Debug\light_1506.a(CapSense_INT.o)
                                0x1c1 (size before relaxing)
 .debug_str     0x00000c7e      0x162 .\ARM_GCC_493\Debug\light_1506.a(LCD.o)
                                0x2dc (size before relaxing)
 .debug_str     0x00000de0      0x489 .\ARM_GCC_493\Debug\light_1506.a(USBUART_1.o)
                                0x633 (size before relaxing)
 .debug_str     0x00001269      0x51b .\ARM_GCC_493\Debug\light_1506.a(USBUART_1_cdc.o)
                                0x758 (size before relaxing)
 .debug_str     0x00001784      0x2c8 .\ARM_GCC_493\Debug\light_1506.a(USBUART_1_drv.o)
                                0x62c (size before relaxing)
 .debug_str     0x00001a4c       0x8e .\ARM_GCC_493\Debug\light_1506.a(USBUART_1_episr.o)
                                0x2bf (size before relaxing)
 .debug_str     0x00001ada      0x136 .\ARM_GCC_493\Debug\light_1506.a(USBUART_1_hid.o)
                                0x39b (size before relaxing)
 .debug_str     0x00001c10       0xb2 .\ARM_GCC_493\Debug\light_1506.a(USBUART_1_pm.o)
                                0x261 (size before relaxing)
 .debug_str     0x00001cc2      0x2c4 .\ARM_GCC_493\Debug\light_1506.a(USBUART_1_std.o)
                                0x792 (size before relaxing)
 .debug_str     0x00001f86       0x67 .\ARM_GCC_493\Debug\light_1506.a(USBUART_1_vnd.o)
                                0x269 (size before relaxing)
 .debug_str     0x00001fed      0x118 .\ARM_GCC_493\Debug\light_1506.a(PWM.o)
                                0x287 (size before relaxing)
 .debug_str     0x00002105      0x1b7 .\ARM_GCC_493\Debug\light_1506.a(CapSense_CompCH0.o)
                                0x334 (size before relaxing)
 .debug_str     0x000022bc      0x133 .\ARM_GCC_493\Debug\light_1506.a(CapSense_IdacCH0.o)
                                0x2a3 (size before relaxing)
 .debug_str     0x000023ef       0xfd .\ARM_GCC_493\Debug\light_1506.a(CapSense_AMuxCH0.o)
                                0x25f (size before relaxing)
 .debug_str     0x000024ec      0x1dc .\ARM_GCC_493\Debug\light_1506.a(CapSense_IntClock.o)
                                0x356 (size before relaxing)
 .debug_str     0x000026c8       0xc5 .\ARM_GCC_493\Debug\light_1506.a(USBUART_1_Dp.o)
                                0x23f (size before relaxing)
 .debug_str     0x0000278d      0x7ce .\ARM_GCC_493\Debug\light_1506.a(CyLib.o)
                                0x9b6 (size before relaxing)
 .debug_str     0x00002f5b      0x367 .\ARM_GCC_493\Debug\light_1506.a(cyPm.o)
                                0x51b (size before relaxing)
 .debug_str     0x000032c2       0x45 .\ARM_GCC_493\Debug\light_1506.a(USBUART_1_cls.o)
                                0x27f (size before relaxing)
 .debug_str     0x00003307      0x134 .\ARM_GCC_493\Debug\light_1506.a(USBUART_1_descr.o)
                                0x3b4 (size before relaxing)
 .debug_str     0x0000343b      0x158 .\ARM_GCC_493\Debug\light_1506.a(CyFlash.o)
                                0x2f2 (size before relaxing)
 .debug_str     0x00003593      0x121 .\ARM_GCC_493\Debug\light_1506.a(CySpc.o)
                                0x2d7 (size before relaxing)

.debug_loc
 *(.debug_loc)

.debug_macinfo
 *(.debug_macinfo)

.debug_ranges   0x00000000      0xb70
 *(.debug_ranges)
 .debug_ranges  0x00000000       0x10 .\ARM_GCC_493\Debug\main.o
 .debug_ranges  0x00000010       0x38 .\ARM_GCC_493\Debug\Cm3Start.o
 .debug_ranges  0x00000048       0x60 .\ARM_GCC_493\Debug\light_1506.a(cyfitter_cfg.o)
 .debug_ranges  0x000000a8       0xa0 .\ARM_GCC_493\Debug\light_1506.a(CapSense.o)
 .debug_ranges  0x00000148       0x78 .\ARM_GCC_493\Debug\light_1506.a(CapSense_CSHL.o)
 .debug_ranges  0x000001c0       0x10 .\ARM_GCC_493\Debug\light_1506.a(CapSense_INT.o)
 .debug_ranges  0x000001d0       0x80 .\ARM_GCC_493\Debug\light_1506.a(LCD.o)
 .debug_ranges  0x00000250       0xb8 .\ARM_GCC_493\Debug\light_1506.a(USBUART_1.o)
 .debug_ranges  0x00000308       0xd8 .\ARM_GCC_493\Debug\light_1506.a(USBUART_1_cdc.o)
 .debug_ranges  0x000003e0       0x88 .\ARM_GCC_493\Debug\light_1506.a(USBUART_1_drv.o)
 .debug_ranges  0x00000468       0x30 .\ARM_GCC_493\Debug\light_1506.a(USBUART_1_episr.o)
 .debug_ranges  0x00000498       0x38 .\ARM_GCC_493\Debug\light_1506.a(USBUART_1_hid.o)
 .debug_ranges  0x000004d0       0x30 .\ARM_GCC_493\Debug\light_1506.a(USBUART_1_pm.o)
 .debug_ranges  0x00000500       0x70 .\ARM_GCC_493\Debug\light_1506.a(USBUART_1_std.o)
 .debug_ranges  0x00000570       0x10 .\ARM_GCC_493\Debug\light_1506.a(USBUART_1_vnd.o)
 .debug_ranges  0x00000580       0x70 .\ARM_GCC_493\Debug\light_1506.a(PWM.o)
 .debug_ranges  0x000005f0       0x60 .\ARM_GCC_493\Debug\light_1506.a(CapSense_CompCH0.o)
 .debug_ranges  0x00000650       0x50 .\ARM_GCC_493\Debug\light_1506.a(CapSense_IdacCH0.o)
 .debug_ranges  0x000006a0       0x38 .\ARM_GCC_493\Debug\light_1506.a(CapSense_AMuxCH0.o)
 .debug_ranges  0x000006d8       0x60 .\ARM_GCC_493\Debug\light_1506.a(CapSense_IntClock.o)
 .debug_ranges  0x00000738       0x38 .\ARM_GCC_493\Debug\light_1506.a(USBUART_1_Dp.o)
 .debug_ranges  0x00000770      0x288 .\ARM_GCC_493\Debug\light_1506.a(CyLib.o)
 .debug_ranges  0x000009f8       0x88 .\ARM_GCC_493\Debug\light_1506.a(cyPm.o)
 .debug_ranges  0x00000a80       0x10 .\ARM_GCC_493\Debug\light_1506.a(USBUART_1_cls.o)
 .debug_ranges  0x00000a90       0x78 .\ARM_GCC_493\Debug\light_1506.a(CyFlash.o)
 .debug_ranges  0x00000b08       0x68 .\ARM_GCC_493\Debug\light_1506.a(CySpc.o)

.comment        0x00000000       0x70
 .comment       0x00000000       0x70 .\ARM_GCC_493\Debug\main.o
                                 0x71 (size before relaxing)
 .comment       0x00000000       0x71 .\ARM_GCC_493\Debug\cymetadata.o
 .comment       0x00000000       0x71 .\ARM_GCC_493\Debug\Cm3Start.o
 .comment       0x00000000       0x71 .\ARM_GCC_493\Debug\light_1506.a(cyfitter_cfg.o)
 .comment       0x00000000       0x71 .\ARM_GCC_493\Debug\light_1506.a(CapSense.o)
 .comment       0x00000000       0x71 .\ARM_GCC_493\Debug\light_1506.a(CapSense_CSHL.o)
 .comment       0x00000000       0x71 .\ARM_GCC_493\Debug\light_1506.a(CapSense_INT.o)
 .comment       0x00000000       0x71 .\ARM_GCC_493\Debug\light_1506.a(LCD.o)
 .comment       0x00000000       0x71 .\ARM_GCC_493\Debug\light_1506.a(USBUART_1.o)
 .comment       0x00000000       0x71 .\ARM_GCC_493\Debug\light_1506.a(USBUART_1_cdc.o)
 .comment       0x00000000       0x71 .\ARM_GCC_493\Debug\light_1506.a(USBUART_1_drv.o)
 .comment       0x00000000       0x71 .\ARM_GCC_493\Debug\light_1506.a(USBUART_1_episr.o)
 .comment       0x00000000       0x71 .\ARM_GCC_493\Debug\light_1506.a(USBUART_1_hid.o)
 .comment       0x00000000       0x71 .\ARM_GCC_493\Debug\light_1506.a(USBUART_1_pm.o)
 .comment       0x00000000       0x71 .\ARM_GCC_493\Debug\light_1506.a(USBUART_1_std.o)
 .comment       0x00000000       0x71 .\ARM_GCC_493\Debug\light_1506.a(USBUART_1_vnd.o)
 .comment       0x00000000       0x71 .\ARM_GCC_493\Debug\light_1506.a(PWM.o)
 .comment       0x00000000       0x71 .\ARM_GCC_493\Debug\light_1506.a(CapSense_CompCH0.o)
 .comment       0x00000000       0x71 .\ARM_GCC_493\Debug\light_1506.a(CapSense_IdacCH0.o)
 .comment       0x00000000       0x71 .\ARM_GCC_493\Debug\light_1506.a(CapSense_AMuxCH0.o)
 .comment       0x00000000       0x71 .\ARM_GCC_493\Debug\light_1506.a(CapSense_IntClock.o)
 .comment       0x00000000       0x71 .\ARM_GCC_493\Debug\light_1506.a(USBUART_1_Dp.o)
 .comment       0x00000000       0x71 .\ARM_GCC_493\Debug\light_1506.a(CyLib.o)
 .comment       0x00000000       0x71 .\ARM_GCC_493\Debug\light_1506.a(cyPm.o)
 .comment       0x00000000       0x71 .\ARM_GCC_493\Debug\light_1506.a(USBUART_1_cls.o)
 .comment       0x00000000       0x71 .\ARM_GCC_493\Debug\light_1506.a(USBUART_1_descr.o)
 .comment       0x00000000       0x71 .\ARM_GCC_493\Debug\light_1506.a(CyFlash.o)
 .comment       0x00000000       0x71 .\ARM_GCC_493\Debug\light_1506.a(CySpc.o)

.debug_weaknames
 *(.debug_weaknames)

.debug_funcnames
 *(.debug_funcnames)

.debug_typenames
 *(.debug_typenames)

.debug_varnames
 *(.debug_varnames)

.note.gnu.arm.ident
 *(.note.gnu.arm.ident)

.ARM.attributes
                0x00000000       0x29
 *(.ARM.attributes)
 .ARM.attributes
                0x00000000       0x1d c:/program files (x86)/cypress/psoc creator/3.3/psoc creator/import/gnu/arm/4.9.3/bin/../lib/gcc/arm-none-eabi/4.9.3/armv7-m/crti.o
 .ARM.attributes
                0x0000001d       0x2d c:/program files (x86)/cypress/psoc creator/3.3/psoc creator/import/gnu/arm/4.9.3/bin/../lib/gcc/arm-none-eabi/4.9.3/armv7-m/crtbegin.o
 .ARM.attributes
                0x0000004a       0x1b c:/program files (x86)/cypress/psoc creator/3.3/psoc creator/import/gnu/arm/4.9.3/bin/../lib/gcc/arm-none-eabi/4.9.3/../../../../arm-none-eabi/lib/armv7-m/crt0.o
 .ARM.attributes
                0x00000065       0x33 .\ARM_GCC_493\Debug\main.o
 .ARM.attributes
                0x00000098       0x33 .\ARM_GCC_493\Debug\cymetadata.o
 .ARM.attributes
                0x000000cb       0x33 .\ARM_GCC_493\Debug\Cm3Start.o
 .ARM.attributes
                0x000000fe       0x33 .\ARM_GCC_493\Debug\light_1506.a(cyfitter_cfg.o)
 .ARM.attributes
                0x00000131       0x33 .\ARM_GCC_493\Debug\light_1506.a(CapSense.o)
 .ARM.attributes
                0x00000164       0x33 .\ARM_GCC_493\Debug\light_1506.a(CapSense_CSHL.o)
 .ARM.attributes
                0x00000197       0x33 .\ARM_GCC_493\Debug\light_1506.a(CapSense_INT.o)
 .ARM.attributes
                0x000001ca       0x33 .\ARM_GCC_493\Debug\light_1506.a(LCD.o)
 .ARM.attributes
                0x000001fd       0x33 .\ARM_GCC_493\Debug\light_1506.a(USBUART_1.o)
 .ARM.attributes
                0x00000230       0x33 .\ARM_GCC_493\Debug\light_1506.a(USBUART_1_cdc.o)
 .ARM.attributes
                0x00000263       0x33 .\ARM_GCC_493\Debug\light_1506.a(USBUART_1_drv.o)
 .ARM.attributes
                0x00000296       0x33 .\ARM_GCC_493\Debug\light_1506.a(USBUART_1_episr.o)
 .ARM.attributes
                0x000002c9       0x33 .\ARM_GCC_493\Debug\light_1506.a(USBUART_1_hid.o)
 .ARM.attributes
                0x000002fc       0x33 .\ARM_GCC_493\Debug\light_1506.a(USBUART_1_pm.o)
 .ARM.attributes
                0x0000032f       0x33 .\ARM_GCC_493\Debug\light_1506.a(USBUART_1_std.o)
 .ARM.attributes
                0x00000362       0x33 .\ARM_GCC_493\Debug\light_1506.a(USBUART_1_vnd.o)
 .ARM.attributes
                0x00000395       0x33 .\ARM_GCC_493\Debug\light_1506.a(PWM.o)
 .ARM.attributes
                0x000003c8       0x33 .\ARM_GCC_493\Debug\light_1506.a(CapSense_CompCH0.o)
 .ARM.attributes
                0x000003fb       0x33 .\ARM_GCC_493\Debug\light_1506.a(CapSense_IdacCH0.o)
 .ARM.attributes
                0x0000042e       0x33 .\ARM_GCC_493\Debug\light_1506.a(CapSense_AMuxCH0.o)
 .ARM.attributes
                0x00000461       0x33 .\ARM_GCC_493\Debug\light_1506.a(CapSense_IntClock.o)
 .ARM.attributes
                0x00000494       0x33 .\ARM_GCC_493\Debug\light_1506.a(USBUART_1_Dp.o)
 .ARM.attributes
                0x000004c7       0x21 .\ARM_GCC_493\Debug\light_1506.a(CyBootAsmGnu.o)
 .ARM.attributes
                0x000004e8       0x33 .\ARM_GCC_493\Debug\light_1506.a(CyLib.o)
 .ARM.attributes
                0x0000051b       0x33 .\ARM_GCC_493\Debug\light_1506.a(cyPm.o)
 .ARM.attributes
                0x0000054e       0x33 .\ARM_GCC_493\Debug\light_1506.a(USBUART_1_cls.o)
 .ARM.attributes
                0x00000581       0x33 .\ARM_GCC_493\Debug\light_1506.a(USBUART_1_descr.o)
 .ARM.attributes
                0x000005b4       0x33 .\ARM_GCC_493\Debug\light_1506.a(CyFlash.o)
 .ARM.attributes
                0x000005e7       0x33 .\ARM_GCC_493\Debug\light_1506.a(CySpc.o)
 .ARM.attributes
                0x0000061a       0x1d c:/program files (x86)/cypress/psoc creator/3.3/psoc creator/import/gnu/arm/4.9.3/bin/../lib/gcc/arm-none-eabi/4.9.3/armv7-m\libgcc.a(_arm_addsubsf3.o)
 .ARM.attributes
                0x00000637       0x1d c:/program files (x86)/cypress/psoc creator/3.3/psoc creator/import/gnu/arm/4.9.3/bin/../lib/gcc/arm-none-eabi/4.9.3/armv7-m\libgcc.a(_arm_muldivsf3.o)
 .ARM.attributes
                0x00000654       0x1d c:/program files (x86)/cypress/psoc creator/3.3/psoc creator/import/gnu/arm/4.9.3/bin/../lib/gcc/arm-none-eabi/4.9.3/armv7-m\libgcc.a(_arm_fixunssfsi.o)
 .ARM.attributes
                0x00000671       0x2d c:/program files (x86)/cypress/psoc creator/3.3/psoc creator/import/gnu/arm/4.9.3/bin/../lib/gcc/arm-none-eabi/4.9.3/../../../../arm-none-eabi/lib/armv7-m\libg_nano.a(lib_a-errno.o)
 .ARM.attributes
                0x0000069e       0x2d c:/program files (x86)/cypress/psoc creator/3.3/psoc creator/import/gnu/arm/4.9.3/bin/../lib/gcc/arm-none-eabi/4.9.3/../../../../arm-none-eabi/lib/armv7-m\libg_nano.a(lib_a-exit.o)
 .ARM.attributes
                0x000006cb       0x2d c:/program files (x86)/cypress/psoc creator/3.3/psoc creator/import/gnu/arm/4.9.3/bin/../lib/gcc/arm-none-eabi/4.9.3/../../../../arm-none-eabi/lib/armv7-m\libg_nano.a(lib_a-impure.o)
 .ARM.attributes
                0x000006f8       0x2d c:/program files (x86)/cypress/psoc creator/3.3/psoc creator/import/gnu/arm/4.9.3/bin/../lib/gcc/arm-none-eabi/4.9.3/../../../../arm-none-eabi/lib/armv7-m\libg_nano.a(lib_a-init.o)
 .ARM.attributes
                0x00000725       0x2d c:/program files (x86)/cypress/psoc creator/3.3/psoc creator/import/gnu/arm/4.9.3/bin/../lib/gcc/arm-none-eabi/4.9.3/../../../../arm-none-eabi/lib/armv7-m\libg_nano.a(lib_a-memcpy.o)
 .ARM.attributes
                0x00000752       0x2d c:/program files (x86)/cypress/psoc creator/3.3/psoc creator/import/gnu/arm/4.9.3/bin/../lib/gcc/arm-none-eabi/4.9.3/../../../../arm-none-eabi/lib/armv7-m\libg_nano.a(lib_a-memset.o)
 .ARM.attributes
                0x0000077f       0x2d c:/program files (x86)/cypress/psoc creator/3.3/psoc creator/import/gnu/arm/4.9.3/bin/../lib/gcc/arm-none-eabi/4.9.3/../../../../arm-none-eabi/lib/armv7-m\libg_nano.a(lib_a-nano-vfprintf_float.o)
 .ARM.attributes
                0x000007ac       0x2d c:/program files (x86)/cypress/psoc creator/3.3/psoc creator/import/gnu/arm/4.9.3/bin/../lib/gcc/arm-none-eabi/4.9.3/../../../../arm-none-eabi/lib/armv7-m\libg_nano.a(lib_a-nano-vfprintf_i.o)
 .ARM.attributes
                0x000007d9       0x2d c:/program files (x86)/cypress/psoc creator/3.3/psoc creator/import/gnu/arm/4.9.3/bin/../lib/gcc/arm-none-eabi/4.9.3/../../../../arm-none-eabi/lib/armv7-m\libg_nano.a(lib_a-s_fpclassify.o)
 .ARM.attributes
                0x00000806       0x2d c:/program files (x86)/cypress/psoc creator/3.3/psoc creator/import/gnu/arm/4.9.3/bin/../lib/gcc/arm-none-eabi/4.9.3/../../../../arm-none-eabi/lib/armv7-m\libg_nano.a(lib_a-strlen.o)
 .ARM.attributes
                0x00000833       0x2d c:/program files (x86)/cypress/psoc creator/3.3/psoc creator/import/gnu/arm/4.9.3/bin/../lib/gcc/arm-none-eabi/4.9.3/../../../../arm-none-eabi/lib/armv7-m\libg_nano.a(lib_a-dtoa.o)
 .ARM.attributes
                0x00000860       0x2d c:/program files (x86)/cypress/psoc creator/3.3/psoc creator/import/gnu/arm/4.9.3/bin/../lib/gcc/arm-none-eabi/4.9.3/../../../../arm-none-eabi/lib/armv7-m\libg_nano.a(lib_a-locale.o)
 .ARM.attributes
                0x0000088d       0x2d c:/program files (x86)/cypress/psoc creator/3.3/psoc creator/import/gnu/arm/4.9.3/bin/../lib/gcc/arm-none-eabi/4.9.3/../../../../arm-none-eabi/lib/armv7-m\libg_nano.a(lib_a-malloc.o)
 .ARM.attributes
                0x000008ba       0x2d c:/program files (x86)/cypress/psoc creator/3.3/psoc creator/import/gnu/arm/4.9.3/bin/../lib/gcc/arm-none-eabi/4.9.3/../../../../arm-none-eabi/lib/armv7-m\libg_nano.a(lib_a-memchr.o)
 .ARM.attributes
                0x000008e7       0x2d c:/program files (x86)/cypress/psoc creator/3.3/psoc creator/import/gnu/arm/4.9.3/bin/../lib/gcc/arm-none-eabi/4.9.3/../../../../arm-none-eabi/lib/armv7-m\libg_nano.a(lib_a-mprec.o)
 .ARM.attributes
                0x00000914       0x2d c:/program files (x86)/cypress/psoc creator/3.3/psoc creator/import/gnu/arm/4.9.3/bin/../lib/gcc/arm-none-eabi/4.9.3/../../../../arm-none-eabi/lib/armv7-m\libg_nano.a(lib_a-nano-callocr.o)
 .ARM.attributes
                0x00000941       0x2d c:/program files (x86)/cypress/psoc creator/3.3/psoc creator/import/gnu/arm/4.9.3/bin/../lib/gcc/arm-none-eabi/4.9.3/../../../../arm-none-eabi/lib/armv7-m\libg_nano.a(lib_a-nano-freer.o)
 .ARM.attributes
                0x0000096e       0x2d c:/program files (x86)/cypress/psoc creator/3.3/psoc creator/import/gnu/arm/4.9.3/bin/../lib/gcc/arm-none-eabi/4.9.3/../../../../arm-none-eabi/lib/armv7-m\libg_nano.a(lib_a-nano-mallocr.o)
 .ARM.attributes
                0x0000099b       0x2d c:/program files (x86)/cypress/psoc creator/3.3/psoc creator/import/gnu/arm/4.9.3/bin/../lib/gcc/arm-none-eabi/4.9.3/../../../../arm-none-eabi/lib/armv7-m\libg_nano.a(lib_a-sbrkr.o)
 .ARM.attributes
                0x000009c8       0x1b c:/program files (x86)/cypress/psoc creator/3.3/psoc creator/import/gnu/arm/4.9.3/bin/../lib/gcc/arm-none-eabi/4.9.3/../../../../arm-none-eabi/lib/armv7-m\libg_nano.a(lib_a-strcmp.o)
 .ARM.attributes
                0x000009e3       0x2d c:/program files (x86)/cypress/psoc creator/3.3/psoc creator/import/gnu/arm/4.9.3/bin/../lib/gcc/arm-none-eabi/4.9.3/../../../../arm-none-eabi/lib/armv7-m\libg_nano.a(lib_a-reent.o)
 .ARM.attributes
                0x00000a10       0x1d c:/program files (x86)/cypress/psoc creator/3.3/psoc creator/import/gnu/arm/4.9.3/bin/../lib/gcc/arm-none-eabi/4.9.3/armv7-m\libgcc.a(_arm_addsubdf3.o)
 .ARM.attributes
                0x00000a2d       0x1d c:/program files (x86)/cypress/psoc creator/3.3/psoc creator/import/gnu/arm/4.9.3/bin/../lib/gcc/arm-none-eabi/4.9.3/armv7-m\libgcc.a(_arm_muldivdf3.o)
 .ARM.attributes
                0x00000a4a       0x1d c:/program files (x86)/cypress/psoc creator/3.3/psoc creator/import/gnu/arm/4.9.3/bin/../lib/gcc/arm-none-eabi/4.9.3/armv7-m\libgcc.a(_arm_cmpdf2.o)
 .ARM.attributes
                0x00000a67       0x1d c:/program files (x86)/cypress/psoc creator/3.3/psoc creator/import/gnu/arm/4.9.3/bin/../lib/gcc/arm-none-eabi/4.9.3/armv7-m\libgcc.a(_arm_fixdfsi.o)
 .ARM.attributes
                0x00000a84       0x2d c:/program files (x86)/cypress/psoc creator/3.3/psoc creator/import/gnu/arm/4.9.3/bin/../lib/gcc/arm-none-eabi/4.9.3/armv7-m/crtend.o
 .ARM.attributes
                0x00000ab1       0x1d c:/program files (x86)/cypress/psoc creator/3.3/psoc creator/import/gnu/arm/4.9.3/bin/../lib/gcc/arm-none-eabi/4.9.3/armv7-m/crtn.o

/DISCARD/
 *(.note.GNU-stack)
OUTPUT(.\ARM_GCC_493\Debug\light_1506.elf elf32-littlearm)
