ARM GAS  C:\Users\kingi\AppData\Local\Temp\ccZ0JRcD.s 			page 1


   1              		.syntax unified
   2              		.cpu cortex-m3
   3              		.fpu softvfp
   4              		.eabi_attribute 20, 1
   5              		.eabi_attribute 21, 1
   6              		.eabi_attribute 23, 3
   7              		.eabi_attribute 24, 1
   8              		.eabi_attribute 25, 1
   9              		.eabi_attribute 26, 1
  10              		.eabi_attribute 30, 6
  11              		.eabi_attribute 34, 1
  12              		.eabi_attribute 18, 4
  13              		.thumb
  14              		.file	"main.c"
  15              		.text
  16              	.Ltext0:
  17              		.cfi_sections	.debug_frame
  18              		.global _printf_float
  19              		.thumb
  20              		.section	.text.main,"ax",%progbits
  21              		.align	2
  22              		.global	main
  23              		.thumb
  24              		.thumb_func
  25              		.type	main, %function
  26              	main:
  27              	.LFB63:
  28              		.file 1 ".\\main.c"
   1:.\main.c      **** /*******************************************************************************
   2:.\main.c      **** * File Name: main.c
   3:.\main.c      **** *
   4:.\main.c      **** * Version: 2.0
   5:.\main.c      **** *
   6:.\main.c      **** * Description:
   7:.\main.c      **** *   The component is enumerated as a Virtual Com port. Receives data from the 
   8:.\main.c      **** *   hyper terminal, then sends back the received data.
   9:.\main.c      **** *   For PSoC3/PSoC5LP, the LCD shows the line settings.
  10:.\main.c      **** *
  11:.\main.c      **** * Related Document:
  12:.\main.c      **** *  Universal Serial Bus Specification Revision 2.0
  13:.\main.c      **** *  Universal Serial Bus Class Definitions for Communications Devices
  14:.\main.c      **** *  Revision 1.2
  15:.\main.c      **** *
  16:.\main.c      **** ********************************************************************************
  17:.\main.c      **** * Copyright 2015, Cypress Semiconductor Corporation. All rights reserved.
  18:.\main.c      **** * This software is owned by Cypress Semiconductor Corporation and is protected
  19:.\main.c      **** * by and subject to worldwide patent and copyright laws and treaties.
  20:.\main.c      **** * Therefore, you may use this software only as provided in the license agreement
  21:.\main.c      **** * accompanying the software package from which you obtained this software.
  22:.\main.c      **** * CYPRESS AND ITS SUPPLIERS MAKE NO WARRANTY OF ANY KIND, EXPRESS OR IMPLIED,
  23:.\main.c      **** * WITH REGARD TO THIS SOFTWARE, INCLUDING, BUT NOT LIMITED TO, NONINFRINGEMENT,
  24:.\main.c      **** * IMPLIED WARRANTIES OF MERCHANTABILITY AND FITNESS FOR A PARTICULAR PURPOSE.
  25:.\main.c      **** *******************************************************************************/
  26:.\main.c      **** 
  27:.\main.c      **** #include <project.h>
  28:.\main.c      **** #include "stdio.h"
  29:.\main.c      **** 
ARM GAS  C:\Users\kingi\AppData\Local\Temp\ccZ0JRcD.s 			page 2


  30:.\main.c      **** #include "ServoMotor.h"
  31:.\main.c      **** 
  32:.\main.c      **** #if defined (__GNUC__)
  33:.\main.c      ****     /* Add an explicit reference to the floating point printf library */
  34:.\main.c      ****     /* to allow usage of the floating point conversion specifiers. */
  35:.\main.c      ****     /* This is not linked in by default with the newlib-nano library. */
  36:.\main.c      ****     asm (".global _printf_float");
  37:.\main.c      **** #endif
  38:.\main.c      **** 
  39:.\main.c      **** #define USBFS_DEVICE    (0u)
  40:.\main.c      **** 
  41:.\main.c      **** /* The buffer size is equal to the maximum packet size of the IN and OUT bulk
  42:.\main.c      **** * endpoints.
  43:.\main.c      **** */
  44:.\main.c      **** 
  45:.\main.c      **** 
  46:.\main.c      **** 
  47:.\main.c      **** /*******************************************************************************
  48:.\main.c      **** * Function Name: main
  49:.\main.c      **** ********************************************************************************
  50:.\main.c      **** *
  51:.\main.c      **** * Summary:
  52:.\main.c      **** *  The main function performs the following actions:
  53:.\main.c      **** *   1. Waits until VBUS becomes valid and starts the USBFS component which is
  54:.\main.c      **** *      enumerated as virtual Com port.
  55:.\main.c      **** *   2. Waits until the device is enumerated by the host.
  56:.\main.c      **** *   3. Waits for data coming from the hyper terminal and sends it back.
  57:.\main.c      **** *   4. PSoC3/PSoC5LP: the LCD shows the line settings.
  58:.\main.c      **** *
  59:.\main.c      **** * Parameters:
  60:.\main.c      **** *  None.
  61:.\main.c      **** *
  62:.\main.c      **** * Return:
  63:.\main.c      **** *  None.
  64:.\main.c      **** *
  65:.\main.c      **** *******************************************************************************/
  66:.\main.c      **** 
  67:.\main.c      **** 
  68:.\main.c      **** int main()
  69:.\main.c      **** {
  29              		.loc 1 69 0
  30              		.cfi_startproc
  31              		@ args = 0, pretend = 0, frame = 8
  32              		@ frame_needed = 1, uses_anonymous_args = 0
  33 0000 80B5     		push	{r7, lr}
  34              		.cfi_def_cfa_offset 8
  35              		.cfi_offset 7, -8
  36              		.cfi_offset 14, -4
  37 0002 82B0     		sub	sp, sp, #8
  38              		.cfi_def_cfa_offset 16
  39 0004 00AF     		add	r7, sp, #0
  40              		.cfi_def_cfa_register 7
  70:.\main.c      ****     
  71:.\main.c      ****     CyGlobalIntEnable;
  41              		.loc 1 71 0
  42              	@ 71 ".\main.c" 1
  43 0006 62B6     		CPSIE   i
ARM GAS  C:\Users\kingi\AppData\Local\Temp\ccZ0JRcD.s 			page 3


  44              	@ 0 "" 2
  72:.\main.c      **** 
  73:.\main.c      ****     
  74:.\main.c      ****     UART_1_Start();
  45              		.loc 1 74 0
  46              		.thumb
  47 0008 FFF7FEFF 		bl	UART_1_Start
  75:.\main.c      ****     UART_2_Start();
  48              		.loc 1 75 0
  49 000c FFF7FEFF 		bl	UART_2_Start
  76:.\main.c      ****     UART_3_Start();
  50              		.loc 1 76 0
  51 0010 FFF7FEFF 		bl	UART_3_Start
  77:.\main.c      ****     
  78:.\main.c      ****     SetMotorMode(ID_LEFT);
  52              		.loc 1 78 0
  53 0014 0120     		movs	r0, #1
  54 0016 FFF7FEFF 		bl	SetMotorMode
  79:.\main.c      ****     SetMotorMode(ID_RIGHT);
  55              		.loc 1 79 0
  56 001a 0320     		movs	r0, #3
  57 001c FFF7FEFF 		bl	SetMotorMode
  80:.\main.c      ****     
  81:.\main.c      ****     CyDelay(500);
  58              		.loc 1 81 0
  59 0020 4FF4FA70 		mov	r0, #500
  60 0024 FFF7FEFF 		bl	CyDelay
  82:.\main.c      ****     
  83:.\main.c      ****     SetMotorSpeed(ID_LEFT, 512, 0x10);
  61              		.loc 1 83 0
  62 0028 0120     		movs	r0, #1
  63 002a 4FF40071 		mov	r1, #512
  64 002e 1022     		movs	r2, #16
  65 0030 FFF7FEFF 		bl	SetMotorSpeed
  84:.\main.c      ****     
  85:.\main.c      ****     CyDelay(500);
  66              		.loc 1 85 0
  67 0034 4FF4FA70 		mov	r0, #500
  68 0038 FFF7FEFF 		bl	CyDelay
  86:.\main.c      ****     
  87:.\main.c      ****     SetMotorSpeed(ID_RIGHT, -512, 0x10);
  69              		.loc 1 87 0
  70 003c 0320     		movs	r0, #3
  71 003e 1049     		ldr	r1, .L5
  72 0040 1022     		movs	r2, #16
  73 0042 FFF7FEFF 		bl	SetMotorSpeed
  88:.\main.c      ****     
  89:.\main.c      ****     CyDelay(500);
  74              		.loc 1 89 0
  75 0046 4FF4FA70 		mov	r0, #500
  76 004a FFF7FEFF 		bl	CyDelay
  77              	.L4:
  78              	.LBB2:
  90:.\main.c      ****     
  91:.\main.c      ****     
  92:.\main.c      ****     while (1) 
  93:.\main.c      ****     {
ARM GAS  C:\Users\kingi\AppData\Local\Temp\ccZ0JRcD.s 			page 4


  94:.\main.c      ****         uint8 i;
  95:.\main.c      ****         for (i = 0; i < 0xF; i++)
  79              		.loc 1 95 0
  80 004e 0023     		movs	r3, #0
  81 0050 FB71     		strb	r3, [r7, #7]
  82 0052 10E0     		b	.L2
  83              	.L3:
  96:.\main.c      ****         {
  97:.\main.c      ****             SetServoPosition(ID_TOP, 0x40 * i, 0x03ff);
  84              		.loc 1 97 0 discriminator 3
  85 0054 FB79     		ldrb	r3, [r7, #7]	@ zero_extendqisi2
  86 0056 9BB2     		uxth	r3, r3
  87 0058 9B01     		lsls	r3, r3, #6
  88 005a 9BB2     		uxth	r3, r3
  89 005c 0420     		movs	r0, #4
  90 005e 1946     		mov	r1, r3
  91 0060 40F2FF32 		movw	r2, #1023
  92 0064 FFF7FEFF 		bl	SetServoPosition
  98:.\main.c      ****             CyDelay(500);
  93              		.loc 1 98 0 discriminator 3
  94 0068 4FF4FA70 		mov	r0, #500
  95 006c FFF7FEFF 		bl	CyDelay
  95:.\main.c      ****         {
  96              		.loc 1 95 0 discriminator 3
  97 0070 FB79     		ldrb	r3, [r7, #7]	@ zero_extendqisi2
  98 0072 0133     		adds	r3, r3, #1
  99 0074 FB71     		strb	r3, [r7, #7]
 100              	.L2:
  95:.\main.c      ****         {
 101              		.loc 1 95 0 is_stmt 0 discriminator 1
 102 0076 FB79     		ldrb	r3, [r7, #7]	@ zero_extendqisi2
 103 0078 0E2B     		cmp	r3, #14
 104 007a EBD9     		bls	.L3
 105              	.LBE2:
  99:.\main.c      ****         }
 100:.\main.c      ****     }
 106              		.loc 1 100 0 is_stmt 1
 107 007c E7E7     		b	.L4
 108              	.L6:
 109 007e 00BF     		.align	2
 110              	.L5:
 111 0080 00FEFFFF 		.word	-512
 112              		.cfi_endproc
 113              	.LFE63:
 114              		.size	main, .-main
 115              		.text
 116              	.Letext0:
 117              		.file 2 "c:\\program files (x86)\\cypress\\psoc creator\\3.3\\psoc creator\\import\\gnu\\arm\\4.9.
 118              		.file 3 "c:\\program files (x86)\\cypress\\psoc creator\\3.3\\psoc creator\\import\\gnu\\arm\\4.9.
 119              		.file 4 "Generated_Source\\PSoC5/cytypes.h"
 120              		.file 5 "Generated_Source\\PSoC5/core_cm3.h"
 121              		.section	.debug_info,"",%progbits
 122              	.Ldebug_info0:
 123 0000 E7000000 		.4byte	0xe7
 124 0004 0400     		.2byte	0x4
 125 0006 00000000 		.4byte	.Ldebug_abbrev0
 126 000a 04       		.byte	0x4
ARM GAS  C:\Users\kingi\AppData\Local\Temp\ccZ0JRcD.s 			page 5


 127 000b 01       		.uleb128 0x1
 128 000c 87000000 		.4byte	.LASF16
 129 0010 01       		.byte	0x1
 130 0011 4B000000 		.4byte	.LASF17
 131 0015 15010000 		.4byte	.LASF18
 132 0019 00000000 		.4byte	.Ldebug_ranges0+0
 133 001d 00000000 		.4byte	0
 134 0021 00000000 		.4byte	.Ldebug_line0
 135 0025 02       		.uleb128 0x2
 136 0026 01       		.byte	0x1
 137 0027 06       		.byte	0x6
 138 0028 55010000 		.4byte	.LASF0
 139 002c 02       		.uleb128 0x2
 140 002d 01       		.byte	0x1
 141 002e 08       		.byte	0x8
 142 002f 6B000000 		.4byte	.LASF1
 143 0033 02       		.uleb128 0x2
 144 0034 02       		.byte	0x2
 145 0035 05       		.byte	0x5
 146 0036 71010000 		.4byte	.LASF2
 147 003a 02       		.uleb128 0x2
 148 003b 02       		.byte	0x2
 149 003c 07       		.byte	0x7
 150 003d 0E000000 		.4byte	.LASF3
 151 0041 03       		.uleb128 0x3
 152 0042 61010000 		.4byte	.LASF9
 153 0046 02       		.byte	0x2
 154 0047 3F       		.byte	0x3f
 155 0048 4C000000 		.4byte	0x4c
 156 004c 02       		.uleb128 0x2
 157 004d 04       		.byte	0x4
 158 004e 05       		.byte	0x5
 159 004f 7E000000 		.4byte	.LASF4
 160 0053 02       		.uleb128 0x2
 161 0054 04       		.byte	0x4
 162 0055 07       		.byte	0x7
 163 0056 39000000 		.4byte	.LASF5
 164 005a 02       		.uleb128 0x2
 165 005b 08       		.byte	0x8
 166 005c 05       		.byte	0x5
 167 005d 00000000 		.4byte	.LASF6
 168 0061 02       		.uleb128 0x2
 169 0062 08       		.byte	0x8
 170 0063 07       		.byte	0x7
 171 0064 54000000 		.4byte	.LASF7
 172 0068 04       		.uleb128 0x4
 173 0069 04       		.byte	0x4
 174 006a 05       		.byte	0x5
 175 006b 696E7400 		.ascii	"int\000"
 176 006f 02       		.uleb128 0x2
 177 0070 04       		.byte	0x4
 178 0071 07       		.byte	0x7
 179 0072 21000000 		.4byte	.LASF8
 180 0076 03       		.uleb128 0x3
 181 0077 7B010000 		.4byte	.LASF10
 182 007b 03       		.byte	0x3
 183 007c 2C       		.byte	0x2c
ARM GAS  C:\Users\kingi\AppData\Local\Temp\ccZ0JRcD.s 			page 6


 184 007d 41000000 		.4byte	0x41
 185 0081 05       		.uleb128 0x5
 186 0082 33000000 		.4byte	.LASF11
 187 0086 04       		.byte	0x4
 188 0087 3801     		.2byte	0x138
 189 0089 2C000000 		.4byte	0x2c
 190 008d 02       		.uleb128 0x2
 191 008e 04       		.byte	0x4
 192 008f 04       		.byte	0x4
 193 0090 6B010000 		.4byte	.LASF12
 194 0094 02       		.uleb128 0x2
 195 0095 08       		.byte	0x8
 196 0096 04       		.byte	0x4
 197 0097 41010000 		.4byte	.LASF13
 198 009b 02       		.uleb128 0x2
 199 009c 01       		.byte	0x1
 200 009d 08       		.byte	0x8
 201 009e 79000000 		.4byte	.LASF14
 202 00a2 02       		.uleb128 0x2
 203 00a3 04       		.byte	0x4
 204 00a4 07       		.byte	0x7
 205 00a5 83010000 		.4byte	.LASF15
 206 00a9 06       		.uleb128 0x6
 207 00aa 2E000000 		.4byte	.LASF19
 208 00ae 01       		.byte	0x1
 209 00af 44       		.byte	0x44
 210 00b0 68000000 		.4byte	0x68
 211 00b4 00000000 		.4byte	.LFB63
 212 00b8 84000000 		.4byte	.LFE63-.LFB63
 213 00bc 01       		.uleb128 0x1
 214 00bd 9C       		.byte	0x9c
 215 00be D9000000 		.4byte	0xd9
 216 00c2 07       		.uleb128 0x7
 217 00c3 4E000000 		.4byte	.LBB2
 218 00c7 2E000000 		.4byte	.LBE2-.LBB2
 219 00cb 08       		.uleb128 0x8
 220 00cc 6900     		.ascii	"i\000"
 221 00ce 01       		.byte	0x1
 222 00cf 5E       		.byte	0x5e
 223 00d0 81000000 		.4byte	0x81
 224 00d4 02       		.uleb128 0x2
 225 00d5 91       		.byte	0x91
 226 00d6 77       		.sleb128 -9
 227 00d7 00       		.byte	0
 228 00d8 00       		.byte	0
 229 00d9 09       		.uleb128 0x9
 230 00da 48010000 		.4byte	.LASF20
 231 00de 05       		.byte	0x5
 232 00df 5506     		.2byte	0x655
 233 00e1 E5000000 		.4byte	0xe5
 234 00e5 0A       		.uleb128 0xa
 235 00e6 76000000 		.4byte	0x76
 236 00ea 00       		.byte	0
 237              		.section	.debug_abbrev,"",%progbits
 238              	.Ldebug_abbrev0:
 239 0000 01       		.uleb128 0x1
 240 0001 11       		.uleb128 0x11
ARM GAS  C:\Users\kingi\AppData\Local\Temp\ccZ0JRcD.s 			page 7


 241 0002 01       		.byte	0x1
 242 0003 25       		.uleb128 0x25
 243 0004 0E       		.uleb128 0xe
 244 0005 13       		.uleb128 0x13
 245 0006 0B       		.uleb128 0xb
 246 0007 03       		.uleb128 0x3
 247 0008 0E       		.uleb128 0xe
 248 0009 1B       		.uleb128 0x1b
 249 000a 0E       		.uleb128 0xe
 250 000b 55       		.uleb128 0x55
 251 000c 17       		.uleb128 0x17
 252 000d 11       		.uleb128 0x11
 253 000e 01       		.uleb128 0x1
 254 000f 10       		.uleb128 0x10
 255 0010 17       		.uleb128 0x17
 256 0011 00       		.byte	0
 257 0012 00       		.byte	0
 258 0013 02       		.uleb128 0x2
 259 0014 24       		.uleb128 0x24
 260 0015 00       		.byte	0
 261 0016 0B       		.uleb128 0xb
 262 0017 0B       		.uleb128 0xb
 263 0018 3E       		.uleb128 0x3e
 264 0019 0B       		.uleb128 0xb
 265 001a 03       		.uleb128 0x3
 266 001b 0E       		.uleb128 0xe
 267 001c 00       		.byte	0
 268 001d 00       		.byte	0
 269 001e 03       		.uleb128 0x3
 270 001f 16       		.uleb128 0x16
 271 0020 00       		.byte	0
 272 0021 03       		.uleb128 0x3
 273 0022 0E       		.uleb128 0xe
 274 0023 3A       		.uleb128 0x3a
 275 0024 0B       		.uleb128 0xb
 276 0025 3B       		.uleb128 0x3b
 277 0026 0B       		.uleb128 0xb
 278 0027 49       		.uleb128 0x49
 279 0028 13       		.uleb128 0x13
 280 0029 00       		.byte	0
 281 002a 00       		.byte	0
 282 002b 04       		.uleb128 0x4
 283 002c 24       		.uleb128 0x24
 284 002d 00       		.byte	0
 285 002e 0B       		.uleb128 0xb
 286 002f 0B       		.uleb128 0xb
 287 0030 3E       		.uleb128 0x3e
 288 0031 0B       		.uleb128 0xb
 289 0032 03       		.uleb128 0x3
 290 0033 08       		.uleb128 0x8
 291 0034 00       		.byte	0
 292 0035 00       		.byte	0
 293 0036 05       		.uleb128 0x5
 294 0037 16       		.uleb128 0x16
 295 0038 00       		.byte	0
 296 0039 03       		.uleb128 0x3
 297 003a 0E       		.uleb128 0xe
ARM GAS  C:\Users\kingi\AppData\Local\Temp\ccZ0JRcD.s 			page 8


 298 003b 3A       		.uleb128 0x3a
 299 003c 0B       		.uleb128 0xb
 300 003d 3B       		.uleb128 0x3b
 301 003e 05       		.uleb128 0x5
 302 003f 49       		.uleb128 0x49
 303 0040 13       		.uleb128 0x13
 304 0041 00       		.byte	0
 305 0042 00       		.byte	0
 306 0043 06       		.uleb128 0x6
 307 0044 2E       		.uleb128 0x2e
 308 0045 01       		.byte	0x1
 309 0046 3F       		.uleb128 0x3f
 310 0047 19       		.uleb128 0x19
 311 0048 03       		.uleb128 0x3
 312 0049 0E       		.uleb128 0xe
 313 004a 3A       		.uleb128 0x3a
 314 004b 0B       		.uleb128 0xb
 315 004c 3B       		.uleb128 0x3b
 316 004d 0B       		.uleb128 0xb
 317 004e 49       		.uleb128 0x49
 318 004f 13       		.uleb128 0x13
 319 0050 11       		.uleb128 0x11
 320 0051 01       		.uleb128 0x1
 321 0052 12       		.uleb128 0x12
 322 0053 06       		.uleb128 0x6
 323 0054 40       		.uleb128 0x40
 324 0055 18       		.uleb128 0x18
 325 0056 9642     		.uleb128 0x2116
 326 0058 19       		.uleb128 0x19
 327 0059 01       		.uleb128 0x1
 328 005a 13       		.uleb128 0x13
 329 005b 00       		.byte	0
 330 005c 00       		.byte	0
 331 005d 07       		.uleb128 0x7
 332 005e 0B       		.uleb128 0xb
 333 005f 01       		.byte	0x1
 334 0060 11       		.uleb128 0x11
 335 0061 01       		.uleb128 0x1
 336 0062 12       		.uleb128 0x12
 337 0063 06       		.uleb128 0x6
 338 0064 00       		.byte	0
 339 0065 00       		.byte	0
 340 0066 08       		.uleb128 0x8
 341 0067 34       		.uleb128 0x34
 342 0068 00       		.byte	0
 343 0069 03       		.uleb128 0x3
 344 006a 08       		.uleb128 0x8
 345 006b 3A       		.uleb128 0x3a
 346 006c 0B       		.uleb128 0xb
 347 006d 3B       		.uleb128 0x3b
 348 006e 0B       		.uleb128 0xb
 349 006f 49       		.uleb128 0x49
 350 0070 13       		.uleb128 0x13
 351 0071 02       		.uleb128 0x2
 352 0072 18       		.uleb128 0x18
 353 0073 00       		.byte	0
 354 0074 00       		.byte	0
ARM GAS  C:\Users\kingi\AppData\Local\Temp\ccZ0JRcD.s 			page 9


 355 0075 09       		.uleb128 0x9
 356 0076 34       		.uleb128 0x34
 357 0077 00       		.byte	0
 358 0078 03       		.uleb128 0x3
 359 0079 0E       		.uleb128 0xe
 360 007a 3A       		.uleb128 0x3a
 361 007b 0B       		.uleb128 0xb
 362 007c 3B       		.uleb128 0x3b
 363 007d 05       		.uleb128 0x5
 364 007e 49       		.uleb128 0x49
 365 007f 13       		.uleb128 0x13
 366 0080 3F       		.uleb128 0x3f
 367 0081 19       		.uleb128 0x19
 368 0082 3C       		.uleb128 0x3c
 369 0083 19       		.uleb128 0x19
 370 0084 00       		.byte	0
 371 0085 00       		.byte	0
 372 0086 0A       		.uleb128 0xa
 373 0087 35       		.uleb128 0x35
 374 0088 00       		.byte	0
 375 0089 49       		.uleb128 0x49
 376 008a 13       		.uleb128 0x13
 377 008b 00       		.byte	0
 378 008c 00       		.byte	0
 379 008d 00       		.byte	0
 380              		.section	.debug_aranges,"",%progbits
 381 0000 1C000000 		.4byte	0x1c
 382 0004 0200     		.2byte	0x2
 383 0006 00000000 		.4byte	.Ldebug_info0
 384 000a 04       		.byte	0x4
 385 000b 00       		.byte	0
 386 000c 0000     		.2byte	0
 387 000e 0000     		.2byte	0
 388 0010 00000000 		.4byte	.LFB63
 389 0014 84000000 		.4byte	.LFE63-.LFB63
 390 0018 00000000 		.4byte	0
 391 001c 00000000 		.4byte	0
 392              		.section	.debug_ranges,"",%progbits
 393              	.Ldebug_ranges0:
 394 0000 00000000 		.4byte	.LFB63
 395 0004 84000000 		.4byte	.LFE63
 396 0008 00000000 		.4byte	0
 397 000c 00000000 		.4byte	0
 398              		.section	.debug_line,"",%progbits
 399              	.Ldebug_line0:
 400 0000 82010000 		.section	.debug_str,"MS",%progbits,1
 400      02004901 
 400      00000201 
 400      FB0E0D00 
 400      01010101 
 401              	.LASF6:
 402 0000 6C6F6E67 		.ascii	"long long int\000"
 402      206C6F6E 
 402      6720696E 
 402      7400
 403              	.LASF3:
 404 000e 73686F72 		.ascii	"short unsigned int\000"
ARM GAS  C:\Users\kingi\AppData\Local\Temp\ccZ0JRcD.s 			page 10


 404      7420756E 
 404      7369676E 
 404      65642069 
 404      6E7400
 405              	.LASF8:
 406 0021 756E7369 		.ascii	"unsigned int\000"
 406      676E6564 
 406      20696E74 
 406      00
 407              	.LASF19:
 408 002e 6D61696E 		.ascii	"main\000"
 408      00
 409              	.LASF11:
 410 0033 75696E74 		.ascii	"uint8\000"
 410      3800
 411              	.LASF5:
 412 0039 6C6F6E67 		.ascii	"long unsigned int\000"
 412      20756E73 
 412      69676E65 
 412      6420696E 
 412      7400
 413              	.LASF17:
 414 004b 2E5C6D61 		.ascii	".\\main.c\000"
 414      696E2E63 
 414      00
 415              	.LASF7:
 416 0054 6C6F6E67 		.ascii	"long long unsigned int\000"
 416      206C6F6E 
 416      6720756E 
 416      7369676E 
 416      65642069 
 417              	.LASF1:
 418 006b 756E7369 		.ascii	"unsigned char\000"
 418      676E6564 
 418      20636861 
 418      7200
 419              	.LASF14:
 420 0079 63686172 		.ascii	"char\000"
 420      00
 421              	.LASF4:
 422 007e 6C6F6E67 		.ascii	"long int\000"
 422      20696E74 
 422      00
 423              	.LASF16:
 424 0087 474E5520 		.ascii	"GNU C 4.9.3 20150303 (release) [ARM/embedded-4_9-br"
 424      4320342E 
 424      392E3320 
 424      32303135 
 424      30333033 
 425 00ba 616E6368 		.ascii	"anch revision 221220] -mcpu=cortex-m3 -mthumb -g -O"
 425      20726576 
 425      6973696F 
 425      6E203232 
 425      31323230 
 426 00ed 30202D66 		.ascii	"0 -ffunction-sections -ffat-lto-objects\000"
 426      66756E63 
 426      74696F6E 
ARM GAS  C:\Users\kingi\AppData\Local\Temp\ccZ0JRcD.s 			page 11


 426      2D736563 
 426      74696F6E 
 427              	.LASF18:
 428 0115 443A5C50 		.ascii	"D:\\Projects\\ESD\\Servo\\Workspace\\Servo.cydsn\000"
 428      726F6A65 
 428      6374735C 
 428      4553445C 
 428      53657276 
 429              	.LASF13:
 430 0141 646F7562 		.ascii	"double\000"
 430      6C6500
 431              	.LASF20:
 432 0148 49544D5F 		.ascii	"ITM_RxBuffer\000"
 432      52784275 
 432      66666572 
 432      00
 433              	.LASF0:
 434 0155 7369676E 		.ascii	"signed char\000"
 434      65642063 
 434      68617200 
 435              	.LASF9:
 436 0161 5F5F696E 		.ascii	"__int32_t\000"
 436      7433325F 
 436      7400
 437              	.LASF12:
 438 016b 666C6F61 		.ascii	"float\000"
 438      7400
 439              	.LASF2:
 440 0171 73686F72 		.ascii	"short int\000"
 440      7420696E 
 440      7400
 441              	.LASF10:
 442 017b 696E7433 		.ascii	"int32_t\000"
 442      325F7400 
 443              	.LASF15:
 444 0183 73697A65 		.ascii	"sizetype\000"
 444      74797065 
 444      00
 445              		.ident	"GCC: (GNU Tools for ARM Embedded Processors) 4.9.3 20150303 (release) [ARM/embedded-4_9-br
